Archive member included to satisfy reference by file (symbol)

d:/stm32cubeide_1.12.0/stm32cubeide/plugins/com.st.stm32cube.ide.mcu.externaltools.gnu-tools-for-stm32.10.3-2021.10.win32_1.0.200.202301161003/tools/bin/../lib/gcc/arm-none-eabi/10.3.1/../../../../arm-none-eabi/lib/thumb/v7-m/nofp\libc_nano.a(lib_a-errno.o)
                              ./Core/Src/syscalls.o (__errno)
d:/stm32cubeide_1.12.0/stm32cubeide/plugins/com.st.stm32cube.ide.mcu.externaltools.gnu-tools-for-stm32.10.3-2021.10.win32_1.0.200.202301161003/tools/bin/../lib/gcc/arm-none-eabi/10.3.1/../../../../arm-none-eabi/lib/thumb/v7-m/nofp\libc_nano.a(lib_a-exit.o)
                              d:/stm32cubeide_1.12.0/stm32cubeide/plugins/com.st.stm32cube.ide.mcu.externaltools.gnu-tools-for-stm32.10.3-2021.10.win32_1.0.200.202301161003/tools/bin/../lib/gcc/arm-none-eabi/10.3.1/../../../../arm-none-eabi/lib/thumb/v7-m/nofp/crt0.o (exit)
d:/stm32cubeide_1.12.0/stm32cubeide/plugins/com.st.stm32cube.ide.mcu.externaltools.gnu-tools-for-stm32.10.3-2021.10.win32_1.0.200.202301161003/tools/bin/../lib/gcc/arm-none-eabi/10.3.1/../../../../arm-none-eabi/lib/thumb/v7-m/nofp\libc_nano.a(lib_a-impure.o)
                              d:/stm32cubeide_1.12.0/stm32cubeide/plugins/com.st.stm32cube.ide.mcu.externaltools.gnu-tools-for-stm32.10.3-2021.10.win32_1.0.200.202301161003/tools/bin/../lib/gcc/arm-none-eabi/10.3.1/../../../../arm-none-eabi/lib/thumb/v7-m/nofp\libc_nano.a(lib_a-exit.o) (_global_impure_ptr)
d:/stm32cubeide_1.12.0/stm32cubeide/plugins/com.st.stm32cube.ide.mcu.externaltools.gnu-tools-for-stm32.10.3-2021.10.win32_1.0.200.202301161003/tools/bin/../lib/gcc/arm-none-eabi/10.3.1/../../../../arm-none-eabi/lib/thumb/v7-m/nofp\libc_nano.a(lib_a-init.o)
                              d:/stm32cubeide_1.12.0/stm32cubeide/plugins/com.st.stm32cube.ide.mcu.externaltools.gnu-tools-for-stm32.10.3-2021.10.win32_1.0.200.202301161003/tools/bin/../lib/gcc/arm-none-eabi/10.3.1/../../../../arm-none-eabi/lib/thumb/v7-m/nofp/crt0.o (__libc_init_array)
d:/stm32cubeide_1.12.0/stm32cubeide/plugins/com.st.stm32cube.ide.mcu.externaltools.gnu-tools-for-stm32.10.3-2021.10.win32_1.0.200.202301161003/tools/bin/../lib/gcc/arm-none-eabi/10.3.1/../../../../arm-none-eabi/lib/thumb/v7-m/nofp\libc_nano.a(lib_a-memset.o)
                              d:/stm32cubeide_1.12.0/stm32cubeide/plugins/com.st.stm32cube.ide.mcu.externaltools.gnu-tools-for-stm32.10.3-2021.10.win32_1.0.200.202301161003/tools/bin/../lib/gcc/arm-none-eabi/10.3.1/../../../../arm-none-eabi/lib/thumb/v7-m/nofp/crt0.o (memset)

Discarded input sections

 .text          0x0000000000000000        0x0 d:/stm32cubeide_1.12.0/stm32cubeide/plugins/com.st.stm32cube.ide.mcu.externaltools.gnu-tools-for-stm32.10.3-2021.10.win32_1.0.200.202301161003/tools/bin/../lib/gcc/arm-none-eabi/10.3.1/thumb/v7-m/nofp/crti.o
 .data          0x0000000000000000        0x0 d:/stm32cubeide_1.12.0/stm32cubeide/plugins/com.st.stm32cube.ide.mcu.externaltools.gnu-tools-for-stm32.10.3-2021.10.win32_1.0.200.202301161003/tools/bin/../lib/gcc/arm-none-eabi/10.3.1/thumb/v7-m/nofp/crti.o
 .bss           0x0000000000000000        0x0 d:/stm32cubeide_1.12.0/stm32cubeide/plugins/com.st.stm32cube.ide.mcu.externaltools.gnu-tools-for-stm32.10.3-2021.10.win32_1.0.200.202301161003/tools/bin/../lib/gcc/arm-none-eabi/10.3.1/thumb/v7-m/nofp/crti.o
 .data          0x0000000000000000        0x4 d:/stm32cubeide_1.12.0/stm32cubeide/plugins/com.st.stm32cube.ide.mcu.externaltools.gnu-tools-for-stm32.10.3-2021.10.win32_1.0.200.202301161003/tools/bin/../lib/gcc/arm-none-eabi/10.3.1/thumb/v7-m/nofp/crtbegin.o
 .rodata        0x0000000000000000       0x24 d:/stm32cubeide_1.12.0/stm32cubeide/plugins/com.st.stm32cube.ide.mcu.externaltools.gnu-tools-for-stm32.10.3-2021.10.win32_1.0.200.202301161003/tools/bin/../lib/gcc/arm-none-eabi/10.3.1/thumb/v7-m/nofp/crtbegin.o
 .text          0x0000000000000000       0x7c d:/stm32cubeide_1.12.0/stm32cubeide/plugins/com.st.stm32cube.ide.mcu.externaltools.gnu-tools-for-stm32.10.3-2021.10.win32_1.0.200.202301161003/tools/bin/../lib/gcc/arm-none-eabi/10.3.1/../../../../arm-none-eabi/lib/thumb/v7-m/nofp/crt0.o
 .data          0x0000000000000000        0x0 d:/stm32cubeide_1.12.0/stm32cubeide/plugins/com.st.stm32cube.ide.mcu.externaltools.gnu-tools-for-stm32.10.3-2021.10.win32_1.0.200.202301161003/tools/bin/../lib/gcc/arm-none-eabi/10.3.1/../../../../arm-none-eabi/lib/thumb/v7-m/nofp/crt0.o
 .bss           0x0000000000000000        0x0 d:/stm32cubeide_1.12.0/stm32cubeide/plugins/com.st.stm32cube.ide.mcu.externaltools.gnu-tools-for-stm32.10.3-2021.10.win32_1.0.200.202301161003/tools/bin/../lib/gcc/arm-none-eabi/10.3.1/../../../../arm-none-eabi/lib/thumb/v7-m/nofp/crt0.o
[...]
Memory Configuration

Name             Origin             Length             Attributes
RAM              0x0000000020000000 0x0000000000002800 xrw
FLASH            0x0000000008000000 0x0000000000008000 xr
*default*        0x0000000000000000 0xffffffffffffffff

Linker script and memory map

LOAD d:/stm32cubeide_1.12.0/stm32cubeide/plugins/com.st.stm32cube.ide.mcu.externaltools.gnu-tools-for-stm32.10.3-2021.10.win32_1.0.200.202301161003/tools/bin/../lib/gcc/arm-none-eabi/10.3.1/thumb/v7-m/nofp/crti.o
LOAD d:/stm32cubeide_1.12.0/stm32cubeide/plugins/com.st.stm32cube.ide.mcu.externaltools.gnu-tools-for-stm32.10.3-2021.10.win32_1.0.200.202301161003/tools/bin/../lib/gcc/arm-none-eabi/10.3.1/thumb/v7-m/nofp/crtbegin.o
LOAD d:/stm32cubeide_1.12.0/stm32cubeide/plugins/com.st.stm32cube.ide.mcu.externaltools.gnu-tools-for-stm32.10.3-2021.10.win32_1.0.200.202301161003/tools/bin/../lib/gcc/arm-none-eabi/10.3.1/../../../../arm-none-eabi/lib/thumb/v7-m/nofp/crt0.o
LOAD ./Core/Src/NRF24L01.o
LOAD ./Core/Src/main.o
LOAD ./Core/Src/stm32f1xx_hal_msp.o
LOAD ./Core/Src/stm32f1xx_it.o
LOAD ./Core/Src/syscalls.o
LOAD ./Core/Src/sysmem.o
LOAD ./Core/Src/system_stm32f1xx.o
LOAD ./Core/Startup/startup_stm32f103c6tx.o
LOAD ./Drivers/STM32F1xx_HAL_Driver/Src/stm32f1xx_hal.o
LOAD ./Drivers/STM32F1xx_HAL_Driver/Src/stm32f1xx_hal_cortex.o
LOAD ./Drivers/STM32F1xx_HAL_Driver/Src/stm32f1xx_hal_dma.o
LOAD ./Drivers/STM32F1xx_HAL_Driver/Src/stm32f1xx_hal_exti.o
LOAD ./Drivers/STM32F1xx_HAL_Driver/Src/stm32f1xx_hal_flash.o
LOAD ./Drivers/STM32F1xx_HAL_Driver/Src/stm32f1xx_hal_flash_ex.o
LOAD ./Drivers/STM32F1xx_HAL_Driver/Src/stm32f1xx_hal_gpio.o
LOAD ./Drivers/STM32F1xx_HAL_Driver/Src/stm32f1xx_hal_gpio_ex.o
LOAD ./Drivers/STM32F1xx_HAL_Driver/Src/stm32f1xx_hal_pwr.o
LOAD ./Drivers/STM32F1xx_HAL_Driver/Src/stm32f1xx_hal_rcc.o
LOAD ./Drivers/STM32F1xx_HAL_Driver/Src/stm32f1xx_hal_rcc_ex.o
LOAD ./Drivers/STM32F1xx_HAL_Driver/Src/stm32f1xx_hal_spi.o
LOAD ./Drivers/STM32F1xx_HAL_Driver/Src/stm32f1xx_hal_uart.o
START GROUP
LOAD d:/stm32cubeide_1.12.0/stm32cubeide/plugins/com.st.stm32cube.ide.mcu.externaltools.gnu-tools-for-stm32.10.3-2021.10.win32_1.0.200.202301161003/tools/bin/../lib/gcc/arm-none-eabi/10.3.1/../../../../arm-none-eabi/lib/thumb/v7-m/nofp\libc_nano.a
LOAD d:/stm32cubeide_1.12.0/stm32cubeide/plugins/com.st.stm32cube.ide.mcu.externaltools.gnu-tools-for-stm32.10.3-2021.10.win32_1.0.200.202301161003/tools/bin/../lib/gcc/arm-none-eabi/10.3.1/../../../../arm-none-eabi/lib/thumb/v7-m/nofp\libm.a
END GROUP
START GROUP
LOAD d:/stm32cubeide_1.12.0/stm32cubeide/plugins/com.st.stm32cube.ide.mcu.externaltools.gnu-tools-for-stm32.10.3-2021.10.win32_1.0.200.202301161003/tools/bin/../lib/gcc/arm-none-eabi/10.3.1/thumb/v7-m/nofp\libgcc.a
LOAD d:/stm32cubeide_1.12.0/stm32cubeide/plugins/com.st.stm32cube.ide.mcu.externaltools.gnu-tools-for-stm32.10.3-2021.10.win32_1.0.200.202301161003/tools/bin/../lib/gcc/arm-none-eabi/10.3.1/../../../../arm-none-eabi/lib/thumb/v7-m/nofp\libc_nano.a
END GROUP
START GROUP
LOAD d:/stm32cubeide_1.12.0/stm32cubeide/plugins/com.st.stm32cube.ide.mcu.externaltools.gnu-tools-for-stm32.10.3-2021.10.win32_1.0.200.202301161003/tools/bin/../lib/gcc/arm-none-eabi/10.3.1/thumb/v7-m/nofp\libgcc.a
LOAD d:/stm32cubeide_1.12.0/stm32cubeide/plugins/com.st.stm32cube.ide.mcu.externaltools.gnu-tools-for-stm32.10.3-2021.10.win32_1.0.200.202301161003/tools/bin/../lib/gcc/arm-none-eabi/10.3.1/../../../../arm-none-eabi/lib/thumb/v7-m/nofp\libc_nano.a
LOAD d:/stm32cubeide_1.12.0/stm32cubeide/plugins/com.st.stm32cube.ide.mcu.externaltools.gnu-tools-for-stm32.10.3-2021.10.win32_1.0.200.202301161003/tools/bin/../lib/gcc/arm-none-eabi/10.3.1/../../../../arm-none-eabi/lib/thumb/v7-m/nofp\libnosys.a
END GROUP
START GROUP
LOAD d:/stm32cubeide_1.12.0/stm32cubeide/plugins/com.st.stm32cube.ide.mcu.externaltools.gnu-tools-for-stm32.10.3-2021.10.win32_1.0.200.202301161003/tools/bin/../lib/gcc/arm-none-eabi/10.3.1/thumb/v7-m/nofp\libgcc.a
LOAD d:/stm32cubeide_1.12.0/stm32cubeide/plugins/com.st.stm32cube.ide.mcu.externaltools.gnu-tools-for-stm32.10.3-2021.10.win32_1.0.200.202301161003/tools/bin/../lib/gcc/arm-none-eabi/10.3.1/../../../../arm-none-eabi/lib/thumb/v7-m/nofp\libc_nano.a
LOAD d:/stm32cubeide_1.12.0/stm32cubeide/plugins/com.st.stm32cube.ide.mcu.externaltools.gnu-tools-for-stm32.10.3-2021.10.win32_1.0.200.202301161003/tools/bin/../lib/gcc/arm-none-eabi/10.3.1/../../../../arm-none-eabi/lib/thumb/v7-m/nofp\libnosys.a
END GROUP
LOAD d:/stm32cubeide_1.12.0/stm32cubeide/plugins/com.st.stm32cube.ide.mcu.externaltools.gnu-tools-for-stm32.10.3-2021.10.win32_1.0.200.202301161003/tools/bin/../lib/gcc/arm-none-eabi/10.3.1/thumb/v7-m/nofp/crtend.o
LOAD d:/stm32cubeide_1.12.0/stm32cubeide/plugins/com.st.stm32cube.ide.mcu.externaltools.gnu-tools-for-stm32.10.3-2021.10.win32_1.0.200.202301161003/tools/bin/../lib/gcc/arm-none-eabi/10.3.1/thumb/v7-m/nofp/crtn.o
                0x0000000020002800                _estack = (ORIGIN (RAM) + LENGTH (RAM))
                0x0000000000000200                _Min_Heap_Size = 0x200
                0x0000000000000400                _Min_Stack_Size = 0x400

.isr_vector     0x0000000008000000      0x10c
                0x0000000008000000                . = ALIGN (0x4)
 *(.isr_vector)
 .isr_vector    0x0000000008000000      0x10c ./Core/Startup/startup_stm32f103c6tx.o
                0x0000000008000000                g_pfnVectors
                0x000000000800010c                . = ALIGN (0x4)

.text           0x000000000800010c     0x240c
                0x000000000800010c                . = ALIGN (0x4)
 *(.text)
 .text          0x000000000800010c       0x40 d:/stm32cubeide_1.12.0/stm32cubeide/plugins/com.st.stm32cube.ide.mcu.externaltools.gnu-tools-for-stm32.10.3-2021.10.win32_1.0.200.202301161003/tools/bin/../lib/gcc/arm-none-eabi/10.3.1/thumb/v7-m/nofp/crtbegin.o
 *(.text*)
 .text.CS_Select
                0x000000000800014c       0x18 ./Core/Src/NRF24L01.o
                0x000000000800014c                CS_Select
 .text.CS_UnSelect
                0x0000000008000164       0x18 ./Core/Src/NRF24L01.o
                0x0000000008000164                CS_UnSelect
 .text.CE_Enable
                0x000000000800017c       0x18 ./Core/Src/NRF24L01.o
                0x000000000800017c                CE_Enable
 .text.CE_Disable
                0x0000000008000194       0x18 ./Core/Src/NRF24L01.o
                0x0000000008000194                CE_Disable
 .text.nrf24_WriteReg
                0x00000000080001ac       0x44 ./Core/Src/NRF24L01.o
                0x00000000080001ac                nrf24_WriteReg
 .text.nrf24_WriteRegMulti
                0x00000000080001f0       0x4c ./Core/Src/NRF24L01.o
                0x00000000080001f0                nrf24_WriteRegMulti
 .text.nrf24_ReadReg
                0x000000000800023c       0x40 ./Core/Src/NRF24L01.o
                0x000000000800023c                nrf24_ReadReg
 .text.nrfsendCmd
                0x000000000800027c       0x2c ./Core/Src/NRF24L01.o
                0x000000000800027c                nrfsendCmd
 .text.nrf24_reset
                0x00000000080002a8      0x14c ./Core/Src/NRF24L01.o
                0x00000000080002a8                nrf24_reset
 .text.NRF24_Init
                0x00000000080003f4       0x4e ./Core/Src/NRF24L01.o
                0x00000000080003f4                NRF24_Init
 .text.NRF24_TxMode
                0x0000000008000442       0x4c ./Core/Src/NRF24L01.o
                0x0000000008000442                NRF24_TxMode
 *fill*         0x000000000800048e        0x2 
 .text.NRF24_Transmit
                0x0000000008000490       0x7c ./Core/Src/NRF24L01.o
                0x0000000008000490                NRF24_Transmit
 .text.main     0x000000000800050c       0x50 ./Core/Src/main.o
                0x000000000800050c                main
 .text.SystemClock_Config
                0x000000000800055c       0x8a ./Core/Src/main.o
                0x000000000800055c                SystemClock_Config
 *fill*         0x00000000080005e6        0x2 
 .text.MX_SPI1_Init
                0x00000000080005e8       0x6c ./Core/Src/main.o
 .text.MX_USART2_UART_Init
                0x0000000008000654       0x54 ./Core/Src/main.o
 .text.MX_GPIO_Init
                0x00000000080006a8       0xc4 ./Core/Src/main.o
 .text.Error_Handler
                0x000000000800076c        0xa ./Core/Src/main.o
                0x000000000800076c                Error_Handler
 *fill*         0x0000000008000776        0x2 
 .text.HAL_MspInit
                0x0000000008000778       0x44 ./Core/Src/stm32f1xx_hal_msp.o
                0x0000000008000778                HAL_MspInit
 .text.HAL_SPI_MspInit
                0x00000000080007bc       0x94 ./Core/Src/stm32f1xx_hal_msp.o
                0x00000000080007bc                HAL_SPI_MspInit
 .text.HAL_UART_MspInit
                0x0000000008000850       0x94 ./Core/Src/stm32f1xx_hal_msp.o
                0x0000000008000850                HAL_UART_MspInit
 .text.NMI_Handler
                0x00000000080008e4        0x6 ./Core/Src/stm32f1xx_it.o
                0x00000000080008e4                NMI_Handler
 .text.HardFault_Handler
                0x00000000080008ea        0x6 ./Core/Src/stm32f1xx_it.o
                0x00000000080008ea                HardFault_Handler
 .text.MemManage_Handler
                0x00000000080008f0        0x6 ./Core/Src/stm32f1xx_it.o
                0x00000000080008f0                MemManage_Handler
 .text.BusFault_Handler
                0x00000000080008f6        0x6 ./Core/Src/stm32f1xx_it.o
                0x00000000080008f6                BusFault_Handler
 .text.UsageFault_Handler
                0x00000000080008fc        0x6 ./Core/Src/stm32f1xx_it.o
                0x00000000080008fc                UsageFault_Handler
 .text.SVC_Handler
                0x0000000008000902        0xc ./Core/Src/stm32f1xx_it.o
                0x0000000008000902                SVC_Handler
 .text.DebugMon_Handler
                0x000000000800090e        0xc ./Core/Src/stm32f1xx_it.o
                0x000000000800090e                DebugMon_Handler
 .text.PendSV_Handler
                0x000000000800091a        0xc ./Core/Src/stm32f1xx_it.o
                0x000000000800091a                PendSV_Handler
 .text.SysTick_Handler
                0x0000000008000926        0xc ./Core/Src/stm32f1xx_it.o
                0x0000000008000926                SysTick_Handler
 .text.SystemInit
                0x0000000008000932        0xc ./Core/Src/system_stm32f1xx.o
                0x0000000008000932                SystemInit
 *fill*         0x000000000800093e        0x2 
 .text.Reset_Handler
                0x0000000008000940       0x48 ./Core/Startup/startup_stm32f103c6tx.o
                0x0000000008000940                Reset_Handler
 .text.Default_Handler
                0x0000000008000988        0x2 ./Core/Startup/startup_stm32f103c6tx.o
                0x0000000008000988                RTC_Alarm_IRQHandler
                0x0000000008000988                EXTI2_IRQHandler
                0x0000000008000988                TIM1_CC_IRQHandler
                0x0000000008000988                PVD_IRQHandler
                0x0000000008000988                EXTI3_IRQHandler
                0x0000000008000988                EXTI0_IRQHandler
                0x0000000008000988                ADC1_2_IRQHandler
                0x0000000008000988                SPI1_IRQHandler
                0x0000000008000988                TAMPER_IRQHandler
                0x0000000008000988                DMA1_Channel4_IRQHandler
                0x0000000008000988                RTC_IRQHandler
                0x0000000008000988                DMA1_Channel7_IRQHandler
                0x0000000008000988                CAN1_RX1_IRQHandler
                0x0000000008000988                I2C1_EV_IRQHandler
                0x0000000008000988                DMA1_Channel6_IRQHandler
                0x0000000008000988                TIM3_IRQHandler
                0x0000000008000988                RCC_IRQHandler
                0x0000000008000988                TIM1_TRG_COM_IRQHandler
                0x0000000008000988                DMA1_Channel1_IRQHandler
                0x0000000008000988                Default_Handler
                0x0000000008000988                EXTI15_10_IRQHandler
                0x0000000008000988                EXTI9_5_IRQHandler
                0x0000000008000988                DMA1_Channel5_IRQHandler
                0x0000000008000988                EXTI4_IRQHandler
                0x0000000008000988                USB_LP_CAN1_RX0_IRQHandler
                0x0000000008000988                USB_HP_CAN1_TX_IRQHandler
                0x0000000008000988                DMA1_Channel3_IRQHandler
                0x0000000008000988                TIM1_UP_IRQHandler
                0x0000000008000988                WWDG_IRQHandler
                0x0000000008000988                TIM2_IRQHandler
                0x0000000008000988                TIM1_BRK_IRQHandler
                0x0000000008000988                EXTI1_IRQHandler
                0x0000000008000988                USART2_IRQHandler
                0x0000000008000988                DMA1_Channel2_IRQHandler
                0x0000000008000988                CAN1_SCE_IRQHandler
                0x0000000008000988                FLASH_IRQHandler
                0x0000000008000988                USART1_IRQHandler
                0x0000000008000988                I2C1_ER_IRQHandler
                0x0000000008000988                USBWakeUp_IRQHandler
 *fill*         0x000000000800098a        0x2 
 .text.HAL_Init
                0x000000000800098c       0x2c ./Drivers/STM32F1xx_HAL_Driver/Src/stm32f1xx_hal.o
                0x000000000800098c                HAL_Init
 .text.HAL_InitTick
                0x00000000080009b8       0x60 ./Drivers/STM32F1xx_HAL_Driver/Src/stm32f1xx_hal.o
                0x00000000080009b8                HAL_InitTick
 .text.HAL_IncTick
                0x0000000008000a18       0x24 ./Drivers/STM32F1xx_HAL_Driver/Src/stm32f1xx_hal.o
                0x0000000008000a18                HAL_IncTick
 .text.HAL_GetTick
                0x0000000008000a3c       0x14 ./Drivers/STM32F1xx_HAL_Driver/Src/stm32f1xx_hal.o
                0x0000000008000a3c                HAL_GetTick
 .text.HAL_Delay
                0x0000000008000a50       0x48 ./Drivers/STM32F1xx_HAL_Driver/Src/stm32f1xx_hal.o
                0x0000000008000a50                HAL_Delay
 .text.__NVIC_SetPriorityGrouping
                0x0000000008000a98       0x48 ./Drivers/STM32F1xx_HAL_Driver/Src/stm32f1xx_hal_cortex.o
 .text.__NVIC_GetPriorityGrouping
                0x0000000008000ae0       0x1c ./Drivers/STM32F1xx_HAL_Driver/Src/stm32f1xx_hal_cortex.o
 .text.__NVIC_SetPriority
                0x0000000008000afc       0x54 ./Drivers/STM32F1xx_HAL_Driver/Src/stm32f1xx_hal_cortex.o
 .text.NVIC_EncodePriority
                0x0000000008000b50       0x64 ./Drivers/STM32F1xx_HAL_Driver/Src/stm32f1xx_hal_cortex.o
 .text.SysTick_Config
                0x0000000008000bb4       0x44 ./Drivers/STM32F1xx_HAL_Driver/Src/stm32f1xx_hal_cortex.o
 .text.HAL_NVIC_SetPriorityGrouping
                0x0000000008000bf8       0x16 ./Drivers/STM32F1xx_HAL_Driver/Src/stm32f1xx_hal_cortex.o
                0x0000000008000bf8                HAL_NVIC_SetPriorityGrouping
 .text.HAL_NVIC_SetPriority
                0x0000000008000c0e       0x38 ./Drivers/STM32F1xx_HAL_Driver/Src/stm32f1xx_hal_cortex.o
                0x0000000008000c0e                HAL_NVIC_SetPriority
 .text.HAL_SYSTICK_Config
                0x0000000008000c46       0x18 ./Drivers/STM32F1xx_HAL_Driver/Src/stm32f1xx_hal_cortex.o
                0x0000000008000c46                HAL_SYSTICK_Config
 *fill*         0x0000000008000c5e        0x2 
 .text.HAL_GPIO_Init
                0x0000000008000c60      0x2f8 ./Drivers/STM32F1xx_HAL_Driver/Src/stm32f1xx_hal_gpio.o
                0x0000000008000c60                HAL_GPIO_Init
 .text.HAL_GPIO_WritePin
                0x0000000008000f58       0x30 ./Drivers/STM32F1xx_HAL_Driver/Src/stm32f1xx_hal_gpio.o
                0x0000000008000f58                HAL_GPIO_WritePin
 .text.HAL_GPIO_TogglePin
                0x0000000008000f88       0x32 ./Drivers/STM32F1xx_HAL_Driver/Src/stm32f1xx_hal_gpio.o
                0x0000000008000f88                HAL_GPIO_TogglePin
 *fill*         0x0000000008000fba        0x2 
 .text.HAL_RCC_OscConfig
                0x0000000008000fbc      0x504 ./Drivers/STM32F1xx_HAL_Driver/Src/stm32f1xx_hal_rcc.o
                0x0000000008000fbc                HAL_RCC_OscConfig
 .text.HAL_RCC_ClockConfig
                0x00000000080014c0      0x1d4 ./Drivers/STM32F1xx_HAL_Driver/Src/stm32f1xx_hal_rcc.o
                0x00000000080014c0                HAL_RCC_ClockConfig
 .text.HAL_RCC_GetSysClockFreq
                0x0000000008001694       0xa8 ./Drivers/STM32F1xx_HAL_Driver/Src/stm32f1xx_hal_rcc.o
                0x0000000008001694                HAL_RCC_GetSysClockFreq
 .text.HAL_RCC_GetHCLKFreq
                0x000000000800173c       0x14 ./Drivers/STM32F1xx_HAL_Driver/Src/stm32f1xx_hal_rcc.o
                0x000000000800173c                HAL_RCC_GetHCLKFreq
 .text.HAL_RCC_GetPCLK1Freq
                0x0000000008001750       0x28 ./Drivers/STM32F1xx_HAL_Driver/Src/stm32f1xx_hal_rcc.o
                0x0000000008001750                HAL_RCC_GetPCLK1Freq
 .text.HAL_RCC_GetPCLK2Freq
                0x0000000008001778       0x28 ./Drivers/STM32F1xx_HAL_Driver/Src/stm32f1xx_hal_rcc.o
                0x0000000008001778                HAL_RCC_GetPCLK2Freq
 .text.RCC_Delay
                0x00000000080017a0       0x3c ./Drivers/STM32F1xx_HAL_Driver/Src/stm32f1xx_hal_rcc.o
 .text.HAL_SPI_Init
                0x00000000080017dc      0x108 ./Drivers/STM32F1xx_HAL_Driver/Src/stm32f1xx_hal_spi.o
                0x00000000080017dc                HAL_SPI_Init
 .text.HAL_SPI_Transmit
                0x00000000080018e4      0x286 ./Drivers/STM32F1xx_HAL_Driver/Src/stm32f1xx_hal_spi.o
                0x00000000080018e4                HAL_SPI_Transmit
 .text.HAL_SPI_Receive
                0x0000000008001b6a      0x230 ./Drivers/STM32F1xx_HAL_Driver/Src/stm32f1xx_hal_spi.o
                0x0000000008001b6a                HAL_SPI_Receive
 .text.HAL_SPI_TransmitReceive
                0x0000000008001d9a      0x360 ./Drivers/STM32F1xx_HAL_Driver/Src/stm32f1xx_hal_spi.o
                0x0000000008001d9a                HAL_SPI_TransmitReceive
 *fill*         0x00000000080020fa        0x2 
 .text.SPI_WaitFlagStateUntilTimeout
                0x00000000080020fc      0x110 ./Drivers/STM32F1xx_HAL_Driver/Src/stm32f1xx_hal_spi.o
 .text.SPI_EndRxTransaction
                0x000000000800220c       0xa4 ./Drivers/STM32F1xx_HAL_Driver/Src/stm32f1xx_hal_spi.o
 .text.SPI_EndRxTxTransaction
                0x00000000080022b0       0x3c ./Drivers/STM32F1xx_HAL_Driver/Src/stm32f1xx_hal_spi.o
 .text.HAL_UART_Init
                0x00000000080022ec       0xa0 ./Drivers/STM32F1xx_HAL_Driver/Src/stm32f1xx_hal_uart.o
                0x00000000080022ec                HAL_UART_Init
 .text.UART_SetConfig
                0x000000000800238c      0x11c ./Drivers/STM32F1xx_HAL_Driver/Src/stm32f1xx_hal_uart.o
 .text.__libc_init_array
                0x00000000080024a8       0x48 d:/stm32cubeide_1.12.0/stm32cubeide/plugins/com.st.stm32cube.ide.mcu.externaltools.gnu-tools-for-stm32.10.3-2021.10.win32_1.0.200.202301161003/tools/bin/../lib/gcc/arm-none-eabi/10.3.1/../../../../arm-none-eabi/lib/thumb/v7-m/nofp\libc_nano.a(lib_a-init.o)
                0x00000000080024a8                __libc_init_array
 .text.memset   0x00000000080024f0       0x10 d:/stm32cubeide_1.12.0/stm32cubeide/plugins/com.st.stm32cube.ide.mcu.externaltools.gnu-tools-for-stm32.10.3-2021.10.win32_1.0.200.202301161003/tools/bin/../lib/gcc/arm-none-eabi/10.3.1/../../../../arm-none-eabi/lib/thumb/v7-m/nofp\libc_nano.a(lib_a-memset.o)
                0x00000000080024f0                memset
 *(.glue_7)
 .glue_7        0x0000000008002500        0x0 linker stubs
 *(.glue_7t)
 .glue_7t       0x0000000008002500        0x0 linker stubs
 *(.eh_frame)
 .eh_frame      0x0000000008002500        0x0 d:/stm32cubeide_1.12.0/stm32cubeide/plugins/com.st.stm32cube.ide.mcu.externaltools.gnu-tools-for-stm32.10.3-2021.10.win32_1.0.200.202301161003/tools/bin/../lib/gcc/arm-none-eabi/10.3.1/thumb/v7-m/nofp/crtbegin.o
 *(.init)
 .init          0x0000000008002500        0x4 d:/stm32cubeide_1.12.0/stm32cubeide/plugins/com.st.stm32cube.ide.mcu.externaltools.gnu-tools-for-stm32.10.3-2021.10.win32_1.0.200.202301161003/tools/bin/../lib/gcc/arm-none-eabi/10.3.1/thumb/v7-m/nofp/crti.o
                0x0000000008002500                _init
 .init          0x0000000008002504        0x8 d:/stm32cubeide_1.12.0/stm32cubeide/plugins/com.st.stm32cube.ide.mcu.externaltools.gnu-tools-for-stm32.10.3-2021.10.win32_1.0.200.202301161003/tools/bin/../lib/gcc/arm-none-eabi/10.3.1/thumb/v7-m/nofp/crtn.o
 *(.fini)
 .fini          0x000000000800250c        0x4 d:/stm32cubeide_1.12.0/stm32cubeide/plugins/com.st.stm32cube.ide.mcu.externaltools.gnu-tools-for-stm32.10.3-2021.10.win32_1.0.200.202301161003/tools/bin/../lib/gcc/arm-none-eabi/10.3.1/thumb/v7-m/nofp/crti.o
                0x000000000800250c                _fini
 .fini          0x0000000008002510        0x8 d:/stm32cubeide_1.12.0/stm32cubeide/plugins/com.st.stm32cube.ide.mcu.externaltools.gnu-tools-for-stm32.10.3-2021.10.win32_1.0.200.202301161003/tools/bin/../lib/gcc/arm-none-eabi/10.3.1/thumb/v7-m/nofp/crtn.o
                0x0000000008002518                . = ALIGN (0x4)
                0x0000000008002518                _etext = .

.vfp11_veneer   0x0000000008002518        0x0
 .vfp11_veneer  0x0000000008002518        0x0 linker stubs

.v4_bx          0x0000000008002518        0x0
 .v4_bx         0x0000000008002518        0x0 linker stubs

.iplt           0x0000000008002518        0x0
 .iplt          0x0000000008002518        0x0 d:/stm32cubeide_1.12.0/stm32cubeide/plugins/com.st.stm32cube.ide.mcu.externaltools.gnu-tools-for-stm32.10.3-2021.10.win32_1.0.200.202301161003/tools/bin/../lib/gcc/arm-none-eabi/10.3.1/thumb/v7-m/nofp/crtbegin.o

.rodata         0x0000000008002518       0x3c
                0x0000000008002518                . = ALIGN (0x4)
 *(.rodata)
 .rodata        0x0000000008002518        0xd ./Core/Src/NRF24L01.o
 *(.rodata*)
 *fill*         0x0000000008002525        0x3 
 .rodata.AHBPrescTable
                0x0000000008002528       0x10 ./Core/Src/system_stm32f1xx.o
                0x0000000008002528                AHBPrescTable
 .rodata.APBPrescTable
                0x0000000008002538        0x8 ./Core/Src/system_stm32f1xx.o
                0x0000000008002538                APBPrescTable
 .rodata.aPLLMULFactorTable.1
                0x0000000008002540       0x10 ./Drivers/STM32F1xx_HAL_Driver/Src/stm32f1xx_hal_rcc.o
 .rodata.aPredivFactorTable.0
                0x0000000008002550        0x2 ./Drivers/STM32F1xx_HAL_Driver/Src/stm32f1xx_hal_rcc.o
                0x0000000008002554                . = ALIGN (0x4)
 *fill*         0x0000000008002552        0x2 

.rel.dyn        0x0000000008002554        0x0
 .rel.iplt      0x0000000008002554        0x0 d:/stm32cubeide_1.12.0/stm32cubeide/plugins/com.st.stm32cube.ide.mcu.externaltools.gnu-tools-for-stm32.10.3-2021.10.win32_1.0.200.202301161003/tools/bin/../lib/gcc/arm-none-eabi/10.3.1/thumb/v7-m/nofp/crtbegin.o

.ARM.extab      0x0000000008002554        0x0
                0x0000000008002554                . = ALIGN (0x4)
 *(.ARM.extab* .gnu.linkonce.armextab.*)
                0x0000000008002554                . = ALIGN (0x4)

.ARM            0x0000000008002554        0x0
                0x0000000008002554                . = ALIGN (0x4)
                0x0000000008002554                __exidx_start = .
 *(.ARM.exidx*)
                0x0000000008002554                __exidx_end = .
                0x0000000008002554                . = ALIGN (0x4)

.preinit_array  0x0000000008002554        0x0
                0x0000000008002554                . = ALIGN (0x4)
                0x0000000008002554                PROVIDE (__preinit_array_start = .)
 *(.preinit_array*)
                0x0000000008002554                PROVIDE (__preinit_array_end = .)
                0x0000000008002554                . = ALIGN (0x4)

.init_array     0x0000000008002554        0x4
                0x0000000008002554                . = ALIGN (0x4)
                0x0000000008002554                PROVIDE (__init_array_start = .)
 *(SORT_BY_NAME(.init_array.*))
 *(.init_array*)
 .init_array    0x0000000008002554        0x4 d:/stm32cubeide_1.12.0/stm32cubeide/plugins/com.st.stm32cube.ide.mcu.externaltools.gnu-tools-for-stm32.10.3-2021.10.win32_1.0.200.202301161003/tools/bin/../lib/gcc/arm-none-eabi/10.3.1/thumb/v7-m/nofp/crtbegin.o
                0x0000000008002558                PROVIDE (__init_array_end = .)
                0x0000000008002558                . = ALIGN (0x4)

.fini_array     0x0000000008002558        0x4
                0x0000000008002558                . = ALIGN (0x4)
                [!provide]                        PROVIDE (__fini_array_start = .)
 *(SORT_BY_NAME(.fini_array.*))
 *(.fini_array*)
 .fini_array    0x0000000008002558        0x4 d:/stm32cubeide_1.12.0/stm32cubeide/plugins/com.st.stm32cube.ide.mcu.externaltools.gnu-tools-for-stm32.10.3-2021.10.win32_1.0.200.202301161003/tools/bin/../lib/gcc/arm-none-eabi/10.3.1/thumb/v7-m/nofp/crtbegin.o
                [!provide]                        PROVIDE (__fini_array_end = .)
                0x000000000800255c                . = ALIGN (0x4)
                0x000000000800255c                _sidata = LOADADDR (.data)

.data           0x0000000020000000       0x1c load address 0x000000000800255c
                0x0000000020000000                . = ALIGN (0x4)
                0x0000000020000000                _sdata = .
 *(.data)
 *(.data*)
 .data.RxAddress
                0x0000000020000000        0x5 ./Core/Src/main.o
                0x0000000020000000                RxAddress
 *fill*         0x0000000020000005        0x3 
 .data.RxData   0x0000000020000008        0x7 ./Core/Src/main.o
                0x0000000020000008                RxData
 *fill*         0x000000002000000f        0x1 
 .data.SystemCoreClock
                0x0000000020000010        0x4 ./Core/Src/system_stm32f1xx.o
                0x0000000020000010                SystemCoreClock
 .data.uwTickPrio
                0x0000000020000014        0x4 ./Drivers/STM32F1xx_HAL_Driver/Src/stm32f1xx_hal.o
                0x0000000020000014                uwTickPrio
 .data.uwTickFreq
                0x0000000020000018        0x1 ./Drivers/STM32F1xx_HAL_Driver/Src/stm32f1xx_hal.o
                0x0000000020000018                uwTickFreq
 *(.RamFunc)
 *(.RamFunc*)
                0x000000002000001c                . = ALIGN (0x4)
 *fill*         0x0000000020000019        0x3 
                0x000000002000001c                _edata = .

.igot.plt       0x000000002000001c        0x0 load address 0x0000000008002578
 .igot.plt      0x000000002000001c        0x0 d:/stm32cubeide_1.12.0/stm32cubeide/plugins/com.st.stm32cube.ide.mcu.externaltools.gnu-tools-for-stm32.10.3-2021.10.win32_1.0.200.202301161003/tools/bin/../lib/gcc/arm-none-eabi/10.3.1/thumb/v7-m/nofp/crtbegin.o
                0x000000002000001c                . = ALIGN (0x4)

.bss            0x000000002000001c       0xc0 load address 0x0000000008002578
                0x000000002000001c                _sbss = .
                0x000000002000001c                __bss_start__ = _sbss
 *(.bss)
 .bss           0x000000002000001c       0x1c d:/stm32cubeide_1.12.0/stm32cubeide/plugins/com.st.stm32cube.ide.mcu.externaltools.gnu-tools-for-stm32.10.3-2021.10.win32_1.0.200.202301161003/tools/bin/../lib/gcc/arm-none-eabi/10.3.1/thumb/v7-m/nofp/crtbegin.o
 *(.bss*)
 .bss.hspi1     0x0000000020000038       0x58 ./Core/Src/main.o
                0x0000000020000038                hspi1
 .bss.huart2    0x0000000020000090       0x48 ./Core/Src/main.o
                0x0000000020000090                huart2
 .bss.uwTick    0x00000000200000d8        0x4 ./Drivers/STM32F1xx_HAL_Driver/Src/stm32f1xx_hal.o
                0x00000000200000d8                uwTick
 *(COMMON)
                0x00000000200000dc                . = ALIGN (0x4)
                0x00000000200000dc                _ebss = .
                0x00000000200000dc                __bss_end__ = _ebss

._user_heap_stack
                0x00000000200000dc      0x604 load address 0x0000000008002578
                0x00000000200000e0                . = ALIGN (0x8)
 *fill*         0x00000000200000dc        0x4 
                [!provide]                        PROVIDE (end = .)
                0x00000000200000e0                PROVIDE (_end = .)
                0x00000000200002e0                . = (. + _Min_Heap_Size)
 *fill*         0x00000000200000e0      0x200 
                0x00000000200006e0                . = (. + _Min_Stack_Size)
 *fill*         0x00000000200002e0      0x400 
                0x00000000200006e0                . = ALIGN (0x8)

/DISCARD/
 libc.a(*)
 libm.a(*)
 libgcc.a(*)

.ARM.attributes
                0x0000000000000000       0x29
 *(.ARM.attributes)
 .ARM.attributes
                0x0000000000000000       0x1d d:/stm32cubeide_1.12.0/stm32cubeide/plugins/com.st.stm32cube.ide.mcu.externaltools.gnu-tools-for-stm32.10.3-2021.10.win32_1.0.200.202301161003/tools/bin/../lib/gcc/arm-none-eabi/10.3.1/thumb/v7-m/nofp/crti.o
 .ARM.attributes
                0x000000000000001d       0x2d d:/stm32cubeide_1.12.0/stm32cubeide/plugins/com.st.stm32cube.ide.mcu.externaltools.gnu-tools-for-stm32.10.3-2021.10.win32_1.0.200.202301161003/tools/bin/../lib/gcc/arm-none-eabi/10.3.1/thumb/v7-m/nofp/crtbegin.o
 .ARM.attributes
                0x000000000000004a       0x2d ./Core/Src/NRF24L01.o
 .ARM.attributes
                0x0000000000000077       0x2d ./Core/Src/main.o
 .ARM.attributes
                0x00000000000000a4       0x2d ./Core/Src/stm32f1xx_hal_msp.o
 .ARM.attributes
                0x00000000000000d1       0x2d ./Core/Src/stm32f1xx_it.o
 .ARM.attributes
                0x00000000000000fe       0x2d ./Core/Src/system_stm32f1xx.o
 .ARM.attributes
                0x000000000000012b       0x21 ./Core/Startup/startup_stm32f103c6tx.o
 .ARM.attributes
                0x000000000000014c       0x2d ./Drivers/STM32F1xx_HAL_Driver/Src/stm32f1xx_hal.o
 .ARM.attributes
                0x0000000000000179       0x2d ./Drivers/STM32F1xx_HAL_Driver/Src/stm32f1xx_hal_cortex.o
 .ARM.attributes
                0x00000000000001a6       0x2d ./Drivers/STM32F1xx_HAL_Driver/Src/stm32f1xx_hal_gpio.o
 .ARM.attributes
                0x00000000000001d3       0x2d ./Drivers/STM32F1xx_HAL_Driver/Src/stm32f1xx_hal_rcc.o
 .ARM.attributes
                0x0000000000000200       0x2d ./Drivers/STM32F1xx_HAL_Driver/Src/stm32f1xx_hal_spi.o
 .ARM.attributes
                0x000000000000022d       0x2d ./Drivers/STM32F1xx_HAL_Driver/Src/stm32f1xx_hal_uart.o
 .ARM.attributes
                0x000000000000025a       0x2d d:/stm32cubeide_1.12.0/stm32cubeide/plugins/com.st.stm32cube.ide.mcu.externaltools.gnu-tools-for-stm32.10.3-2021.10.win32_1.0.200.202301161003/tools/bin/../lib/gcc/arm-none-eabi/10.3.1/../../../../arm-none-eabi/lib/thumb/v7-m/nofp\libc_nano.a(lib_a-init.o)
 .ARM.attributes
                0x0000000000000287       0x2d d:/stm32cubeide_1.12.0/stm32cubeide/plugins/com.st.stm32cube.ide.mcu.externaltools.gnu-tools-for-stm32.10.3-2021.10.win32_1.0.200.202301161003/tools/bin/../lib/gcc/arm-none-eabi/10.3.1/../../../../arm-none-eabi/lib/thumb/v7-m/nofp\libc_nano.a(lib_a-memset.o)
 .ARM.attributes
                0x00000000000002b4       0x1d d:/stm32cubeide_1.12.0/stm32cubeide/plugins/com.st.stm32cube.ide.mcu.externaltools.gnu-tools-for-stm32.10.3-2021.10.win32_1.0.200.202301161003/tools/bin/../lib/gcc/arm-none-eabi/10.3.1/thumb/v7-m/nofp/crtn.o
OUTPUT(nrfstm.elf elf32-littlearm)
LOAD linker stubs
LOAD d:/stm32cubeide_1.12.0/stm32cubeide/plugins/com.st.stm32cube.ide.mcu.externaltools.gnu-tools-for-stm32.10.3-2021.10.win32_1.0.200.202301161003/tools/bin/../lib/gcc/arm-none-eabi/10.3.1/../../../../arm-none-eabi/lib/thumb/v7-m/nofp\libc.a
LOAD d:/stm32cubeide_1.12.0/stm32cubeide/plugins/com.st.stm32cube.ide.mcu.externaltools.gnu-tools-for-stm32.10.3-2021.10.win32_1.0.200.202301161003/tools/bin/../lib/gcc/arm-none-eabi/10.3.1/../../../../arm-none-eabi/lib/thumb/v7-m/nofp\libm.a
LOAD d:/stm32cubeide_1.12.0/stm32cubeide/plugins/com.st.stm32cube.ide.mcu.externaltools.gnu-tools-for-stm32.10.3-2021.10.win32_1.0.200.202301161003/tools/bin/../lib/gcc/arm-none-eabi/10.3.1/thumb/v7-m/nofp\libgcc.a

.debug_info     0x0000000000000000     0x8f22
 .debug_info    0x0000000000000000      0xaa6 ./Core/Src/NRF24L01.o
 .debug_info    0x0000000000000aa6      0xd73 ./Core/Src/main.o
 .debug_info    0x0000000000001819      0xae7 ./Core/Src/stm32f1xx_hal_msp.o
 .debug_info    0x0000000000002300      0x122 ./Core/Src/stm32f1xx_it.o
 .debug_info    0x0000000000002422      0x23d ./Core/Src/system_stm32f1xx.o
 .debug_info    0x000000000000265f       0x22 ./Core/Startup/startup_stm32f103c6tx.o
 .debug_info    0x0000000000002681      0x716 ./Drivers/STM32F1xx_HAL_Driver/Src/stm32f1xx_hal.o
 .debug_info    0x0000000000002d97      0xb02 ./Drivers/STM32F1xx_HAL_Driver/Src/stm32f1xx_hal_cortex.o
 .debug_info    0x0000000000003899      0x615 ./Drivers/STM32F1xx_HAL_Driver/Src/stm32f1xx_hal_gpio.o
 .debug_info    0x0000000000003eae      0x865 ./Drivers/STM32F1xx_HAL_Driver/Src/stm32f1xx_hal_rcc.o
 .debug_info    0x0000000000004713     0x165d ./Drivers/STM32F1xx_HAL_Driver/Src/stm32f1xx_hal_spi.o
 .debug_info    0x0000000000005d70     0x31b2 ./Drivers/STM32F1xx_HAL_Driver/Src/stm32f1xx_hal_uart.o

.debug_abbrev   0x0000000000000000     0x16dc
 .debug_abbrev  0x0000000000000000      0x280 ./Core/Src/NRF24L01.o
 .debug_abbrev  0x0000000000000280      0x27a ./Core/Src/main.o
 .debug_abbrev  0x00000000000004fa      0x189 ./Core/Src/stm32f1xx_hal_msp.o
 .debug_abbrev  0x0000000000000683       0x74 ./Core/Src/stm32f1xx_it.o
 .debug_abbrev  0x00000000000006f7      0x13b ./Core/Src/system_stm32f1xx.o
 .debug_abbrev  0x0000000000000832       0x12 ./Core/Startup/startup_stm32f103c6tx.o
 .debug_abbrev  0x0000000000000844      0x1fb ./Drivers/STM32F1xx_HAL_Driver/Src/stm32f1xx_hal.o
 .debug_abbrev  0x0000000000000a3f      0x2ed ./Drivers/STM32F1xx_HAL_Driver/Src/stm32f1xx_hal_cortex.o
 .debug_abbrev  0x0000000000000d2c      0x1bb ./Drivers/STM32F1xx_HAL_Driver/Src/stm32f1xx_hal_gpio.o
 .debug_abbrev  0x0000000000000ee7      0x2a8 ./Drivers/STM32F1xx_HAL_Driver/Src/stm32f1xx_hal_rcc.o
 .debug_abbrev  0x000000000000118f      0x26e ./Drivers/STM32F1xx_HAL_Driver/Src/stm32f1xx_hal_spi.o
 .debug_abbrev  0x00000000000013fd      0x2df ./Drivers/STM32F1xx_HAL_Driver/Src/stm32f1xx_hal_uart.o

.debug_aranges  0x0000000000000000      0x878
 .debug_aranges
                0x0000000000000000       0xa0 ./Core/Src/NRF24L01.o
 .debug_aranges
                0x00000000000000a0       0x48 ./Core/Src/main.o
 .debug_aranges
                0x00000000000000e8       0x40 ./Core/Src/stm32f1xx_hal_msp.o
 .debug_aranges
                0x0000000000000128       0x60 ./Core/Src/stm32f1xx_it.o
 .debug_aranges
                0x0000000000000188       0x28 ./Core/Src/system_stm32f1xx.o
 .debug_aranges
                0x00000000000001b0       0x28 ./Core/Startup/startup_stm32f103c6tx.o
 .debug_aranges
                0x00000000000001d8       0xe0 ./Drivers/STM32F1xx_HAL_Driver/Src/stm32f1xx_hal.o
 .debug_aranges
                0x00000000000002b8      0x100 ./Drivers/STM32F1xx_HAL_Driver/Src/stm32f1xx_hal_cortex.o
 .debug_aranges
                0x00000000000003b8       0x58 ./Drivers/STM32F1xx_HAL_Driver/Src/stm32f1xx_hal_gpio.o
 .debug_aranges
                0x0000000000000410       0x90 ./Drivers/STM32F1xx_HAL_Driver/Src/stm32f1xx_hal_rcc.o
 .debug_aranges
                0x00000000000004a0      0x1d0 ./Drivers/STM32F1xx_HAL_Driver/Src/stm32f1xx_hal_spi.o
 .debug_aranges
                0x0000000000000670      0x208 ./Drivers/STM32F1xx_HAL_Driver/Src/stm32f1xx_hal_uart.o

.debug_ranges   0x0000000000000000      0x7f0
 .debug_ranges  0x0000000000000000       0x90 ./Core/Src/NRF24L01.o
 .debug_ranges  0x0000000000000090       0x38 ./Core/Src/main.o
 .debug_ranges  0x00000000000000c8       0x30 ./Core/Src/stm32f1xx_hal_msp.o
 .debug_ranges  0x00000000000000f8       0x50 ./Core/Src/stm32f1xx_it.o
 .debug_ranges  0x0000000000000148       0x18 ./Core/Src/system_stm32f1xx.o
 .debug_ranges  0x0000000000000160       0x20 ./Core/Startup/startup_stm32f103c6tx.o
 .debug_ranges  0x0000000000000180       0xd0 ./Drivers/STM32F1xx_HAL_Driver/Src/stm32f1xx_hal.o
 .debug_ranges  0x0000000000000250       0xf0 ./Drivers/STM32F1xx_HAL_Driver/Src/stm32f1xx_hal_cortex.o
 .debug_ranges  0x0000000000000340       0x48 ./Drivers/STM32F1xx_HAL_Driver/Src/stm32f1xx_hal_gpio.o
 .debug_ranges  0x0000000000000388       0x80 ./Drivers/STM32F1xx_HAL_Driver/Src/stm32f1xx_hal_rcc.o
 .debug_ranges  0x0000000000000408      0x1c0 ./Drivers/STM32F1xx_HAL_Driver/Src/stm32f1xx_hal_spi.o
 .debug_ranges  0x00000000000005c8      0x228 ./Drivers/STM32F1xx_HAL_Driver/Src/stm32f1xx_hal_uart.o

.debug_macro    0x0000000000000000    0x16849
 .debug_macro   0x0000000000000000      0x1bd ./Core/Src/NRF24L01.o
 .debug_macro   0x00000000000001bd      0xa6c ./Core/Src/NRF24L01.o
 .debug_macro   0x0000000000000c29      0x21b ./Core/Src/NRF24L01.o
 .debug_macro   0x0000000000000e44       0x2e ./Core/Src/NRF24L01.o
 .debug_macro   0x0000000000000e72       0x22 ./Core/Src/NRF24L01.o
 .debug_macro   0x0000000000000e94       0x22 ./Core/Src/NRF24L01.o
 .debug_macro   0x0000000000000eb6       0x8e ./Core/Src/NRF24L01.o
 .debug_macro   0x0000000000000f44       0x51 ./Core/Src/NRF24L01.o
 .debug_macro   0x0000000000000f95      0x103 ./Core/Src/NRF24L01.o
 .debug_macro   0x0000000000001098       0x6a ./Core/Src/NRF24L01.o
 .debug_macro   0x0000000000001102      0x1df ./Core/Src/NRF24L01.o
 .debug_macro   0x00000000000012e1       0x1c ./Core/Src/NRF24L01.o
 .debug_macro   0x00000000000012fd       0x22 ./Core/Src/NRF24L01.o
 .debug_macro   0x000000000000131f       0xbd ./Core/Src/NRF24L01.o
 .debug_macro   0x00000000000013dc      0xd23 ./Core/Src/NRF24L01.o
 .debug_macro   0x00000000000020ff     0xde75 ./Core/Src/NRF24L01.o
 .debug_macro   0x000000000000ff74       0x6d ./Core/Src/NRF24L01.o
 .debug_macro   0x000000000000ffe1     0x348d ./Core/Src/NRF24L01.o
 .debug_macro   0x000000000001346e      0x174 ./Core/Src/NRF24L01.o
 .debug_macro   0x00000000000135e2       0x5c ./Core/Src/NRF24L01.o
 .debug_macro   0x000000000001363e      0x5bc ./Core/Src/NRF24L01.o
 .debug_macro   0x0000000000013bfa      0x1b7 ./Core/Src/NRF24L01.o
 .debug_macro   0x0000000000013db1      0x1cb ./Core/Src/NRF24L01.o
 .debug_macro   0x0000000000013f7c      0x114 ./Core/Src/NRF24L01.o
 .debug_macro   0x0000000000014090      0x1b2 ./Core/Src/NRF24L01.o
 .debug_macro   0x0000000000014242       0x27 ./Core/Src/NRF24L01.o
 .debug_macro   0x0000000000014269      0x12f ./Core/Src/NRF24L01.o
 .debug_macro   0x0000000000014398      0x1bc ./Core/Src/NRF24L01.o
 .debug_macro   0x0000000000014554       0x34 ./Core/Src/NRF24L01.o
 .debug_macro   0x0000000000014588       0x3c ./Core/Src/NRF24L01.o
 .debug_macro   0x00000000000145c4       0x57 ./Core/Src/NRF24L01.o
 .debug_macro   0x000000000001461b       0x87 ./Core/Src/NRF24L01.o
 .debug_macro   0x00000000000146a2      0x183 ./Core/Src/NRF24L01.o
 .debug_macro   0x0000000000014825      0x140 ./Core/Src/NRF24L01.o
 .debug_macro   0x0000000000014965      0x217 ./Core/Src/NRF24L01.o
 .debug_macro   0x0000000000014b7c      0x28e ./Core/Src/NRF24L01.o
 .debug_macro   0x0000000000014e0a       0x69 ./Core/Src/NRF24L01.o
 .debug_macro   0x0000000000014e73       0xee ./Core/Src/NRF24L01.o
 .debug_macro   0x0000000000014f61      0x27c ./Core/Src/main.o
 .debug_macro   0x00000000000151dd       0x28 ./Core/Src/main.o
 .debug_macro   0x0000000000015205       0x52 ./Core/Src/main.o
 .debug_macro   0x0000000000015257       0x18 ./Core/Src/main.o
 .debug_macro   0x000000000001526f       0x3c ./Core/Src/main.o
 .debug_macro   0x00000000000152ab       0x34 ./Core/Src/main.o
 .debug_macro   0x00000000000152df       0x16 ./Core/Src/main.o
 .debug_macro   0x00000000000152f5       0x43 ./Core/Src/main.o
 .debug_macro   0x0000000000015338       0x34 ./Core/Src/main.o
 .debug_macro   0x000000000001536c       0x10 ./Core/Src/main.o
 .debug_macro   0x000000000001537c       0x58 ./Core/Src/main.o
 .debug_macro   0x00000000000153d4       0x71 ./Core/Src/main.o
 .debug_macro   0x0000000000015445       0x1c ./Core/Src/main.o
 .debug_macro   0x0000000000015461      0x12a ./Core/Src/main.o
 .debug_macro   0x000000000001558b      0x341 ./Core/Src/main.o
 .debug_macro   0x00000000000158cc       0x10 ./Core/Src/main.o
 .debug_macro   0x00000000000158dc       0x35 ./Core/Src/main.o
 .debug_macro   0x0000000000015911       0x20 ./Core/Src/main.o
 .debug_macro   0x0000000000015931      0x1a5 ./Core/Src/stm32f1xx_hal_msp.o
 .debug_macro   0x0000000000015ad6      0x1af ./Core/Src/stm32f1xx_it.o
 .debug_macro   0x0000000000015c85      0x196 ./Core/Src/system_stm32f1xx.o
 .debug_macro   0x0000000000015e1b      0x1ba ./Drivers/STM32F1xx_HAL_Driver/Src/stm32f1xx_hal.o
 .debug_macro   0x0000000000015fd5      0x196 ./Drivers/STM32F1xx_HAL_Driver/Src/stm32f1xx_hal_cortex.o
 .debug_macro   0x000000000001616b      0x201 ./Drivers/STM32F1xx_HAL_Driver/Src/stm32f1xx_hal_gpio.o
 .debug_macro   0x000000000001636c      0x1a8 ./Drivers/STM32F1xx_HAL_Driver/Src/stm32f1xx_hal_rcc.o
 .debug_macro   0x0000000000016514      0x19e ./Drivers/STM32F1xx_HAL_Driver/Src/stm32f1xx_hal_spi.o
 .debug_macro   0x00000000000166b2      0x197 ./Drivers/STM32F1xx_HAL_Driver/Src/stm32f1xx_hal_uart.o

.debug_line     0x0000000000000000     0x95c5
 .debug_line    0x0000000000000000      0x94b ./Core/Src/NRF24L01.o
 .debug_line    0x000000000000094b      0x8ef ./Core/Src/main.o
 .debug_line    0x000000000000123a      0x6f9 ./Core/Src/stm32f1xx_hal_msp.o
 .debug_line    0x0000000000001933      0x716 ./Core/Src/stm32f1xx_it.o
 .debug_line    0x0000000000002049      0x6d2 ./Core/Src/system_stm32f1xx.o
 .debug_line    0x000000000000271b       0x86 ./Core/Startup/startup_stm32f103c6tx.o
 .debug_line    0x00000000000027a1      0x8ff ./Drivers/STM32F1xx_HAL_Driver/Src/stm32f1xx_hal.o
 .debug_line    0x00000000000030a0      0xae7 ./Drivers/STM32F1xx_HAL_Driver/Src/stm32f1xx_hal_cortex.o
 .debug_line    0x0000000000003b87      0x983 ./Drivers/STM32F1xx_HAL_Driver/Src/stm32f1xx_hal_gpio.o
 .debug_line    0x000000000000450a      0xd0b ./Drivers/STM32F1xx_HAL_Driver/Src/stm32f1xx_hal_rcc.o
 .debug_line    0x0000000000005215     0x1b80 ./Drivers/STM32F1xx_HAL_Driver/Src/stm32f1xx_hal_spi.o
 .debug_line    0x0000000000006d95     0x2830 ./Drivers/STM32F1xx_HAL_Driver/Src/stm32f1xx_hal_uart.o

.debug_str      0x0000000000000000    0x80aae
 .debug_str     0x0000000000000000    0x7bccb ./Core/Src/NRF24L01.o
                                      0x7c07f (size before relaxing)
 .debug_str     0x000000000007bccb     0x328c ./Core/Src/main.o
                                      0x7f161 (size before relaxing)
 .debug_str     0x000000000007ef57       0xc8 ./Core/Src/stm32f1xx_hal_msp.o
                                      0x7bef1 (size before relaxing)
 .debug_str     0x000000000007f01f       0xc9 ./Core/Src/stm32f1xx_it.o
                                      0x7b904 (size before relaxing)
 .debug_str     0x000000000007f0e8       0x7e ./Core/Src/system_stm32f1xx.o
                                      0x7b8a4 (size before relaxing)
 .debug_str     0x000000000007f166       0x36 ./Core/Startup/startup_stm32f103c6tx.o
                                         0x71 (size before relaxing)
 .debug_str     0x000000000007f19c      0x5c3 ./Drivers/STM32F1xx_HAL_Driver/Src/stm32f1xx_hal.o
                                      0x7bf9d (size before relaxing)
 .debug_str     0x000000000007f75f      0x2c5 ./Drivers/STM32F1xx_HAL_Driver/Src/stm32f1xx_hal_cortex.o
                                      0x7bee9 (size before relaxing)
 .debug_str     0x000000000007fa24      0x2f7 ./Drivers/STM32F1xx_HAL_Driver/Src/stm32f1xx_hal_gpio.o
                                      0x7bc2a (size before relaxing)
 .debug_str     0x000000000007fd1b      0x229 ./Drivers/STM32F1xx_HAL_Driver/Src/stm32f1xx_hal_rcc.o
                                      0x7bcd3 (size before relaxing)
 .debug_str     0x000000000007ff44      0x550 ./Drivers/STM32F1xx_HAL_Driver/Src/stm32f1xx_hal_spi.o
                                      0x7c1d0 (size before relaxing)
 .debug_str     0x0000000000080494      0x61a ./Drivers/STM32F1xx_HAL_Driver/Src/stm32f1xx_hal_uart.o
                                      0x7c344 (size before relaxing)

.comment        0x0000000000000000       0x50
 .comment       0x0000000000000000       0x50 ./Core/Src/NRF24L01.o
                                         0x51 (size before relaxing)
 .comment       0x0000000000000050       0x51 ./Core/Src/main.o
 .comment       0x0000000000000050       0x51 ./Core/Src/stm32f1xx_hal_msp.o
 .comment       0x0000000000000050       0x51 ./Core/Src/stm32f1xx_it.o
 .comment       0x0000000000000050       0x51 ./Core/Src/system_stm32f1xx.o
 .comment       0x0000000000000050       0x51 ./Drivers/STM32F1xx_HAL_Driver/Src/stm32f1xx_hal.o
 .comment       0x0000000000000050       0x51 ./Drivers/STM32F1xx_HAL_Driver/Src/stm32f1xx_hal_cortex.o
 .comment       0x0000000000000050       0x51 ./Drivers/STM32F1xx_HAL_Driver/Src/stm32f1xx_hal_gpio.o
 .comment       0x0000000000000050       0x51 ./Drivers/STM32F1xx_HAL_Driver/Src/stm32f1xx_hal_rcc.o
 .comment       0x0000000000000050       0x51 ./Drivers/STM32F1xx_HAL_Driver/Src/stm32f1xx_hal_spi.o
 .comment       0x0000000000000050       0x51 ./Drivers/STM32F1xx_HAL_Driver/Src/stm32f1xx_hal_uart.o

.debug_frame    0x0000000000000000     0x21ac
 .debug_frame   0x0000000000000000      0x250 ./Core/Src/NRF24L01.o
 .debug_frame   0x0000000000000250       0xc4 ./Core/Src/main.o
 .debug_frame   0x0000000000000314       0xc8 ./Core/Src/stm32f1xx_hal_msp.o
 .debug_frame   0x00000000000003dc      0x104 ./Core/Src/stm32f1xx_it.o
 .debug_frame   0x00000000000004e0       0x58 ./Core/Src/system_stm32f1xx.o
 .debug_frame   0x0000000000000538      0x334 ./Drivers/STM32F1xx_HAL_Driver/Src/stm32f1xx_hal.o
 .debug_frame   0x000000000000086c      0x428 ./Drivers/STM32F1xx_HAL_Driver/Src/stm32f1xx_hal_cortex.o
 .debug_frame   0x0000000000000c94      0x14c ./Drivers/STM32F1xx_HAL_Driver/Src/stm32f1xx_hal_gpio.o
 .debug_frame   0x0000000000000de0      0x218 ./Drivers/STM32F1xx_HAL_Driver/Src/stm32f1xx_hal_rcc.o
 .debug_frame   0x0000000000000ff8      0x824 ./Drivers/STM32F1xx_HAL_Driver/Src/stm32f1xx_hal_spi.o
 .debug_frame   0x000000000000181c      0x944 ./Drivers/STM32F1xx_HAL_Driver/Src/stm32f1xx_hal_uart.o
 .debug_frame   0x0000000000002160       0x2c d:/stm32cubeide_1.12.0/stm32cubeide/plugins/com.st.stm32cube.ide.mcu.externaltools.gnu-tools-for-stm32.10.3-2021.10.win32_1.0.200.202301161003/tools/bin/../lib/gcc/arm-none-eabi/10.3.1/../../../../arm-none-eabi/lib/thumb/v7-m/nofp\libc_nano.a(lib_a-init.o)
 .debug_frame   0x000000000000218c       0x20 d:/stm32cubeide_1.12.0/stm32cubeide/plugins/com.st.stm32cube.ide.mcu.externaltools.gnu-tools-for-stm32.10.3-2021.10.win32_1.0.200.202301161003/tools/bin/../lib/gcc/arm-none-eabi/10.3.1/../../../../arm-none-eabi/lib/thumb/v7-m/nofp\libc_nano.a(lib_a-memset.o)
