Archive member included to satisfy reference by file (symbol)

d:/stm32cubeide_1.12.0/stm32cubeide/plugins/com.st.stm32cube.ide.mcu.externaltools.gnu-tools-for-stm32.10.3-2021.10.win32_1.0.200.202301161003/tools/bin/../lib/gcc/arm-none-eabi/10.3.1/../../../../arm-none-eabi/lib/thumb/v7-m/nofp\libc_nano.a(lib_a-errno.o)
                              ./Core/Src/syscalls.o (__errno)
d:/stm32cubeide_1.12.0/stm32cubeide/plugins/com.st.stm32cube.ide.mcu.externaltools.gnu-tools-for-stm32.10.3-2021.10.win32_1.0.200.202301161003/tools/bin/../lib/gcc/arm-none-eabi/10.3.1/../../../../arm-none-eabi/lib/thumb/v7-m/nofp\libc_nano.a(lib_a-exit.o)
                              d:/stm32cubeide_1.12.0/stm32cubeide/plugins/com.st.stm32cube.ide.mcu.externaltools.gnu-tools-for-stm32.10.3-2021.10.win32_1.0.200.202301161003/tools/bin/../lib/gcc/arm-none-eabi/10.3.1/../../../../arm-none-eabi/lib/thumb/v7-m/nofp/crt0.o (exit)
d:/stm32cubeide_1.12.0/stm32cubeide/plugins/com.st.stm32cube.ide.mcu.externaltools.gnu-tools-for-stm32.10.3-2021.10.win32_1.0.200.202301161003/tools/bin/../lib/gcc/arm-none-eabi/10.3.1/../../../../arm-none-eabi/lib/thumb/v7-m/nofp\libc_nano.a(lib_a-impure.o)
                              d:/stm32cubeide_1.12.0/stm32cubeide/plugins/com.st.stm32cube.ide.mcu.externaltools.gnu-tools-for-stm32.10.3-2021.10.win32_1.0.200.202301161003/tools/bin/../lib/gcc/arm-none-eabi/10.3.1/../../../../arm-none-eabi/lib/thumb/v7-m/nofp\libc_nano.a(lib_a-exit.o) (_global_impure_ptr)
d:/stm32cubeide_1.12.0/stm32cubeide/plugins/com.st.stm32cube.ide.mcu.externaltools.gnu-tools-for-stm32.10.3-2021.10.win32_1.0.200.202301161003/tools/bin/../lib/gcc/arm-none-eabi/10.3.1/../../../../arm-none-eabi/lib/thumb/v7-m/nofp\libc_nano.a(lib_a-init.o)
                              d:/stm32cubeide_1.12.0/stm32cubeide/plugins/com.st.stm32cube.ide.mcu.externaltools.gnu-tools-for-stm32.10.3-2021.10.win32_1.0.200.202301161003/tools/bin/../lib/gcc/arm-none-eabi/10.3.1/../../../../arm-none-eabi/lib/thumb/v7-m/nofp/crt0.o (__libc_init_array)
d:/stm32cubeide_1.12.0/stm32cubeide/plugins/com.st.stm32cube.ide.mcu.externaltools.gnu-tools-for-stm32.10.3-2021.10.win32_1.0.200.202301161003/tools/bin/../lib/gcc/arm-none-eabi/10.3.1/../../../../arm-none-eabi/lib/thumb/v7-m/nofp\libc_nano.a(lib_a-memset.o)
                              d:/stm32cubeide_1.12.0/stm32cubeide/plugins/com.st.stm32cube.ide.mcu.externaltools.gnu-tools-for-stm32.10.3-2021.10.win32_1.0.200.202301161003/tools/bin/../lib/gcc/arm-none-eabi/10.3.1/../../../../arm-none-eabi/lib/thumb/v7-m/nofp/crt0.o (memset)
d:/stm32cubeide_1.12.0/stm32cubeide/plugins/com.st.stm32cube.ide.mcu.externaltools.gnu-tools-for-stm32.10.3-2021.10.win32_1.0.200.202301161003/tools/bin/../lib/gcc/arm-none-eabi/10.3.1/thumb/v7-m/nofp\libgcc.a(_arm_addsubsf3.o)
                              ./Core/Src/main.o (__aeabi_fsub)
d:/stm32cubeide_1.12.0/stm32cubeide/plugins/com.st.stm32cube.ide.mcu.externaltools.gnu-tools-for-stm32.10.3-2021.10.win32_1.0.200.202301161003/tools/bin/../lib/gcc/arm-none-eabi/10.3.1/thumb/v7-m/nofp\libgcc.a(_arm_cmpsf2.o)
                              ./Core/Src/main.o (__aeabi_fcmplt)
d:/stm32cubeide_1.12.0/stm32cubeide/plugins/com.st.stm32cube.ide.mcu.externaltools.gnu-tools-for-stm32.10.3-2021.10.win32_1.0.200.202301161003/tools/bin/../lib/gcc/arm-none-eabi/10.3.1/thumb/v7-m/nofp\libgcc.a(_arm_fixsfsi.o)
                              ./Core/Src/main.o (__aeabi_f2iz)
d:/stm32cubeide_1.12.0/stm32cubeide/plugins/com.st.stm32cube.ide.mcu.externaltools.gnu-tools-for-stm32.10.3-2021.10.win32_1.0.200.202301161003/tools/bin/../lib/gcc/arm-none-eabi/10.3.1/thumb/v7-m/nofp\libgcc.a(_aeabi_uldivmod.o)
                              ./Drivers/STM32L1xx_HAL_Driver/stm32l1xx_hal_rcc.o (__aeabi_uldivmod)
d:/stm32cubeide_1.12.0/stm32cubeide/plugins/com.st.stm32cube.ide.mcu.externaltools.gnu-tools-for-stm32.10.3-2021.10.win32_1.0.200.202301161003/tools/bin/../lib/gcc/arm-none-eabi/10.3.1/thumb/v7-m/nofp\libgcc.a(_udivmoddi4.o)
                              d:/stm32cubeide_1.12.0/stm32cubeide/plugins/com.st.stm32cube.ide.mcu.externaltools.gnu-tools-for-stm32.10.3-2021.10.win32_1.0.200.202301161003/tools/bin/../lib/gcc/arm-none-eabi/10.3.1/thumb/v7-m/nofp\libgcc.a(_aeabi_uldivmod.o) (__udivmoddi4)
d:/stm32cubeide_1.12.0/stm32cubeide/plugins/com.st.stm32cube.ide.mcu.externaltools.gnu-tools-for-stm32.10.3-2021.10.win32_1.0.200.202301161003/tools/bin/../lib/gcc/arm-none-eabi/10.3.1/thumb/v7-m/nofp\libgcc.a(_dvmd_tls.o)
                              d:/stm32cubeide_1.12.0/stm32cubeide/plugins/com.st.stm32cube.ide.mcu.externaltools.gnu-tools-for-stm32.10.3-2021.10.win32_1.0.200.202301161003/tools/bin/../lib/gcc/arm-none-eabi/10.3.1/thumb/v7-m/nofp\libgcc.a(_aeabi_uldivmod.o) (__aeabi_ldiv0)

Discarded input sections

[...]
Memory Configuration

Name             Origin             Length             Attributes
RAM              0x0000000020000000 0x0000000000014000 xrw
FLASH            0x0000000008000000 0x0000000000080000 xr
*default*        0x0000000000000000 0xffffffffffffffff

Linker script and memory map

LOAD d:/stm32cubeide_1.12.0/stm32cubeide/plugins/com.st.stm32cube.ide.mcu.externaltools.gnu-tools-for-stm32.10.3-2021.10.win32_1.0.200.202301161003/tools/bin/../lib/gcc/arm-none-eabi/10.3.1/thumb/v7-m/nofp/crti.o
LOAD d:/stm32cubeide_1.12.0/stm32cubeide/plugins/com.st.stm32cube.ide.mcu.externaltools.gnu-tools-for-stm32.10.3-2021.10.win32_1.0.200.202301161003/tools/bin/../lib/gcc/arm-none-eabi/10.3.1/thumb/v7-m/nofp/crtbegin.o
LOAD d:/stm32cubeide_1.12.0/stm32cubeide/plugins/com.st.stm32cube.ide.mcu.externaltools.gnu-tools-for-stm32.10.3-2021.10.win32_1.0.200.202301161003/tools/bin/../lib/gcc/arm-none-eabi/10.3.1/../../../../arm-none-eabi/lib/thumb/v7-m/nofp/crt0.o
LOAD ./Core/Src/gpio.o
LOAD ./Core/Src/main.o
LOAD ./Core/Src/nRF24.o
LOAD ./Core/Src/spi.o
LOAD ./Core/Src/stm32l1xx_hal_msp.o
LOAD ./Core/Src/stm32l1xx_it.o
LOAD ./Core/Src/syscalls.o
LOAD ./Core/Src/sysmem.o
LOAD ./Core/Src/system_stm32l1xx.o
LOAD ./Core/Src/tim.o
LOAD ./Core/Src/usart.o
LOAD ./Core/Startup/startup_stm32l152retx.o
LOAD ./Drivers/STM32L1xx_HAL_Driver/stm32l1xx_hal.o
LOAD ./Drivers/STM32L1xx_HAL_Driver/stm32l1xx_hal_cortex.o
LOAD ./Drivers/STM32L1xx_HAL_Driver/stm32l1xx_hal_dma.o
LOAD ./Drivers/STM32L1xx_HAL_Driver/stm32l1xx_hal_exti.o
LOAD ./Drivers/STM32L1xx_HAL_Driver/stm32l1xx_hal_flash.o
LOAD ./Drivers/STM32L1xx_HAL_Driver/stm32l1xx_hal_flash_ex.o
LOAD ./Drivers/STM32L1xx_HAL_Driver/stm32l1xx_hal_flash_ramfunc.o
LOAD ./Drivers/STM32L1xx_HAL_Driver/stm32l1xx_hal_gpio.o
LOAD ./Drivers/STM32L1xx_HAL_Driver/stm32l1xx_hal_pwr.o
LOAD ./Drivers/STM32L1xx_HAL_Driver/stm32l1xx_hal_pwr_ex.o
LOAD ./Drivers/STM32L1xx_HAL_Driver/stm32l1xx_hal_rcc.o
LOAD ./Drivers/STM32L1xx_HAL_Driver/stm32l1xx_hal_rcc_ex.o
LOAD ./Drivers/STM32L1xx_HAL_Driver/stm32l1xx_hal_spi.o
LOAD ./Drivers/STM32L1xx_HAL_Driver/stm32l1xx_hal_tim.o
LOAD ./Drivers/STM32L1xx_HAL_Driver/stm32l1xx_hal_tim_ex.o
LOAD ./Drivers/STM32L1xx_HAL_Driver/stm32l1xx_hal_uart.o
START GROUP
LOAD d:/stm32cubeide_1.12.0/stm32cubeide/plugins/com.st.stm32cube.ide.mcu.externaltools.gnu-tools-for-stm32.10.3-2021.10.win32_1.0.200.202301161003/tools/bin/../lib/gcc/arm-none-eabi/10.3.1/../../../../arm-none-eabi/lib/thumb/v7-m/nofp\libc_nano.a
LOAD d:/stm32cubeide_1.12.0/stm32cubeide/plugins/com.st.stm32cube.ide.mcu.externaltools.gnu-tools-for-stm32.10.3-2021.10.win32_1.0.200.202301161003/tools/bin/../lib/gcc/arm-none-eabi/10.3.1/../../../../arm-none-eabi/lib/thumb/v7-m/nofp\libm.a
END GROUP
START GROUP
LOAD d:/stm32cubeide_1.12.0/stm32cubeide/plugins/com.st.stm32cube.ide.mcu.externaltools.gnu-tools-for-stm32.10.3-2021.10.win32_1.0.200.202301161003/tools/bin/../lib/gcc/arm-none-eabi/10.3.1/thumb/v7-m/nofp\libgcc.a
LOAD d:/stm32cubeide_1.12.0/stm32cubeide/plugins/com.st.stm32cube.ide.mcu.externaltools.gnu-tools-for-stm32.10.3-2021.10.win32_1.0.200.202301161003/tools/bin/../lib/gcc/arm-none-eabi/10.3.1/../../../../arm-none-eabi/lib/thumb/v7-m/nofp\libc_nano.a
END GROUP
START GROUP
LOAD d:/stm32cubeide_1.12.0/stm32cubeide/plugins/com.st.stm32cube.ide.mcu.externaltools.gnu-tools-for-stm32.10.3-2021.10.win32_1.0.200.202301161003/tools/bin/../lib/gcc/arm-none-eabi/10.3.1/thumb/v7-m/nofp\libgcc.a
LOAD d:/stm32cubeide_1.12.0/stm32cubeide/plugins/com.st.stm32cube.ide.mcu.externaltools.gnu-tools-for-stm32.10.3-2021.10.win32_1.0.200.202301161003/tools/bin/../lib/gcc/arm-none-eabi/10.3.1/../../../../arm-none-eabi/lib/thumb/v7-m/nofp\libc_nano.a
LOAD d:/stm32cubeide_1.12.0/stm32cubeide/plugins/com.st.stm32cube.ide.mcu.externaltools.gnu-tools-for-stm32.10.3-2021.10.win32_1.0.200.202301161003/tools/bin/../lib/gcc/arm-none-eabi/10.3.1/../../../../arm-none-eabi/lib/thumb/v7-m/nofp\libnosys.a
END GROUP
START GROUP
LOAD d:/stm32cubeide_1.12.0/stm32cubeide/plugins/com.st.stm32cube.ide.mcu.externaltools.gnu-tools-for-stm32.10.3-2021.10.win32_1.0.200.202301161003/tools/bin/../lib/gcc/arm-none-eabi/10.3.1/thumb/v7-m/nofp\libgcc.a
LOAD d:/stm32cubeide_1.12.0/stm32cubeide/plugins/com.st.stm32cube.ide.mcu.externaltools.gnu-tools-for-stm32.10.3-2021.10.win32_1.0.200.202301161003/tools/bin/../lib/gcc/arm-none-eabi/10.3.1/../../../../arm-none-eabi/lib/thumb/v7-m/nofp\libc_nano.a
LOAD d:/stm32cubeide_1.12.0/stm32cubeide/plugins/com.st.stm32cube.ide.mcu.externaltools.gnu-tools-for-stm32.10.3-2021.10.win32_1.0.200.202301161003/tools/bin/../lib/gcc/arm-none-eabi/10.3.1/../../../../arm-none-eabi/lib/thumb/v7-m/nofp\libnosys.a
END GROUP
LOAD d:/stm32cubeide_1.12.0/stm32cubeide/plugins/com.st.stm32cube.ide.mcu.externaltools.gnu-tools-for-stm32.10.3-2021.10.win32_1.0.200.202301161003/tools/bin/../lib/gcc/arm-none-eabi/10.3.1/thumb/v7-m/nofp/crtend.o
LOAD d:/stm32cubeide_1.12.0/stm32cubeide/plugins/com.st.stm32cube.ide.mcu.externaltools.gnu-tools-for-stm32.10.3-2021.10.win32_1.0.200.202301161003/tools/bin/../lib/gcc/arm-none-eabi/10.3.1/thumb/v7-m/nofp/crtn.o
                0x0000000020014000                _estack = (ORIGIN (RAM) + LENGTH (RAM))
                0x0000000000000200                _Min_Heap_Size = 0x200
                0x0000000000000400                _Min_Stack_Size = 0x400

.isr_vector     0x0000000008000000      0x13c
                0x0000000008000000                . = ALIGN (0x4)
 *(.isr_vector)
 .isr_vector    0x0000000008000000      0x13c ./Core/Startup/startup_stm32l152retx.o
                0x0000000008000000                g_pfnVectors
                0x000000000800013c                . = ALIGN (0x4)

.text           0x000000000800013c     0x5000
                0x000000000800013c                . = ALIGN (0x4)
 *(.text)
 .text          0x000000000800013c       0x40 d:/stm32cubeide_1.12.0/stm32cubeide/plugins/com.st.stm32cube.ide.mcu.externaltools.gnu-tools-for-stm32.10.3-2021.10.win32_1.0.200.202301161003/tools/bin/../lib/gcc/arm-none-eabi/10.3.1/thumb/v7-m/nofp/crtbegin.o
 .text          0x000000000800017c      0x21c d:/stm32cubeide_1.12.0/stm32cubeide/plugins/com.st.stm32cube.ide.mcu.externaltools.gnu-tools-for-stm32.10.3-2021.10.win32_1.0.200.202301161003/tools/bin/../lib/gcc/arm-none-eabi/10.3.1/thumb/v7-m/nofp\libgcc.a(_arm_addsubsf3.o)
                0x000000000800017c                __aeabi_frsub
                0x0000000008000184                __subsf3
                0x0000000008000184                __aeabi_fsub
                0x0000000008000188                __aeabi_fadd
                0x0000000008000188                __addsf3
                0x00000000080002e8                __aeabi_ui2f
                0x00000000080002e8                __floatunsisf
                0x00000000080002f0                __aeabi_i2f
                0x00000000080002f0                __floatsisf
                0x000000000800030c                __aeabi_ul2f
                0x000000000800030c                __floatundisf
                0x000000000800031c                __aeabi_l2f
                0x000000000800031c                __floatdisf
 .text          0x0000000008000398       0xec d:/stm32cubeide_1.12.0/stm32cubeide/plugins/com.st.stm32cube.ide.mcu.externaltools.gnu-tools-for-stm32.10.3-2021.10.win32_1.0.200.202301161003/tools/bin/../lib/gcc/arm-none-eabi/10.3.1/thumb/v7-m/nofp\libgcc.a(_arm_cmpsf2.o)
                0x0000000008000398                __gesf2
                0x0000000008000398                __gtsf2
                0x00000000080003a0                __lesf2
                0x00000000080003a0                __ltsf2
                0x00000000080003a8                __nesf2
                0x00000000080003a8                __eqsf2
                0x00000000080003a8                __cmpsf2
                0x0000000008000408                __aeabi_cfrcmple
                0x0000000008000410                __aeabi_cfcmpeq
                0x0000000008000410                __aeabi_cfcmple
                0x0000000008000420                __aeabi_fcmpeq
                0x0000000008000434                __aeabi_fcmplt
                0x0000000008000448                __aeabi_fcmple
                0x000000000800045c                __aeabi_fcmpge
                0x0000000008000470                __aeabi_fcmpgt
 .text          0x0000000008000484       0x4c d:/stm32cubeide_1.12.0/stm32cubeide/plugins/com.st.stm32cube.ide.mcu.externaltools.gnu-tools-for-stm32.10.3-2021.10.win32_1.0.200.202301161003/tools/bin/../lib/gcc/arm-none-eabi/10.3.1/thumb/v7-m/nofp\libgcc.a(_arm_fixsfsi.o)
                0x0000000008000484                __aeabi_f2iz
                0x0000000008000484                __fixsfsi
 .text          0x00000000080004d0       0x30 d:/stm32cubeide_1.12.0/stm32cubeide/plugins/com.st.stm32cube.ide.mcu.externaltools.gnu-tools-for-stm32.10.3-2021.10.win32_1.0.200.202301161003/tools/bin/../lib/gcc/arm-none-eabi/10.3.1/thumb/v7-m/nofp\libgcc.a(_aeabi_uldivmod.o)
                0x00000000080004d0                __aeabi_uldivmod
 .text          0x0000000008000500      0x2d4 d:/stm32cubeide_1.12.0/stm32cubeide/plugins/com.st.stm32cube.ide.mcu.externaltools.gnu-tools-for-stm32.10.3-2021.10.win32_1.0.200.202301161003/tools/bin/../lib/gcc/arm-none-eabi/10.3.1/thumb/v7-m/nofp\libgcc.a(_udivmoddi4.o)
                0x0000000008000500                __udivmoddi4
 .text          0x00000000080007d4        0x4 d:/stm32cubeide_1.12.0/stm32cubeide/plugins/com.st.stm32cube.ide.mcu.externaltools.gnu-tools-for-stm32.10.3-2021.10.win32_1.0.200.202301161003/tools/bin/../lib/gcc/arm-none-eabi/10.3.1/thumb/v7-m/nofp\libgcc.a(_dvmd_tls.o)
                0x00000000080007d4                __aeabi_idiv0
                0x00000000080007d4                __aeabi_ldiv0
 *(.text*)
 .text.MX_GPIO_Init
                0x00000000080007d8      0x16c ./Core/Src/gpio.o
                0x00000000080007d8                MX_GPIO_Init
 .text.main     0x0000000008000944      0x450 ./Core/Src/main.o
                0x0000000008000944                main
 .text.SystemClock_Config
                0x0000000008000d94       0x9c ./Core/Src/main.o
                0x0000000008000d94                SystemClock_Config
 .text.map      0x0000000008000e30       0x4a ./Core/Src/main.o
                0x0000000008000e30                map
 *fill*         0x0000000008000e7a        0x2 
 .text.PWMval   0x0000000008000e7c       0xa4 ./Core/Src/main.o
                0x0000000008000e7c                PWMval
 .text.podstR   0x0000000008000f20       0x20 ./Core/Src/main.o
                0x0000000008000f20                podstR
 .text.podstL   0x0000000008000f40       0x20 ./Core/Src/main.o
                0x0000000008000f40                podstL
 .text.stoppodst
                0x0000000008000f60       0x28 ./Core/Src/main.o
                0x0000000008000f60                stoppodst
 .text.czlon1R  0x0000000008000f88       0x28 ./Core/Src/main.o
                0x0000000008000f88                czlon1R
 .text.czlon1L  0x0000000008000fb0       0x28 ./Core/Src/main.o
                0x0000000008000fb0                czlon1L
 .text.stopczlon1
                0x0000000008000fd8       0x30 ./Core/Src/main.o
                0x0000000008000fd8                stopczlon1
 .text.czlon2R  0x0000000008001008       0x28 ./Core/Src/main.o
                0x0000000008001008                czlon2R
 .text.czlon2L  0x0000000008001030       0x28 ./Core/Src/main.o
                0x0000000008001030                czlon2L
 .text.stopczlon2
                0x0000000008001058       0x30 ./Core/Src/main.o
                0x0000000008001058                stopczlon2
 .text.czlon3R  0x0000000008001088       0x24 ./Core/Src/main.o
                0x0000000008001088                czlon3R
 .text.czlon3L  0x00000000080010ac       0x24 ./Core/Src/main.o
                0x00000000080010ac                czlon3L
 .text.stopczlon3
                0x00000000080010d0       0x2c ./Core/Src/main.o
                0x00000000080010d0                stopczlon3
 .text.czlon4R  0x00000000080010fc       0x28 ./Core/Src/main.o
                0x00000000080010fc                czlon4R
 .text.czlon4L  0x0000000008001124       0x28 ./Core/Src/main.o
                0x0000000008001124                czlon4L
 .text.stopczlon4
                0x000000000800114c       0x30 ./Core/Src/main.o
                0x000000000800114c                stopczlon4
 .text.czlon5R  0x000000000800117c       0x28 ./Core/Src/main.o
                0x000000000800117c                czlon5R
 .text.czlon5L  0x00000000080011a4       0x28 ./Core/Src/main.o
                0x00000000080011a4                czlon5L
 .text.stopczlon5
                0x00000000080011cc       0x30 ./Core/Src/main.o
                0x00000000080011cc                stopczlon5
 .text.LmotorF  0x00000000080011fc       0x24 ./Core/Src/main.o
                0x00000000080011fc                LmotorF
 .text.LmotorB  0x0000000008001220       0x24 ./Core/Src/main.o
                0x0000000008001220                LmotorB
 .text.stopLmotorF
                0x0000000008001244       0x2c ./Core/Src/main.o
                0x0000000008001244                stopLmotorF
 .text.RmotorF  0x0000000008001270       0x28 ./Core/Src/main.o
                0x0000000008001270                RmotorF
 .text.RmotorB  0x0000000008001298       0x28 ./Core/Src/main.o
                0x0000000008001298                RmotorB
 .text.stopRmotorF
                0x00000000080012c0       0x30 ./Core/Src/main.o
                0x00000000080012c0                stopRmotorF
 .text.rightside
                0x00000000080012f0      0x11c ./Core/Src/main.o
                0x00000000080012f0                rightside
 .text.leftside
                0x000000000800140c      0x11c ./Core/Src/main.o
                0x000000000800140c                leftside
 .text.motor0control
                0x0000000008001528       0x44 ./Core/Src/main.o
                0x0000000008001528                motor0control
 .text.motor1control
                0x000000000800156c       0x44 ./Core/Src/main.o
                0x000000000800156c                motor1control
 .text.motor2control
                0x00000000080015b0       0x44 ./Core/Src/main.o
                0x00000000080015b0                motor2control
 .text.motor3control
                0x00000000080015f4       0x44 ./Core/Src/main.o
                0x00000000080015f4                motor3control
 .text.motor4control
                0x0000000008001638       0x44 ./Core/Src/main.o
                0x0000000008001638                motor4control
 .text.motor5control
                0x000000000800167c       0x44 ./Core/Src/main.o
                0x000000000800167c                motor5control
 .text.Error_Handler
                0x00000000080016c0        0xa ./Core/Src/main.o
                0x00000000080016c0                Error_Handler
 *fill*         0x00000000080016ca        0x2 
 .text.nRF24_SendSpi
                0x00000000080016cc       0x2c ./Core/Src/nRF24.o
 .text.nRF24_ReadSpi
                0x00000000080016f8       0x2c ./Core/Src/nRF24.o
 .text.nRF24_ReadRegister
                0x0000000008001724       0x48 ./Core/Src/nRF24.o
 .text.nRF24_ReadRegisters
                0x000000000800176c       0x48 ./Core/Src/nRF24.o
 .text.nRF24_WriteRegister
                0x00000000080017b4       0x4c ./Core/Src/nRF24.o
 .text.nRF24_WriteRegisters
                0x0000000008001800       0x50 ./Core/Src/nRF24.o
 .text.nRF24_ReadConfig
                0x0000000008001850       0x10 ./Core/Src/nRF24.o
                0x0000000008001850                nRF24_ReadConfig
 .text.nRF24_WriteConfig
                0x0000000008001860       0x1c ./Core/Src/nRF24.o
                0x0000000008001860                nRF24_WriteConfig
 .text.nRF24_ReadStatus
                0x000000000800187c       0x10 ./Core/Src/nRF24.o
                0x000000000800187c                nRF24_ReadStatus
 .text.nRF24_WriteStatus
                0x000000000800188c       0x1c ./Core/Src/nRF24.o
                0x000000000800188c                nRF24_WriteStatus
 .text.nRF24_RX_Mode
                0x00000000080018a8       0x5c ./Core/Src/nRF24.o
                0x00000000080018a8                nRF24_RX_Mode
 .text.nRF24_SetPALevel
                0x0000000008001904       0x3e ./Core/Src/nRF24.o
                0x0000000008001904                nRF24_SetPALevel
 .text.nRF24_SetDataRate
                0x0000000008001942       0x4c ./Core/Src/nRF24.o
                0x0000000008001942                nRF24_SetDataRate
 *fill*         0x000000000800198e        0x2 
 .text.nRF24_FlushRX
                0x0000000008001990       0x34 ./Core/Src/nRF24.o
                0x0000000008001990                nRF24_FlushRX
 .text.nRF24_FlushTX
                0x00000000080019c4       0x34 ./Core/Src/nRF24.o
                0x00000000080019c4                nRF24_FlushTX
 .text.nRF24_EnableCRC
                0x00000000080019f8       0x3a ./Core/Src/nRF24.o
                0x00000000080019f8                nRF24_EnableCRC
 .text.nRF24_SetCRCLength
                0x0000000008001a32       0x3a ./Core/Src/nRF24.o
                0x0000000008001a32                nRF24_SetCRCLength
 .text.nRF24_SetRetries
                0x0000000008001a6c       0x36 ./Core/Src/nRF24.o
                0x0000000008001a6c                nRF24_SetRetries
 .text.nRF24_SetRFChannel
                0x0000000008001aa2       0x22 ./Core/Src/nRF24.o
                0x0000000008001aa2                nRF24_SetRFChannel
 .text.nRF24_SetPayloadSize
                0x0000000008001ac4       0x38 ./Core/Src/nRF24.o
                0x0000000008001ac4                nRF24_SetPayloadSize
 .text.nRF24_EnablePipe
                0x0000000008001afc       0x6a ./Core/Src/nRF24.o
                0x0000000008001afc                nRF24_EnablePipe
 .text.nRF24_AutoACK
                0x0000000008001b66       0x6a ./Core/Src/nRF24.o
                0x0000000008001b66                nRF24_AutoACK
 .text.nRF24_SetAddressWidth
                0x0000000008001bd0       0x3a ./Core/Src/nRF24.o
                0x0000000008001bd0                nRF24_SetAddressWidth
 .text.nRF24_SetRXAddress
                0x0000000008001c0a       0x72 ./Core/Src/nRF24.o
                0x0000000008001c0a                nRF24_SetRXAddress
 .text.nRF24_SetTXAddress
                0x0000000008001c7c       0x8c ./Core/Src/nRF24.o
                0x0000000008001c7c                nRF24_SetTXAddress
 .text.nRF24_ReadRXPaylaod
                0x0000000008001d08       0x38 ./Core/Src/nRF24.o
                0x0000000008001d08                nRF24_ReadRXPaylaod
 .text.nRF24_RXAvailible
                0x0000000008001d40       0x40 ./Core/Src/nRF24.o
                0x0000000008001d40                nRF24_RXAvailible
 .text.nRF24_Init
                0x0000000008001d80       0x8c ./Core/Src/nRF24.o
                0x0000000008001d80                nRF24_Init
 .text.MX_SPI2_Init
                0x0000000008001e0c       0x6c ./Core/Src/spi.o
                0x0000000008001e0c                MX_SPI2_Init
 .text.HAL_SPI_MspInit
                0x0000000008001e78       0x88 ./Core/Src/spi.o
                0x0000000008001e78                HAL_SPI_MspInit
 .text.HAL_MspInit
                0x0000000008001f00       0x60 ./Core/Src/stm32l1xx_hal_msp.o
                0x0000000008001f00                HAL_MspInit
 .text.NMI_Handler
                0x0000000008001f60        0x6 ./Core/Src/stm32l1xx_it.o
                0x0000000008001f60                NMI_Handler
 .text.HardFault_Handler
                0x0000000008001f66        0x6 ./Core/Src/stm32l1xx_it.o
                0x0000000008001f66                HardFault_Handler
 .text.MemManage_Handler
                0x0000000008001f6c        0x6 ./Core/Src/stm32l1xx_it.o
                0x0000000008001f6c                MemManage_Handler
 .text.BusFault_Handler
                0x0000000008001f72        0x6 ./Core/Src/stm32l1xx_it.o
                0x0000000008001f72                BusFault_Handler
 .text.UsageFault_Handler
                0x0000000008001f78        0x6 ./Core/Src/stm32l1xx_it.o
                0x0000000008001f78                UsageFault_Handler
 .text.SVC_Handler
                0x0000000008001f7e        0xc ./Core/Src/stm32l1xx_it.o
                0x0000000008001f7e                SVC_Handler
 .text.DebugMon_Handler
                0x0000000008001f8a        0xc ./Core/Src/stm32l1xx_it.o
                0x0000000008001f8a                DebugMon_Handler
 .text.PendSV_Handler
                0x0000000008001f96        0xc ./Core/Src/stm32l1xx_it.o
                0x0000000008001f96                PendSV_Handler
 .text.SysTick_Handler
                0x0000000008001fa2        0xc ./Core/Src/stm32l1xx_it.o
                0x0000000008001fa2                SysTick_Handler
 .text.SystemInit
                0x0000000008001fae        0xc ./Core/Src/system_stm32l1xx.o
                0x0000000008001fae                SystemInit
 *fill*         0x0000000008001fba        0x2 
 .text.MX_TIM3_Init
                0x0000000008001fbc      0x128 ./Core/Src/tim.o
                0x0000000008001fbc                MX_TIM3_Init
 .text.MX_TIM4_Init
                0x00000000080020e4      0x128 ./Core/Src/tim.o
                0x00000000080020e4                MX_TIM4_Init
 .text.MX_TIM5_Init
                0x000000000800220c       0xfc ./Core/Src/tim.o
                0x000000000800220c                MX_TIM5_Init
 .text.HAL_TIM_Base_MspInit
                0x0000000008002308       0x8c ./Core/Src/tim.o
                0x0000000008002308                HAL_TIM_Base_MspInit
 .text.HAL_TIM_MspPostInit
                0x0000000008002394      0x17c ./Core/Src/tim.o
                0x0000000008002394                HAL_TIM_MspPostInit
 .text.MX_USART2_UART_Init
                0x0000000008002510       0x54 ./Core/Src/usart.o
                0x0000000008002510                MX_USART2_UART_Init
 .text.HAL_UART_MspInit
                0x0000000008002564       0x88 ./Core/Src/usart.o
                0x0000000008002564                HAL_UART_MspInit
 .text.Reset_Handler
                0x00000000080025ec       0x48 ./Core/Startup/startup_stm32l152retx.o
                0x00000000080025ec                Reset_Handler
 .text.Default_Handler
                0x0000000008002634        0x2 ./Core/Startup/startup_stm32l152retx.o
                0x0000000008002634                RTC_Alarm_IRQHandler
                0x0000000008002634                EXTI2_IRQHandler
                0x0000000008002634                COMP_ACQ_IRQHandler
                0x0000000008002634                TIM10_IRQHandler
                0x0000000008002634                USB_HP_IRQHandler
                0x0000000008002634                TIM6_IRQHandler
                0x0000000008002634                PVD_IRQHandler
                0x0000000008002634                EXTI3_IRQHandler
                0x0000000008002634                EXTI0_IRQHandler
                0x0000000008002634                I2C2_EV_IRQHandler
                0x0000000008002634                SPI1_IRQHandler
                0x0000000008002634                USB_FS_WKUP_IRQHandler
                0x0000000008002634                DMA2_Channel2_IRQHandler
                0x0000000008002634                DMA1_Channel4_IRQHandler
                0x0000000008002634                ADC1_IRQHandler
                0x0000000008002634                USART3_IRQHandler
                0x0000000008002634                DMA1_Channel7_IRQHandler
                0x0000000008002634                LCD_IRQHandler
                0x0000000008002634                UART5_IRQHandler
                0x0000000008002634                TIM4_IRQHandler
                0x0000000008002634                DMA2_Channel1_IRQHandler
                0x0000000008002634                I2C1_EV_IRQHandler
                0x0000000008002634                DMA1_Channel6_IRQHandler
                0x0000000008002634                UART4_IRQHandler
                0x0000000008002634                DMA2_Channel4_IRQHandler
                0x0000000008002634                TIM3_IRQHandler
                0x0000000008002634                RCC_IRQHandler
                0x0000000008002634                DMA1_Channel1_IRQHandler
                0x0000000008002634                Default_Handler
                0x0000000008002634                EXTI15_10_IRQHandler
                0x0000000008002634                TIM7_IRQHandler
                0x0000000008002634                TIM5_IRQHandler
                0x0000000008002634                EXTI9_5_IRQHandler
                0x0000000008002634                TIM9_IRQHandler
                0x0000000008002634                TAMPER_STAMP_IRQHandler
                0x0000000008002634                RTC_WKUP_IRQHandler
                0x0000000008002634                SPI2_IRQHandler
                0x0000000008002634                DMA2_Channel5_IRQHandler
                0x0000000008002634                DMA1_Channel5_IRQHandler
                0x0000000008002634                USB_LP_IRQHandler
                0x0000000008002634                EXTI4_IRQHandler
                0x0000000008002634                DMA1_Channel3_IRQHandler
                0x0000000008002634                COMP_IRQHandler
                0x0000000008002634                WWDG_IRQHandler
                0x0000000008002634                TIM2_IRQHandler
                0x0000000008002634                DAC_IRQHandler
                0x0000000008002634                EXTI1_IRQHandler
                0x0000000008002634                TIM11_IRQHandler
                0x0000000008002634                USART2_IRQHandler
                0x0000000008002634                I2C2_ER_IRQHandler
                0x0000000008002634                DMA1_Channel2_IRQHandler
                0x0000000008002634                FLASH_IRQHandler
                0x0000000008002634                USART1_IRQHandler
                0x0000000008002634                SPI3_IRQHandler
                0x0000000008002634                I2C1_ER_IRQHandler
                0x0000000008002634                DMA2_Channel3_IRQHandler
 .text.HAL_Init
                0x0000000008002636       0x30 ./Drivers/STM32L1xx_HAL_Driver/stm32l1xx_hal.o
                0x0000000008002636                HAL_Init
 *fill*         0x0000000008002666        0x2 
 .text.HAL_InitTick
                0x0000000008002668       0x74 ./Drivers/STM32L1xx_HAL_Driver/stm32l1xx_hal.o
                0x0000000008002668                HAL_InitTick
 .text.HAL_IncTick
                0x00000000080026dc       0x24 ./Drivers/STM32L1xx_HAL_Driver/stm32l1xx_hal.o
                0x00000000080026dc                HAL_IncTick
 .text.HAL_GetTick
                0x0000000008002700       0x14 ./Drivers/STM32L1xx_HAL_Driver/stm32l1xx_hal.o
                0x0000000008002700                HAL_GetTick
 .text.HAL_Delay
                0x0000000008002714       0x44 ./Drivers/STM32L1xx_HAL_Driver/stm32l1xx_hal.o
                0x0000000008002714                HAL_Delay
 .text.__NVIC_SetPriorityGrouping
                0x0000000008002758       0x48 ./Drivers/STM32L1xx_HAL_Driver/stm32l1xx_hal_cortex.o
 .text.__NVIC_GetPriorityGrouping
                0x00000000080027a0       0x1c ./Drivers/STM32L1xx_HAL_Driver/stm32l1xx_hal_cortex.o
 .text.__NVIC_SetPriority
                0x00000000080027bc       0x54 ./Drivers/STM32L1xx_HAL_Driver/stm32l1xx_hal_cortex.o
 .text.NVIC_EncodePriority
                0x0000000008002810       0x64 ./Drivers/STM32L1xx_HAL_Driver/stm32l1xx_hal_cortex.o
 .text.SysTick_Config
                0x0000000008002874       0x44 ./Drivers/STM32L1xx_HAL_Driver/stm32l1xx_hal_cortex.o
 .text.HAL_NVIC_SetPriorityGrouping
                0x00000000080028b8       0x16 ./Drivers/STM32L1xx_HAL_Driver/stm32l1xx_hal_cortex.o
                0x00000000080028b8                HAL_NVIC_SetPriorityGrouping
 .text.HAL_NVIC_SetPriority
                0x00000000080028ce       0x38 ./Drivers/STM32L1xx_HAL_Driver/stm32l1xx_hal_cortex.o
                0x00000000080028ce                HAL_NVIC_SetPriority
 .text.HAL_SYSTICK_Config
                0x0000000008002906       0x18 ./Drivers/STM32L1xx_HAL_Driver/stm32l1xx_hal_cortex.o
                0x0000000008002906                HAL_SYSTICK_Config
 *fill*         0x000000000800291e        0x2 
 .text.HAL_GPIO_Init
                0x0000000008002920      0x320 ./Drivers/STM32L1xx_HAL_Driver/stm32l1xx_hal_gpio.o
                0x0000000008002920                HAL_GPIO_Init
 .text.HAL_GPIO_WritePin
                0x0000000008002c40       0x30 ./Drivers/STM32L1xx_HAL_Driver/stm32l1xx_hal_gpio.o
                0x0000000008002c40                HAL_GPIO_WritePin
 .text.HAL_GPIO_TogglePin
                0x0000000008002c70       0x32 ./Drivers/STM32L1xx_HAL_Driver/stm32l1xx_hal_gpio.o
                0x0000000008002c70                HAL_GPIO_TogglePin
 *fill*         0x0000000008002ca2        0x2 
 .text.HAL_RCC_OscConfig
                0x0000000008002ca4      0x660 ./Drivers/STM32L1xx_HAL_Driver/stm32l1xx_hal_rcc.o
                0x0000000008002ca4                HAL_RCC_OscConfig
 .text.HAL_RCC_ClockConfig
                0x0000000008003304      0x268 ./Drivers/STM32L1xx_HAL_Driver/stm32l1xx_hal_rcc.o
                0x0000000008003304                HAL_RCC_ClockConfig
 .text.HAL_RCC_GetSysClockFreq
                0x000000000800356c      0x200 ./Drivers/STM32L1xx_HAL_Driver/stm32l1xx_hal_rcc.o
                0x000000000800356c                HAL_RCC_GetSysClockFreq
 .text.HAL_RCC_GetHCLKFreq
                0x000000000800376c       0x14 ./Drivers/STM32L1xx_HAL_Driver/stm32l1xx_hal_rcc.o
                0x000000000800376c                HAL_RCC_GetHCLKFreq
 .text.HAL_RCC_GetPCLK1Freq
                0x0000000008003780       0x28 ./Drivers/STM32L1xx_HAL_Driver/stm32l1xx_hal_rcc.o
                0x0000000008003780                HAL_RCC_GetPCLK1Freq
 .text.HAL_RCC_GetPCLK2Freq
                0x00000000080037a8       0x28 ./Drivers/STM32L1xx_HAL_Driver/stm32l1xx_hal_rcc.o
                0x00000000080037a8                HAL_RCC_GetPCLK2Freq
 .text.RCC_SetFlashLatencyFromMSIRange
                0x00000000080037d0       0xc0 ./Drivers/STM32L1xx_HAL_Driver/stm32l1xx_hal_rcc.o
 .text.HAL_SPI_Init
                0x0000000008003890      0x112 ./Drivers/STM32L1xx_HAL_Driver/stm32l1xx_hal_spi.o
                0x0000000008003890                HAL_SPI_Init
 .text.HAL_SPI_Transmit
                0x00000000080039a2      0x286 ./Drivers/STM32L1xx_HAL_Driver/stm32l1xx_hal_spi.o
                0x00000000080039a2                HAL_SPI_Transmit
 .text.HAL_SPI_Receive
                0x0000000008003c28      0x230 ./Drivers/STM32L1xx_HAL_Driver/stm32l1xx_hal_spi.o
                0x0000000008003c28                HAL_SPI_Receive
 .text.HAL_SPI_TransmitReceive
                0x0000000008003e58      0x360 ./Drivers/STM32L1xx_HAL_Driver/stm32l1xx_hal_spi.o
                0x0000000008003e58                HAL_SPI_TransmitReceive
 .text.SPI_WaitFlagStateUntilTimeout
                0x00000000080041b8      0x110 ./Drivers/STM32L1xx_HAL_Driver/stm32l1xx_hal_spi.o
 .text.SPI_EndRxTransaction
                0x00000000080042c8       0xca ./Drivers/STM32L1xx_HAL_Driver/stm32l1xx_hal_spi.o
 *fill*         0x0000000008004392        0x2 
 .text.SPI_EndRxTxTransaction
                0x0000000008004394       0x84 ./Drivers/STM32L1xx_HAL_Driver/stm32l1xx_hal_spi.o
 .text.HAL_TIM_Base_Init
                0x0000000008004418       0x7e ./Drivers/STM32L1xx_HAL_Driver/stm32l1xx_hal_tim.o
                0x0000000008004418                HAL_TIM_Base_Init
 .text.HAL_TIM_PWM_Init
                0x0000000008004496       0x7e ./Drivers/STM32L1xx_HAL_Driver/stm32l1xx_hal_tim.o
                0x0000000008004496                HAL_TIM_PWM_Init
 .text.HAL_TIM_PWM_MspInit
                0x0000000008004514       0x12 ./Drivers/STM32L1xx_HAL_Driver/stm32l1xx_hal_tim.o
                0x0000000008004514                HAL_TIM_PWM_MspInit
 *fill*         0x0000000008004526        0x2 
 .text.HAL_TIM_PWM_Start
                0x0000000008004528      0x12c ./Drivers/STM32L1xx_HAL_Driver/stm32l1xx_hal_tim.o
                0x0000000008004528                HAL_TIM_PWM_Start
 .text.HAL_TIM_PWM_ConfigChannel
                0x0000000008004654      0x184 ./Drivers/STM32L1xx_HAL_Driver/stm32l1xx_hal_tim.o
                0x0000000008004654                HAL_TIM_PWM_ConfigChannel
 .text.HAL_TIM_ConfigClockSource
                0x00000000080047d8      0x18e ./Drivers/STM32L1xx_HAL_Driver/stm32l1xx_hal_tim.o
                0x00000000080047d8                HAL_TIM_ConfigClockSource
 *fill*         0x0000000008004966        0x2 
 .text.TIM_Base_SetConfig
                0x0000000008004968       0xe0 ./Drivers/STM32L1xx_HAL_Driver/stm32l1xx_hal_tim.o
 .text.TIM_OC1_SetConfig
                0x0000000008004a48       0x78 ./Drivers/STM32L1xx_HAL_Driver/stm32l1xx_hal_tim.o
 .text.TIM_OC2_SetConfig
                0x0000000008004ac0       0x7c ./Drivers/STM32L1xx_HAL_Driver/stm32l1xx_hal_tim.o
 .text.TIM_OC3_SetConfig
                0x0000000008004b3c       0x7a ./Drivers/STM32L1xx_HAL_Driver/stm32l1xx_hal_tim.o
 .text.TIM_OC4_SetConfig
                0x0000000008004bb6       0x7c ./Drivers/STM32L1xx_HAL_Driver/stm32l1xx_hal_tim.o
 .text.TIM_TI1_ConfigInputStage
                0x0000000008004c32       0x5c ./Drivers/STM32L1xx_HAL_Driver/stm32l1xx_hal_tim.o
 .text.TIM_TI2_ConfigInputStage
                0x0000000008004c8e       0x5e ./Drivers/STM32L1xx_HAL_Driver/stm32l1xx_hal_tim.o
 .text.TIM_ITRx_SetConfig
                0x0000000008004cec       0x34 ./Drivers/STM32L1xx_HAL_Driver/stm32l1xx_hal_tim.o
 .text.TIM_ETR_SetConfig
                0x0000000008004d20       0x3e ./Drivers/STM32L1xx_HAL_Driver/stm32l1xx_hal_tim.o
 .text.TIM_CCxChannelCmd
                0x0000000008004d5e       0x48 ./Drivers/STM32L1xx_HAL_Driver/stm32l1xx_hal_tim.o
 *fill*         0x0000000008004da6        0x2 
 .text.HAL_TIMEx_MasterConfigSynchronization
                0x0000000008004da8       0xbc ./Drivers/STM32L1xx_HAL_Driver/stm32l1xx_hal_tim_ex.o
                0x0000000008004da8                HAL_TIMEx_MasterConfigSynchronization
 .text.HAL_UART_Init
                0x0000000008004e64       0xa0 ./Drivers/STM32L1xx_HAL_Driver/stm32l1xx_hal_uart.o
                0x0000000008004e64                HAL_UART_Init
 .text.UART_SetConfig
                0x0000000008004f04      0x1c8 ./Drivers/STM32L1xx_HAL_Driver/stm32l1xx_hal_uart.o
 .text.__libc_init_array
                0x00000000080050cc       0x48 d:/stm32cubeide_1.12.0/stm32cubeide/plugins/com.st.stm32cube.ide.mcu.externaltools.gnu-tools-for-stm32.10.3-2021.10.win32_1.0.200.202301161003/tools/bin/../lib/gcc/arm-none-eabi/10.3.1/../../../../arm-none-eabi/lib/thumb/v7-m/nofp\libc_nano.a(lib_a-init.o)
                0x00000000080050cc                __libc_init_array
 .text.memset   0x0000000008005114       0x10 d:/stm32cubeide_1.12.0/stm32cubeide/plugins/com.st.stm32cube.ide.mcu.externaltools.gnu-tools-for-stm32.10.3-2021.10.win32_1.0.200.202301161003/tools/bin/../lib/gcc/arm-none-eabi/10.3.1/../../../../arm-none-eabi/lib/thumb/v7-m/nofp\libc_nano.a(lib_a-memset.o)
                0x0000000008005114                memset
 *(.glue_7)
 .glue_7        0x0000000008005124        0x0 linker stubs
 *(.glue_7t)
 .glue_7t       0x0000000008005124        0x0 linker stubs
 *(.eh_frame)
 .eh_frame      0x0000000008005124        0x0 d:/stm32cubeide_1.12.0/stm32cubeide/plugins/com.st.stm32cube.ide.mcu.externaltools.gnu-tools-for-stm32.10.3-2021.10.win32_1.0.200.202301161003/tools/bin/../lib/gcc/arm-none-eabi/10.3.1/thumb/v7-m/nofp/crtbegin.o
 *(.init)
 .init          0x0000000008005124        0x4 d:/stm32cubeide_1.12.0/stm32cubeide/plugins/com.st.stm32cube.ide.mcu.externaltools.gnu-tools-for-stm32.10.3-2021.10.win32_1.0.200.202301161003/tools/bin/../lib/gcc/arm-none-eabi/10.3.1/thumb/v7-m/nofp/crti.o
                0x0000000008005124                _init
 .init          0x0000000008005128        0x8 d:/stm32cubeide_1.12.0/stm32cubeide/plugins/com.st.stm32cube.ide.mcu.externaltools.gnu-tools-for-stm32.10.3-2021.10.win32_1.0.200.202301161003/tools/bin/../lib/gcc/arm-none-eabi/10.3.1/thumb/v7-m/nofp/crtn.o
 *(.fini)
 .fini          0x0000000008005130        0x4 d:/stm32cubeide_1.12.0/stm32cubeide/plugins/com.st.stm32cube.ide.mcu.externaltools.gnu-tools-for-stm32.10.3-2021.10.win32_1.0.200.202301161003/tools/bin/../lib/gcc/arm-none-eabi/10.3.1/thumb/v7-m/nofp/crti.o
                0x0000000008005130                _fini
 .fini          0x0000000008005134        0x8 d:/stm32cubeide_1.12.0/stm32cubeide/plugins/com.st.stm32cube.ide.mcu.externaltools.gnu-tools-for-stm32.10.3-2021.10.win32_1.0.200.202301161003/tools/bin/../lib/gcc/arm-none-eabi/10.3.1/thumb/v7-m/nofp/crtn.o
                0x000000000800513c                . = ALIGN (0x4)
                0x000000000800513c                _etext = .

.vfp11_veneer   0x000000000800513c        0x0
 .vfp11_veneer  0x000000000800513c        0x0 linker stubs

.v4_bx          0x000000000800513c        0x0
 .v4_bx         0x000000000800513c        0x0 linker stubs

.iplt           0x000000000800513c        0x0
 .iplt          0x000000000800513c        0x0 d:/stm32cubeide_1.12.0/stm32cubeide/plugins/com.st.stm32cube.ide.mcu.externaltools.gnu-tools-for-stm32.10.3-2021.10.win32_1.0.200.202301161003/tools/bin/../lib/gcc/arm-none-eabi/10.3.1/thumb/v7-m/nofp/crtbegin.o

.rodata         0x000000000800513c       0x2c
                0x000000000800513c                . = ALIGN (0x4)
 *(.rodata)
 .rodata        0x000000000800513c        0x8 ./Core/Src/main.o
 *(.rodata*)
 .rodata.PLLMulTable
                0x0000000008005144        0x9 ./Core/Src/system_stm32l1xx.o
                0x0000000008005144                PLLMulTable
 *fill*         0x000000000800514d        0x3 
 .rodata.AHBPrescTable
                0x0000000008005150       0x10 ./Core/Src/system_stm32l1xx.o
                0x0000000008005150                AHBPrescTable
 .rodata.APBPrescTable
                0x0000000008005160        0x8 ./Core/Src/system_stm32l1xx.o
                0x0000000008005160                APBPrescTable
                0x0000000008005168                . = ALIGN (0x4)

.ARM.extab      0x0000000008005168        0x0
                0x0000000008005168                . = ALIGN (0x4)
 *(.ARM.extab* .gnu.linkonce.armextab.*)
                0x0000000008005168                . = ALIGN (0x4)

.ARM            0x0000000008005168        0x8
                0x0000000008005168                . = ALIGN (0x4)
                0x0000000008005168                __exidx_start = .
 *(.ARM.exidx*)
 .ARM.exidx     0x0000000008005168        0x8 d:/stm32cubeide_1.12.0/stm32cubeide/plugins/com.st.stm32cube.ide.mcu.externaltools.gnu-tools-for-stm32.10.3-2021.10.win32_1.0.200.202301161003/tools/bin/../lib/gcc/arm-none-eabi/10.3.1/thumb/v7-m/nofp\libgcc.a(_udivmoddi4.o)
                0x0000000008005170                __exidx_end = .
                0x0000000008005170                . = ALIGN (0x4)

.rel.dyn        0x0000000008005170        0x0
 .rel.iplt      0x0000000008005170        0x0 d:/stm32cubeide_1.12.0/stm32cubeide/plugins/com.st.stm32cube.ide.mcu.externaltools.gnu-tools-for-stm32.10.3-2021.10.win32_1.0.200.202301161003/tools/bin/../lib/gcc/arm-none-eabi/10.3.1/thumb/v7-m/nofp/crtbegin.o

.preinit_array  0x0000000008005170        0x0
                0x0000000008005170                . = ALIGN (0x4)
                0x0000000008005170                PROVIDE (__preinit_array_start = .)
 *(.preinit_array*)
                0x0000000008005170                PROVIDE (__preinit_array_end = .)
                0x0000000008005170                . = ALIGN (0x4)

.init_array     0x0000000008005170        0x4
                0x0000000008005170                . = ALIGN (0x4)
                0x0000000008005170                PROVIDE (__init_array_start = .)
 *(SORT_BY_NAME(.init_array.*))
 *(.init_array*)
 .init_array    0x0000000008005170        0x4 d:/stm32cubeide_1.12.0/stm32cubeide/plugins/com.st.stm32cube.ide.mcu.externaltools.gnu-tools-for-stm32.10.3-2021.10.win32_1.0.200.202301161003/tools/bin/../lib/gcc/arm-none-eabi/10.3.1/thumb/v7-m/nofp/crtbegin.o
                0x0000000008005174                PROVIDE (__init_array_end = .)
                0x0000000008005174                . = ALIGN (0x4)

.fini_array     0x0000000008005174        0x4
                0x0000000008005174                . = ALIGN (0x4)
                [!provide]                        PROVIDE (__fini_array_start = .)
 *(SORT_BY_NAME(.fini_array.*))
 *(.fini_array*)
 .fini_array    0x0000000008005174        0x4 d:/stm32cubeide_1.12.0/stm32cubeide/plugins/com.st.stm32cube.ide.mcu.externaltools.gnu-tools-for-stm32.10.3-2021.10.win32_1.0.200.202301161003/tools/bin/../lib/gcc/arm-none-eabi/10.3.1/thumb/v7-m/nofp/crtbegin.o
                [!provide]                        PROVIDE (__fini_array_end = .)
                0x0000000008005178                . = ALIGN (0x4)
                0x0000000008005178                _sidata = LOADADDR (.data)

.data           0x0000000020000000       0x10 load address 0x0000000008005178
                0x0000000020000000                . = ALIGN (0x4)
                0x0000000020000000                _sdata = .
 *(.data)
 *(.data*)
 .data.step     0x0000000020000000        0x4 ./Core/Src/main.o
                0x0000000020000000                step
 .data.SystemCoreClock
                0x0000000020000004        0x4 ./Core/Src/system_stm32l1xx.o
                0x0000000020000004                SystemCoreClock
 .data.uwTickPrio
                0x0000000020000008        0x4 ./Drivers/STM32L1xx_HAL_Driver/stm32l1xx_hal.o
                0x0000000020000008                uwTickPrio
 .data.uwTickFreq
                0x000000002000000c        0x4 ./Drivers/STM32L1xx_HAL_Driver/stm32l1xx_hal.o
                0x000000002000000c                uwTickFreq
 *(.RamFunc)
 *(.RamFunc*)
                0x0000000020000010                . = ALIGN (0x4)
                0x0000000020000010                _edata = .

.igot.plt       0x0000000020000010        0x0 load address 0x0000000008005188
 .igot.plt      0x0000000020000010        0x0 d:/stm32cubeide_1.12.0/stm32cubeide/plugins/com.st.stm32cube.ide.mcu.externaltools.gnu-tools-for-stm32.10.3-2021.10.win32_1.0.200.202301161003/tools/bin/../lib/gcc/arm-none-eabi/10.3.1/thumb/v7-m/nofp/crtbegin.o
                0x0000000020000010                . = ALIGN (0x4)

.bss            0x0000000020000010      0x1c4 load address 0x0000000008005188
                0x0000000020000010                _sbss = .
                0x0000000020000010                __bss_start__ = _sbss
 *(.bss)
 .bss           0x0000000020000010       0x1c d:/stm32cubeide_1.12.0/stm32cubeide/plugins/com.st.stm32cube.ide.mcu.externaltools.gnu-tools-for-stm32.10.3-2021.10.win32_1.0.200.202301161003/tools/bin/../lib/gcc/arm-none-eabi/10.3.1/thumb/v7-m/nofp/crtbegin.o
 *(.bss*)
 .bss.nrfdata   0x000000002000002c        0x9 ./Core/Src/main.o
                0x000000002000002c                nrfdata
 .bss.button    0x0000000020000035        0x1 ./Core/Src/main.o
                0x0000000020000035                button
 .bss.button01  0x0000000020000036        0x1 ./Core/Src/main.o
                0x0000000020000036                button01
 .bss.button1A  0x0000000020000037        0x1 ./Core/Src/main.o
                0x0000000020000037                button1A
 .bss.button1B  0x0000000020000038        0x1 ./Core/Src/main.o
                0x0000000020000038                button1B
 .bss.button2A  0x0000000020000039        0x1 ./Core/Src/main.o
                0x0000000020000039                button2A
 .bss.button2B  0x000000002000003a        0x1 ./Core/Src/main.o
                0x000000002000003a                button2B
 .bss.button3A  0x000000002000003b        0x1 ./Core/Src/main.o
                0x000000002000003b                button3A
 .bss.button3B  0x000000002000003c        0x1 ./Core/Src/main.o
                0x000000002000003c                button3B
 .bss.button4A  0x000000002000003d        0x1 ./Core/Src/main.o
                0x000000002000003d                button4A
 .bss.button4B  0x000000002000003e        0x1 ./Core/Src/main.o
                0x000000002000003e                button4B
 .bss.moveA     0x000000002000003f        0x1 ./Core/Src/main.o
                0x000000002000003f                moveA
 .bss.moveB     0x0000000020000040        0x1 ./Core/Src/main.o
                0x0000000020000040                moveB
 .bss.rotateA   0x0000000020000041        0x1 ./Core/Src/main.o
                0x0000000020000041                rotateA
 .bss.rotateB   0x0000000020000042        0x1 ./Core/Src/main.o
                0x0000000020000042                rotateB
 .bss.offcon    0x0000000020000043        0x1 ./Core/Src/main.o
                0x0000000020000043                offcon
 .bss.autonomy  0x0000000020000044        0x1 ./Core/Src/main.o
                0x0000000020000044                autonomy
 .bss.sum       0x0000000020000045        0x1 ./Core/Src/main.o
                0x0000000020000045                sum
 .bss.byte1     0x0000000020000046        0x1 ./Core/Src/main.o
                0x0000000020000046                byte1
 .bss.byte2     0x0000000020000047        0x1 ./Core/Src/main.o
                0x0000000020000047                byte2
 .bss.byte3     0x0000000020000048        0x1 ./Core/Src/main.o
                0x0000000020000048                byte3
 .bss.byte4     0x0000000020000049        0x1 ./Core/Src/main.o
                0x0000000020000049                byte4
 .bss.byte5     0x000000002000004a        0x1 ./Core/Src/main.o
                0x000000002000004a                byte5
 .bss.byte6     0x000000002000004b        0x1 ./Core/Src/main.o
                0x000000002000004b                byte6
 .bss.byte7     0x000000002000004c        0x1 ./Core/Src/main.o
                0x000000002000004c                byte7
 .bss.byte8     0x000000002000004d        0x1 ./Core/Src/main.o
                0x000000002000004d                byte8
 .bss.chsm      0x000000002000004e        0x1 ./Core/Src/main.o
                0x000000002000004e                chsm
 *fill*         0x000000002000004f        0x1 
 .bss.pwm1      0x0000000020000050        0x4 ./Core/Src/main.o
                0x0000000020000050                pwm1
 .bss.pwm2      0x0000000020000054        0x4 ./Core/Src/main.o
                0x0000000020000054                pwm2
 .bss.pwmRight  0x0000000020000058        0x4 ./Core/Src/main.o
                0x0000000020000058                pwmRight
 .bss.pwmLeft   0x000000002000005c        0x4 ./Core/Src/main.o
                0x000000002000005c                pwmLeft
 .bss.time      0x0000000020000060        0x4 ./Core/Src/main.o
                0x0000000020000060                time
 .bss.timereset
                0x0000000020000064        0x4 ./Core/Src/main.o
                0x0000000020000064                timereset
 .bss.hspi_nrf  0x0000000020000068        0x4 ./Core/Src/nRF24.o
 .bss.addr_p0_backup
                0x000000002000006c        0x3 ./Core/Src/nRF24.o
 .bss.nrf24_rx_flag
                0x000000002000006f        0x1 ./Core/Src/nRF24.o
 .bss.hspi2     0x0000000020000070       0x58 ./Core/Src/spi.o
                0x0000000020000070                hspi2
 .bss.htim3     0x00000000200000c8       0x40 ./Core/Src/tim.o
                0x00000000200000c8                htim3
 .bss.htim4     0x0000000020000108       0x40 ./Core/Src/tim.o
                0x0000000020000108                htim4
 .bss.htim5     0x0000000020000148       0x40 ./Core/Src/tim.o
                0x0000000020000148                htim5
 .bss.huart2    0x0000000020000188       0x48 ./Core/Src/usart.o
                0x0000000020000188                huart2
 .bss.uwTick    0x00000000200001d0        0x4 ./Drivers/STM32L1xx_HAL_Driver/stm32l1xx_hal.o
                0x00000000200001d0                uwTick
 *(COMMON)
                0x00000000200001d4                . = ALIGN (0x4)
                0x00000000200001d4                _ebss = .
                0x00000000200001d4                __bss_end__ = _ebss

._user_heap_stack
                0x00000000200001d4      0x604 load address 0x0000000008005188
                0x00000000200001d8                . = ALIGN (0x8)
 *fill*         0x00000000200001d4        0x4 
                [!provide]                        PROVIDE (end = .)
                0x00000000200001d8                PROVIDE (_end = .)
                0x00000000200003d8                . = (. + _Min_Heap_Size)
 *fill*         0x00000000200001d8      0x200 
                0x00000000200007d8                . = (. + _Min_Stack_Size)
 *fill*         0x00000000200003d8      0x400 
                0x00000000200007d8                . = ALIGN (0x8)

/DISCARD/
 libc.a(*)
 libm.a(*)
 libgcc.a(*)

.ARM.attributes
                0x0000000000000000       0x29
 *(.ARM.attributes)
 .ARM.attributes
                0x0000000000000000       0x1d d:/stm32cubeide_1.12.0/stm32cubeide/plugins/com.st.stm32cube.ide.mcu.externaltools.gnu-tools-for-stm32.10.3-2021.10.win32_1.0.200.202301161003/tools/bin/../lib/gcc/arm-none-eabi/10.3.1/thumb/v7-m/nofp/crti.o
 .ARM.attributes
                0x000000000000001d       0x2d d:/stm32cubeide_1.12.0/stm32cubeide/plugins/com.st.stm32cube.ide.mcu.externaltools.gnu-tools-for-stm32.10.3-2021.10.win32_1.0.200.202301161003/tools/bin/../lib/gcc/arm-none-eabi/10.3.1/thumb/v7-m/nofp/crtbegin.o
 .ARM.attributes
                0x000000000000004a       0x2d ./Core/Src/gpio.o
 .ARM.attributes
                0x0000000000000077       0x2d ./Core/Src/main.o
 .ARM.attributes
                0x00000000000000a4       0x2d ./Core/Src/nRF24.o
 .ARM.attributes
                0x00000000000000d1       0x2d ./Core/Src/spi.o
 .ARM.attributes
                0x00000000000000fe       0x2d ./Core/Src/stm32l1xx_hal_msp.o
 .ARM.attributes
                0x000000000000012b       0x2d ./Core/Src/stm32l1xx_it.o
 .ARM.attributes
                0x0000000000000158       0x2d ./Core/Src/system_stm32l1xx.o
 .ARM.attributes
                0x0000000000000185       0x2d ./Core/Src/tim.o
 .ARM.attributes
                0x00000000000001b2       0x2d ./Core/Src/usart.o
 .ARM.attributes
                0x00000000000001df       0x21 ./Core/Startup/startup_stm32l152retx.o
 .ARM.attributes
                0x0000000000000200       0x2d ./Drivers/STM32L1xx_HAL_Driver/stm32l1xx_hal.o
 .ARM.attributes
                0x000000000000022d       0x2d ./Drivers/STM32L1xx_HAL_Driver/stm32l1xx_hal_cortex.o
 .ARM.attributes
                0x000000000000025a       0x2d ./Drivers/STM32L1xx_HAL_Driver/stm32l1xx_hal_gpio.o
 .ARM.attributes
                0x0000000000000287       0x2d ./Drivers/STM32L1xx_HAL_Driver/stm32l1xx_hal_rcc.o
 .ARM.attributes
                0x00000000000002b4       0x2d ./Drivers/STM32L1xx_HAL_Driver/stm32l1xx_hal_spi.o
 .ARM.attributes
                0x00000000000002e1       0x2d ./Drivers/STM32L1xx_HAL_Driver/stm32l1xx_hal_tim.o
 .ARM.attributes
                0x000000000000030e       0x2d ./Drivers/STM32L1xx_HAL_Driver/stm32l1xx_hal_tim_ex.o
 .ARM.attributes
                0x000000000000033b       0x2d ./Drivers/STM32L1xx_HAL_Driver/stm32l1xx_hal_uart.o
 .ARM.attributes
                0x0000000000000368       0x2d d:/stm32cubeide_1.12.0/stm32cubeide/plugins/com.st.stm32cube.ide.mcu.externaltools.gnu-tools-for-stm32.10.3-2021.10.win32_1.0.200.202301161003/tools/bin/../lib/gcc/arm-none-eabi/10.3.1/../../../../arm-none-eabi/lib/thumb/v7-m/nofp\libc_nano.a(lib_a-init.o)
 .ARM.attributes
                0x0000000000000395       0x2d d:/stm32cubeide_1.12.0/stm32cubeide/plugins/com.st.stm32cube.ide.mcu.externaltools.gnu-tools-for-stm32.10.3-2021.10.win32_1.0.200.202301161003/tools/bin/../lib/gcc/arm-none-eabi/10.3.1/../../../../arm-none-eabi/lib/thumb/v7-m/nofp\libc_nano.a(lib_a-memset.o)
 .ARM.attributes
                0x00000000000003c2       0x1d d:/stm32cubeide_1.12.0/stm32cubeide/plugins/com.st.stm32cube.ide.mcu.externaltools.gnu-tools-for-stm32.10.3-2021.10.win32_1.0.200.202301161003/tools/bin/../lib/gcc/arm-none-eabi/10.3.1/thumb/v7-m/nofp\libgcc.a(_arm_addsubsf3.o)
 .ARM.attributes
                0x00000000000003df       0x1d d:/stm32cubeide_1.12.0/stm32cubeide/plugins/com.st.stm32cube.ide.mcu.externaltools.gnu-tools-for-stm32.10.3-2021.10.win32_1.0.200.202301161003/tools/bin/../lib/gcc/arm-none-eabi/10.3.1/thumb/v7-m/nofp\libgcc.a(_arm_cmpsf2.o)
 .ARM.attributes
                0x00000000000003fc       0x1d d:/stm32cubeide_1.12.0/stm32cubeide/plugins/com.st.stm32cube.ide.mcu.externaltools.gnu-tools-for-stm32.10.3-2021.10.win32_1.0.200.202301161003/tools/bin/../lib/gcc/arm-none-eabi/10.3.1/thumb/v7-m/nofp\libgcc.a(_arm_fixsfsi.o)
 .ARM.attributes
                0x0000000000000419       0x1d d:/stm32cubeide_1.12.0/stm32cubeide/plugins/com.st.stm32cube.ide.mcu.externaltools.gnu-tools-for-stm32.10.3-2021.10.win32_1.0.200.202301161003/tools/bin/../lib/gcc/arm-none-eabi/10.3.1/thumb/v7-m/nofp\libgcc.a(_aeabi_uldivmod.o)
 .ARM.attributes
                0x0000000000000436       0x2d d:/stm32cubeide_1.12.0/stm32cubeide/plugins/com.st.stm32cube.ide.mcu.externaltools.gnu-tools-for-stm32.10.3-2021.10.win32_1.0.200.202301161003/tools/bin/../lib/gcc/arm-none-eabi/10.3.1/thumb/v7-m/nofp\libgcc.a(_udivmoddi4.o)
 .ARM.attributes
                0x0000000000000463       0x1d d:/stm32cubeide_1.12.0/stm32cubeide/plugins/com.st.stm32cube.ide.mcu.externaltools.gnu-tools-for-stm32.10.3-2021.10.win32_1.0.200.202301161003/tools/bin/../lib/gcc/arm-none-eabi/10.3.1/thumb/v7-m/nofp\libgcc.a(_dvmd_tls.o)
 .ARM.attributes
                0x0000000000000480       0x1d d:/stm32cubeide_1.12.0/stm32cubeide/plugins/com.st.stm32cube.ide.mcu.externaltools.gnu-tools-for-stm32.10.3-2021.10.win32_1.0.200.202301161003/tools/bin/../lib/gcc/arm-none-eabi/10.3.1/thumb/v7-m/nofp/crtn.o
OUTPUT(nowyManipulator.elf elf32-littlearm)
LOAD linker stubs
LOAD d:/stm32cubeide_1.12.0/stm32cubeide/plugins/com.st.stm32cube.ide.mcu.externaltools.gnu-tools-for-stm32.10.3-2021.10.win32_1.0.200.202301161003/tools/bin/../lib/gcc/arm-none-eabi/10.3.1/../../../../arm-none-eabi/lib/thumb/v7-m/nofp\libc.a
LOAD d:/stm32cubeide_1.12.0/stm32cubeide/plugins/com.st.stm32cube.ide.mcu.externaltools.gnu-tools-for-stm32.10.3-2021.10.win32_1.0.200.202301161003/tools/bin/../lib/gcc/arm-none-eabi/10.3.1/../../../../arm-none-eabi/lib/thumb/v7-m/nofp\libm.a
LOAD d:/stm32cubeide_1.12.0/stm32cubeide/plugins/com.st.stm32cube.ide.mcu.externaltools.gnu-tools-for-stm32.10.3-2021.10.win32_1.0.200.202301161003/tools/bin/../lib/gcc/arm-none-eabi/10.3.1/thumb/v7-m/nofp\libgcc.a

.debug_info     0x0000000000000000     0xe780
 .debug_info    0x0000000000000000      0x3ae ./Core/Src/gpio.o
 .debug_info    0x00000000000003ae     0x1443 ./Core/Src/main.o
 .debug_info    0x00000000000017f1      0xd74 ./Core/Src/nRF24.o
 .debug_info    0x0000000000002565      0x8c2 ./Core/Src/spi.o
 .debug_info    0x0000000000002e27      0x1e8 ./Core/Src/stm32l1xx_hal_msp.o
 .debug_info    0x000000000000300f      0x122 ./Core/Src/stm32l1xx_it.o
 .debug_info    0x0000000000003131      0x2a7 ./Core/Src/system_stm32l1xx.o
 .debug_info    0x00000000000033d8      0xc58 ./Core/Src/tim.o
 .debug_info    0x0000000000004030      0x895 ./Core/Src/usart.o
 .debug_info    0x00000000000048c5       0x22 ./Core/Startup/startup_stm32l152retx.o
 .debug_info    0x00000000000048e7      0x726 ./Drivers/STM32L1xx_HAL_Driver/stm32l1xx_hal.o
 .debug_info    0x000000000000500d      0xd85 ./Drivers/STM32L1xx_HAL_Driver/stm32l1xx_hal_cortex.o
 .debug_info    0x0000000000005d92      0x635 ./Drivers/STM32L1xx_HAL_Driver/stm32l1xx_hal_gpio.o
 .debug_info    0x00000000000063c7      0x9e6 ./Drivers/STM32L1xx_HAL_Driver/stm32l1xx_hal_rcc.o
 .debug_info    0x0000000000006dad     0x1710 ./Drivers/STM32L1xx_HAL_Driver/stm32l1xx_hal_spi.o
 .debug_info    0x00000000000084bd     0x2a22 ./Drivers/STM32L1xx_HAL_Driver/stm32l1xx_hal_tim.o
 .debug_info    0x000000000000aedf      0x6f0 ./Drivers/STM32L1xx_HAL_Driver/stm32l1xx_hal_tim_ex.o
 .debug_info    0x000000000000b5cf     0x31b1 ./Drivers/STM32L1xx_HAL_Driver/stm32l1xx_hal_uart.o

.debug_abbrev   0x0000000000000000     0x226d
 .debug_abbrev  0x0000000000000000      0x146 ./Core/Src/gpio.o
 .debug_abbrev  0x0000000000000146      0x2e9 ./Core/Src/main.o
 .debug_abbrev  0x000000000000042f      0x288 ./Core/Src/nRF24.o
 .debug_abbrev  0x00000000000006b7      0x1e0 ./Core/Src/spi.o
 .debug_abbrev  0x0000000000000897       0xde ./Core/Src/stm32l1xx_hal_msp.o
 .debug_abbrev  0x0000000000000975       0x74 ./Core/Src/stm32l1xx_it.o
 .debug_abbrev  0x00000000000009e9      0x116 ./Core/Src/system_stm32l1xx.o
 .debug_abbrev  0x0000000000000aff      0x287 ./Core/Src/tim.o
 .debug_abbrev  0x0000000000000d86      0x1e7 ./Core/Src/usart.o
 .debug_abbrev  0x0000000000000f6d       0x12 ./Core/Startup/startup_stm32l152retx.o
 .debug_abbrev  0x0000000000000f7f      0x26c ./Drivers/STM32L1xx_HAL_Driver/stm32l1xx_hal.o
 .debug_abbrev  0x00000000000011eb      0x316 ./Drivers/STM32L1xx_HAL_Driver/stm32l1xx_hal_cortex.o
 .debug_abbrev  0x0000000000001501      0x1c4 ./Drivers/STM32L1xx_HAL_Driver/stm32l1xx_hal_gpio.o
 .debug_abbrev  0x00000000000016c5      0x2b0 ./Drivers/STM32L1xx_HAL_Driver/stm32l1xx_hal_rcc.o
 .debug_abbrev  0x0000000000001975      0x26e ./Drivers/STM32L1xx_HAL_Driver/stm32l1xx_hal_spi.o
 .debug_abbrev  0x0000000000001be3      0x24f ./Drivers/STM32L1xx_HAL_Driver/stm32l1xx_hal_tim.o
 .debug_abbrev  0x0000000000001e32      0x15c ./Drivers/STM32L1xx_HAL_Driver/stm32l1xx_hal_tim_ex.o
 .debug_abbrev  0x0000000000001f8e      0x2df ./Drivers/STM32L1xx_HAL_Driver/stm32l1xx_hal_uart.o

.debug_aranges  0x0000000000000000      0xea8
 .debug_aranges
                0x0000000000000000       0x20 ./Core/Src/gpio.o
 .debug_aranges
                0x0000000000000020      0x150 ./Core/Src/main.o
 .debug_aranges
                0x0000000000000170      0x110 ./Core/Src/nRF24.o
 .debug_aranges
                0x0000000000000280       0x30 ./Core/Src/spi.o
 .debug_aranges
                0x00000000000002b0       0x20 ./Core/Src/stm32l1xx_hal_msp.o
 .debug_aranges
                0x00000000000002d0       0x60 ./Core/Src/stm32l1xx_it.o
 .debug_aranges
                0x0000000000000330       0x28 ./Core/Src/system_stm32l1xx.o
 .debug_aranges
                0x0000000000000358       0x48 ./Core/Src/tim.o
 .debug_aranges
                0x00000000000003a0       0x30 ./Core/Src/usart.o
 .debug_aranges
                0x00000000000003d0       0x28 ./Core/Startup/startup_stm32l152retx.o
 .debug_aranges
                0x00000000000003f8       0xe0 ./Drivers/STM32L1xx_HAL_Driver/stm32l1xx_hal.o
 .debug_aranges
                0x00000000000004d8      0x118 ./Drivers/STM32L1xx_HAL_Driver/stm32l1xx_hal_cortex.o
 .debug_aranges
                0x00000000000005f0       0x58 ./Drivers/STM32L1xx_HAL_Driver/stm32l1xx_hal_gpio.o
 .debug_aranges
                0x0000000000000648       0x90 ./Drivers/STM32L1xx_HAL_Driver/stm32l1xx_hal_rcc.o
 .debug_aranges
                0x00000000000006d8      0x1d0 ./Drivers/STM32L1xx_HAL_Driver/stm32l1xx_hal_spi.o
 .debug_aranges
                0x00000000000008a8      0x3d0 ./Drivers/STM32L1xx_HAL_Driver/stm32l1xx_hal_tim.o
 .debug_aranges
                0x0000000000000c78       0x28 ./Drivers/STM32L1xx_HAL_Driver/stm32l1xx_hal_tim_ex.o
 .debug_aranges
                0x0000000000000ca0      0x208 ./Drivers/STM32L1xx_HAL_Driver/stm32l1xx_hal_uart.o

.debug_ranges   0x0000000000000000      0xdc0
 .debug_ranges  0x0000000000000000       0x10 ./Core/Src/gpio.o
 .debug_ranges  0x0000000000000010      0x140 ./Core/Src/main.o
 .debug_ranges  0x0000000000000150      0x100 ./Core/Src/nRF24.o
 .debug_ranges  0x0000000000000250       0x20 ./Core/Src/spi.o
 .debug_ranges  0x0000000000000270       0x10 ./Core/Src/stm32l1xx_hal_msp.o
 .debug_ranges  0x0000000000000280       0x50 ./Core/Src/stm32l1xx_it.o
 .debug_ranges  0x00000000000002d0       0x18 ./Core/Src/system_stm32l1xx.o
 .debug_ranges  0x00000000000002e8       0x38 ./Core/Src/tim.o
 .debug_ranges  0x0000000000000320       0x20 ./Core/Src/usart.o
 .debug_ranges  0x0000000000000340       0x20 ./Core/Startup/startup_stm32l152retx.o
 .debug_ranges  0x0000000000000360       0xd0 ./Drivers/STM32L1xx_HAL_Driver/stm32l1xx_hal.o
 .debug_ranges  0x0000000000000430      0x108 ./Drivers/STM32L1xx_HAL_Driver/stm32l1xx_hal_cortex.o
 .debug_ranges  0x0000000000000538       0x48 ./Drivers/STM32L1xx_HAL_Driver/stm32l1xx_hal_gpio.o
 .debug_ranges  0x0000000000000580       0x80 ./Drivers/STM32L1xx_HAL_Driver/stm32l1xx_hal_rcc.o
 .debug_ranges  0x0000000000000600      0x1c0 ./Drivers/STM32L1xx_HAL_Driver/stm32l1xx_hal_spi.o
 .debug_ranges  0x00000000000007c0      0x3c0 ./Drivers/STM32L1xx_HAL_Driver/stm32l1xx_hal_tim.o
 .debug_ranges  0x0000000000000b80       0x18 ./Drivers/STM32L1xx_HAL_Driver/stm32l1xx_hal_tim_ex.o
 .debug_ranges  0x0000000000000b98      0x228 ./Drivers/STM32L1xx_HAL_Driver/stm32l1xx_hal_uart.o

.debug_macro    0x0000000000000000    0x16d37
 .debug_macro   0x0000000000000000      0x1d2 ./Core/Src/gpio.o
 .debug_macro   0x00000000000001d2      0xa6c ./Core/Src/gpio.o
 .debug_macro   0x0000000000000c3e      0x115 ./Core/Src/gpio.o
 .debug_macro   0x0000000000000d53       0x2e ./Core/Src/gpio.o
 .debug_macro   0x0000000000000d81       0x22 ./Core/Src/gpio.o
 .debug_macro   0x0000000000000da3       0x22 ./Core/Src/gpio.o
 .debug_macro   0x0000000000000dc5       0x8e ./Core/Src/gpio.o
 .debug_macro   0x0000000000000e53       0x51 ./Core/Src/gpio.o
 .debug_macro   0x0000000000000ea4      0x103 ./Core/Src/gpio.o
 .debug_macro   0x0000000000000fa7       0x6a ./Core/Src/gpio.o
 .debug_macro   0x0000000000001011      0x1df ./Core/Src/gpio.o
 .debug_macro   0x00000000000011f0       0x1c ./Core/Src/gpio.o
 .debug_macro   0x000000000000120c       0x22 ./Core/Src/gpio.o
 .debug_macro   0x000000000000122e       0xbd ./Core/Src/gpio.o
 .debug_macro   0x00000000000012eb      0xe49 ./Core/Src/gpio.o
 .debug_macro   0x0000000000002134      0x11f ./Core/Src/gpio.o
 .debug_macro   0x0000000000002253     0xb56a ./Core/Src/gpio.o
 .debug_macro   0x000000000000d7bd       0x6d ./Core/Src/gpio.o
 .debug_macro   0x000000000000d82a     0x34cc ./Core/Src/gpio.o
 .debug_macro   0x0000000000010cf6      0x174 ./Core/Src/gpio.o
 .debug_macro   0x0000000000010e6a       0x5b ./Core/Src/gpio.o
 .debug_macro   0x0000000000010ec5      0xe37 ./Core/Src/gpio.o
 .debug_macro   0x0000000000011cfc      0x35b ./Core/Src/gpio.o
 .debug_macro   0x0000000000012057      0x1b8 ./Core/Src/gpio.o
 .debug_macro   0x000000000001220f       0xc5 ./Core/Src/gpio.o
 .debug_macro   0x00000000000122d4      0x21e ./Core/Src/gpio.o
 .debug_macro   0x00000000000124f2      0x236 ./Core/Src/gpio.o
 .debug_macro   0x0000000000012728      0x115 ./Core/Src/gpio.o
 .debug_macro   0x000000000001283d      0x567 ./Core/Src/gpio.o
 .debug_macro   0x0000000000012da4      0x1e9 ./Core/Src/gpio.o
 .debug_macro   0x0000000000012f8d       0x22 ./Core/Src/gpio.o
 .debug_macro   0x0000000000012faf      0x225 ./Core/Src/gpio.o
 .debug_macro   0x00000000000131d4      0x788 ./Core/Src/gpio.o
 .debug_macro   0x000000000001395c       0xac ./Core/Src/gpio.o
 .debug_macro   0x0000000000013a08      0x2aa ./Core/Src/gpio.o
 .debug_macro   0x0000000000013cb2      0x170 ./Core/Src/gpio.o
 .debug_macro   0x0000000000013e22      0x492 ./Core/Src/gpio.o
 .debug_macro   0x00000000000142b4      0x1d4 ./Core/Src/gpio.o
 .debug_macro   0x0000000000014488      0x2e8 ./Core/Src/main.o
 .debug_macro   0x0000000000014770      0x220 ./Core/Src/main.o
 .debug_macro   0x0000000000014990       0x52 ./Core/Src/main.o
 .debug_macro   0x00000000000149e2       0x18 ./Core/Src/main.o
 .debug_macro   0x00000000000149fa       0x3c ./Core/Src/main.o
 .debug_macro   0x0000000000014a36       0x34 ./Core/Src/main.o
 .debug_macro   0x0000000000014a6a       0x16 ./Core/Src/main.o
 .debug_macro   0x0000000000014a80       0x43 ./Core/Src/main.o
 .debug_macro   0x0000000000014ac3       0x34 ./Core/Src/main.o
 .debug_macro   0x0000000000014af7       0x10 ./Core/Src/main.o
 .debug_macro   0x0000000000014b07       0x58 ./Core/Src/main.o
 .debug_macro   0x0000000000014b5f       0x71 ./Core/Src/main.o
 .debug_macro   0x0000000000014bd0       0x1c ./Core/Src/main.o
 .debug_macro   0x0000000000014bec      0x12a ./Core/Src/main.o
 .debug_macro   0x0000000000014d16      0x341 ./Core/Src/main.o
 .debug_macro   0x0000000000015057       0x10 ./Core/Src/main.o
 .debug_macro   0x0000000000015067       0x35 ./Core/Src/main.o
 .debug_macro   0x000000000001509c       0x20 ./Core/Src/main.o
 .debug_macro   0x00000000000150bc      0x19b ./Core/Src/main.o
 .debug_macro   0x0000000000015257      0x201 ./Core/Src/nRF24.o
 .debug_macro   0x0000000000015458      0x1d2 ./Core/Src/spi.o
 .debug_macro   0x000000000001562a      0x1c8 ./Core/Src/stm32l1xx_hal_msp.o
 .debug_macro   0x00000000000157f2      0x1d2 ./Core/Src/stm32l1xx_it.o
 .debug_macro   0x00000000000159c4      0x1b9 ./Core/Src/system_stm32l1xx.o
 .debug_macro   0x0000000000015b7d      0x1d2 ./Core/Src/tim.o
 .debug_macro   0x0000000000015d4f      0x1d2 ./Core/Src/usart.o
 .debug_macro   0x0000000000015f21      0x1dd ./Drivers/STM32L1xx_HAL_Driver/stm32l1xx_hal.o
 .debug_macro   0x00000000000160fe      0x1b9 ./Drivers/STM32L1xx_HAL_Driver/stm32l1xx_hal_cortex.o
 .debug_macro   0x00000000000162b7      0x1c0 ./Drivers/STM32L1xx_HAL_Driver/stm32l1xx_hal_gpio.o
 .debug_macro   0x0000000000016477      0x1cb ./Drivers/STM32L1xx_HAL_Driver/stm32l1xx_hal_rcc.o
 .debug_macro   0x0000000000016642      0x1c8 ./Drivers/STM32L1xx_HAL_Driver/stm32l1xx_hal_spi.o
 .debug_macro   0x000000000001680a      0x1ba ./Drivers/STM32L1xx_HAL_Driver/stm32l1xx_hal_tim.o
 .debug_macro   0x00000000000169c4      0x1b9 ./Drivers/STM32L1xx_HAL_Driver/stm32l1xx_hal_tim_ex.o
 .debug_macro   0x0000000000016b7d      0x1ba ./Drivers/STM32L1xx_HAL_Driver/stm32l1xx_hal_uart.o

.debug_line     0x0000000000000000    0x10a2d
 .debug_line    0x0000000000000000      0x7dd ./Core/Src/gpio.o
 .debug_line    0x00000000000007dd     0x10b5 ./Core/Src/main.o
 .debug_line    0x0000000000001892      0xc45 ./Core/Src/nRF24.o
 .debug_line    0x00000000000024d7      0x80a ./Core/Src/spi.o
 .debug_line    0x0000000000002ce1      0x79a ./Core/Src/stm32l1xx_hal_msp.o
 .debug_line    0x000000000000347b      0x85b ./Core/Src/stm32l1xx_it.o
 .debug_line    0x0000000000003cd6      0x839 ./Core/Src/system_stm32l1xx.o
 .debug_line    0x000000000000450f      0xa1b ./Core/Src/tim.o
 .debug_line    0x0000000000004f2a      0x802 ./Core/Src/usart.o
 .debug_line    0x000000000000572c       0x87 ./Core/Startup/startup_stm32l152retx.o
 .debug_line    0x00000000000057b3      0xa95 ./Drivers/STM32L1xx_HAL_Driver/stm32l1xx_hal.o
 .debug_line    0x0000000000006248      0xd62 ./Drivers/STM32L1xx_HAL_Driver/stm32l1xx_hal_cortex.o
 .debug_line    0x0000000000006faa      0xb0d ./Drivers/STM32L1xx_HAL_Driver/stm32l1xx_hal_gpio.o
 .debug_line    0x0000000000007ab7      0xf9e ./Drivers/STM32L1xx_HAL_Driver/stm32l1xx_hal_rcc.o
 .debug_line    0x0000000000008a55     0x1d3e ./Drivers/STM32L1xx_HAL_Driver/stm32l1xx_hal_spi.o
 .debug_line    0x000000000000a793     0x302f ./Drivers/STM32L1xx_HAL_Driver/stm32l1xx_hal_tim.o
 .debug_line    0x000000000000d7c2      0x8a4 ./Drivers/STM32L1xx_HAL_Driver/stm32l1xx_hal_tim_ex.o
 .debug_line    0x000000000000e066     0x29c7 ./Drivers/STM32L1xx_HAL_Driver/stm32l1xx_hal_uart.o

.debug_str      0x0000000000000000    0x8e496
 .debug_str     0x0000000000000000    0x869e3 ./Core/Src/gpio.o
                                      0x86c67 (size before relaxing)
 .debug_str     0x00000000000869e3     0x4844 ./Core/Src/main.o
                                      0x8b4ca (size before relaxing)
 .debug_str     0x000000000008b227      0x39c ./Core/Src/nRF24.o
                                      0x87a7f (size before relaxing)
 .debug_str     0x000000000008b5c3       0x5b ./Core/Src/spi.o
                                      0x8707e (size before relaxing)
 .debug_str     0x000000000008b61e       0x49 ./Core/Src/stm32l1xx_hal_msp.o
                                      0x86bb9 (size before relaxing)
 .debug_str     0x000000000008b667       0xc9 ./Core/Src/stm32l1xx_it.o
                                      0x86bb9 (size before relaxing)
 .debug_str     0x000000000008b730       0xe1 ./Core/Src/system_stm32l1xx.o
                                      0x86506 (size before relaxing)
 .debug_str     0x000000000008b811      0x1c5 ./Core/Src/tim.o
                                      0x8730c (size before relaxing)
 .debug_str     0x000000000008b9d6      0x1e4 ./Core/Src/usart.o
                                      0x870af (size before relaxing)
 .debug_str     0x000000000008bbba       0x36 ./Core/Startup/startup_stm32l152retx.o
                                         0x7e (size before relaxing)
 .debug_str     0x000000000008bbf0      0x693 ./Drivers/STM32L1xx_HAL_Driver/stm32l1xx_hal.o
                                      0x86c64 (size before relaxing)
 .debug_str     0x000000000008c283      0x413 ./Drivers/STM32L1xx_HAL_Driver/stm32l1xx_hal_cortex.o
                                      0x86d3e (size before relaxing)
 .debug_str     0x000000000008c696      0x141 ./Drivers/STM32L1xx_HAL_Driver/stm32l1xx_hal_gpio.o
                                      0x866d2 (size before relaxing)
 .debug_str     0x000000000008c7d7      0x2ba ./Drivers/STM32L1xx_HAL_Driver/stm32l1xx_hal_rcc.o
                                      0x869fb (size before relaxing)
 .debug_str     0x000000000008ca91      0x5b5 ./Drivers/STM32L1xx_HAL_Driver/stm32l1xx_hal_spi.o
                                      0x86e67 (size before relaxing)
 .debug_str     0x000000000008d046      0xd6f ./Drivers/STM32L1xx_HAL_Driver/stm32l1xx_hal_tim.o
                                      0x87832 (size before relaxing)
 .debug_str     0x000000000008ddb5       0x90 ./Drivers/STM32L1xx_HAL_Driver/stm32l1xx_hal_tim_ex.o
                                      0x869e7 (size before relaxing)
 .debug_str     0x000000000008de45      0x651 ./Drivers/STM32L1xx_HAL_Driver/stm32l1xx_hal_uart.o
                                      0x86fa4 (size before relaxing)

.comment        0x0000000000000000       0x50
 .comment       0x0000000000000000       0x50 ./Core/Src/gpio.o
                                         0x51 (size before relaxing)
 .comment       0x0000000000000050       0x51 ./Core/Src/main.o
 .comment       0x0000000000000050       0x51 ./Core/Src/nRF24.o
 .comment       0x0000000000000050       0x51 ./Core/Src/spi.o
 .comment       0x0000000000000050       0x51 ./Core/Src/stm32l1xx_hal_msp.o
 .comment       0x0000000000000050       0x51 ./Core/Src/stm32l1xx_it.o
 .comment       0x0000000000000050       0x51 ./Core/Src/system_stm32l1xx.o
 .comment       0x0000000000000050       0x51 ./Core/Src/tim.o
 .comment       0x0000000000000050       0x51 ./Core/Src/usart.o
 .comment       0x0000000000000050       0x51 ./Drivers/STM32L1xx_HAL_Driver/stm32l1xx_hal.o
 .comment       0x0000000000000050       0x51 ./Drivers/STM32L1xx_HAL_Driver/stm32l1xx_hal_cortex.o
 .comment       0x0000000000000050       0x51 ./Drivers/STM32L1xx_HAL_Driver/stm32l1xx_hal_gpio.o
 .comment       0x0000000000000050       0x51 ./Drivers/STM32L1xx_HAL_Driver/stm32l1xx_hal_rcc.o
 .comment       0x0000000000000050       0x51 ./Drivers/STM32L1xx_HAL_Driver/stm32l1xx_hal_spi.o
 .comment       0x0000000000000050       0x51 ./Drivers/STM32L1xx_HAL_Driver/stm32l1xx_hal_tim.o
 .comment       0x0000000000000050       0x51 ./Drivers/STM32L1xx_HAL_Driver/stm32l1xx_hal_tim_ex.o
 .comment       0x0000000000000050       0x51 ./Drivers/STM32L1xx_HAL_Driver/stm32l1xx_hal_uart.o

.debug_frame    0x0000000000000000     0x3d1c
 .debug_frame   0x0000000000000000       0x34 ./Core/Src/gpio.o
 .debug_frame   0x0000000000000034      0x480 ./Core/Src/main.o
 .debug_frame   0x00000000000004b4      0x45c ./Core/Src/nRF24.o
 .debug_frame   0x0000000000000910       0x74 ./Core/Src/spi.o
 .debug_frame   0x0000000000000984       0x34 ./Core/Src/stm32l1xx_hal_msp.o
 .debug_frame   0x00000000000009b8      0x104 ./Core/Src/stm32l1xx_it.o
 .debug_frame   0x0000000000000abc       0x58 ./Core/Src/system_stm32l1xx.o
 .debug_frame   0x0000000000000b14       0xf0 ./Core/Src/tim.o
 .debug_frame   0x0000000000000c04       0x74 ./Core/Src/usart.o
 .debug_frame   0x0000000000000c78      0x33c ./Drivers/STM32L1xx_HAL_Driver/stm32l1xx_hal.o
 .debug_frame   0x0000000000000fb4      0x498 ./Drivers/STM32L1xx_HAL_Driver/stm32l1xx_hal_cortex.o
 .debug_frame   0x000000000000144c      0x14c ./Drivers/STM32L1xx_HAL_Driver/stm32l1xx_hal_gpio.o
 .debug_frame   0x0000000000001598      0x224 ./Drivers/STM32L1xx_HAL_Driver/stm32l1xx_hal_rcc.o
 .debug_frame   0x00000000000017bc      0x824 ./Drivers/STM32L1xx_HAL_Driver/stm32l1xx_hal_spi.o
 .debug_frame   0x0000000000001fe0     0x11b4 ./Drivers/STM32L1xx_HAL_Driver/stm32l1xx_hal_tim.o
 .debug_frame   0x0000000000003194       0x60 ./Drivers/STM32L1xx_HAL_Driver/stm32l1xx_hal_tim_ex.o
 .debug_frame   0x00000000000031f4      0x944 ./Drivers/STM32L1xx_HAL_Driver/stm32l1xx_hal_uart.o
 .debug_frame   0x0000000000003b38       0x2c d:/stm32cubeide_1.12.0/stm32cubeide/plugins/com.st.stm32cube.ide.mcu.externaltools.gnu-tools-for-stm32.10.3-2021.10.win32_1.0.200.202301161003/tools/bin/../lib/gcc/arm-none-eabi/10.3.1/../../../../arm-none-eabi/lib/thumb/v7-m/nofp\libc_nano.a(lib_a-init.o)
 .debug_frame   0x0000000000003b64       0x20 d:/stm32cubeide_1.12.0/stm32cubeide/plugins/com.st.stm32cube.ide.mcu.externaltools.gnu-tools-for-stm32.10.3-2021.10.win32_1.0.200.202301161003/tools/bin/../lib/gcc/arm-none-eabi/10.3.1/../../../../arm-none-eabi/lib/thumb/v7-m/nofp\libc_nano.a(lib_a-memset.o)
 .debug_frame   0x0000000000003b84       0x4c d:/stm32cubeide_1.12.0/stm32cubeide/plugins/com.st.stm32cube.ide.mcu.externaltools.gnu-tools-for-stm32.10.3-2021.10.win32_1.0.200.202301161003/tools/bin/../lib/gcc/arm-none-eabi/10.3.1/thumb/v7-m/nofp\libgcc.a(_arm_addsubsf3.o)
 .debug_frame   0x0000000000003bd0       0xc8 d:/stm32cubeide_1.12.0/stm32cubeide/plugins/com.st.stm32cube.ide.mcu.externaltools.gnu-tools-for-stm32.10.3-2021.10.win32_1.0.200.202301161003/tools/bin/../lib/gcc/arm-none-eabi/10.3.1/thumb/v7-m/nofp\libgcc.a(_arm_cmpsf2.o)
 .debug_frame   0x0000000000003c98       0x24 d:/stm32cubeide_1.12.0/stm32cubeide/plugins/com.st.stm32cube.ide.mcu.externaltools.gnu-tools-for-stm32.10.3-2021.10.win32_1.0.200.202301161003/tools/bin/../lib/gcc/arm-none-eabi/10.3.1/thumb/v7-m/nofp\libgcc.a(_arm_fixsfsi.o)
 .debug_frame   0x0000000000003cbc       0x2c d:/stm32cubeide_1.12.0/stm32cubeide/plugins/com.st.stm32cube.ide.mcu.externaltools.gnu-tools-for-stm32.10.3-2021.10.win32_1.0.200.202301161003/tools/bin/../lib/gcc/arm-none-eabi/10.3.1/thumb/v7-m/nofp\libgcc.a(_aeabi_uldivmod.o)
 .debug_frame   0x0000000000003ce8       0x34 d:/stm32cubeide_1.12.0/stm32cubeide/plugins/com.st.stm32cube.ide.mcu.externaltools.gnu-tools-for-stm32.10.3-2021.10.win32_1.0.200.202301161003/tools/bin/../lib/gcc/arm-none-eabi/10.3.1/thumb/v7-m/nofp\libgcc.a(_udivmoddi4.o)
