Archive member included to satisfy reference by file (symbol)

d:/stm32cubeide_1.12.0/stm32cubeide/plugins/com.st.stm32cube.ide.mcu.externaltools.gnu-tools-for-stm32.10.3-2021.10.win32_1.0.200.202301161003/tools/bin/../lib/gcc/arm-none-eabi/10.3.1/../../../../arm-none-eabi/lib/thumb/v7-m/nofp\libc_nano.a(lib_a-errno.o)
                              ./Core/Src/syscalls.o (__errno)
d:/stm32cubeide_1.12.0/stm32cubeide/plugins/com.st.stm32cube.ide.mcu.externaltools.gnu-tools-for-stm32.10.3-2021.10.win32_1.0.200.202301161003/tools/bin/../lib/gcc/arm-none-eabi/10.3.1/../../../../arm-none-eabi/lib/thumb/v7-m/nofp\libc_nano.a(lib_a-exit.o)
                              d:/stm32cubeide_1.12.0/stm32cubeide/plugins/com.st.stm32cube.ide.mcu.externaltools.gnu-tools-for-stm32.10.3-2021.10.win32_1.0.200.202301161003/tools/bin/../lib/gcc/arm-none-eabi/10.3.1/../../../../arm-none-eabi/lib/thumb/v7-m/nofp/crt0.o (exit)
d:/stm32cubeide_1.12.0/stm32cubeide/plugins/com.st.stm32cube.ide.mcu.externaltools.gnu-tools-for-stm32.10.3-2021.10.win32_1.0.200.202301161003/tools/bin/../lib/gcc/arm-none-eabi/10.3.1/../../../../arm-none-eabi/lib/thumb/v7-m/nofp\libc_nano.a(lib_a-impure.o)
                              d:/stm32cubeide_1.12.0/stm32cubeide/plugins/com.st.stm32cube.ide.mcu.externaltools.gnu-tools-for-stm32.10.3-2021.10.win32_1.0.200.202301161003/tools/bin/../lib/gcc/arm-none-eabi/10.3.1/../../../../arm-none-eabi/lib/thumb/v7-m/nofp\libc_nano.a(lib_a-exit.o) (_global_impure_ptr)
d:/stm32cubeide_1.12.0/stm32cubeide/plugins/com.st.stm32cube.ide.mcu.externaltools.gnu-tools-for-stm32.10.3-2021.10.win32_1.0.200.202301161003/tools/bin/../lib/gcc/arm-none-eabi/10.3.1/../../../../arm-none-eabi/lib/thumb/v7-m/nofp\libc_nano.a(lib_a-init.o)
                              d:/stm32cubeide_1.12.0/stm32cubeide/plugins/com.st.stm32cube.ide.mcu.externaltools.gnu-tools-for-stm32.10.3-2021.10.win32_1.0.200.202301161003/tools/bin/../lib/gcc/arm-none-eabi/10.3.1/../../../../arm-none-eabi/lib/thumb/v7-m/nofp/crt0.o (__libc_init_array)
d:/stm32cubeide_1.12.0/stm32cubeide/plugins/com.st.stm32cube.ide.mcu.externaltools.gnu-tools-for-stm32.10.3-2021.10.win32_1.0.200.202301161003/tools/bin/../lib/gcc/arm-none-eabi/10.3.1/../../../../arm-none-eabi/lib/thumb/v7-m/nofp\libc_nano.a(lib_a-memset.o)
                              d:/stm32cubeide_1.12.0/stm32cubeide/plugins/com.st.stm32cube.ide.mcu.externaltools.gnu-tools-for-stm32.10.3-2021.10.win32_1.0.200.202301161003/tools/bin/../lib/gcc/arm-none-eabi/10.3.1/../../../../arm-none-eabi/lib/thumb/v7-m/nofp/crt0.o (memset)
d:/stm32cubeide_1.12.0/stm32cubeide/plugins/com.st.stm32cube.ide.mcu.externaltools.gnu-tools-for-stm32.10.3-2021.10.win32_1.0.200.202301161003/tools/bin/../lib/gcc/arm-none-eabi/10.3.1/thumb/v7-m/nofp\libgcc.a(_arm_addsubsf3.o)
                              ./Core/Src/main.o (__aeabi_fsub)
d:/stm32cubeide_1.12.0/stm32cubeide/plugins/com.st.stm32cube.ide.mcu.externaltools.gnu-tools-for-stm32.10.3-2021.10.win32_1.0.200.202301161003/tools/bin/../lib/gcc/arm-none-eabi/10.3.1/thumb/v7-m/nofp\libgcc.a(_arm_cmpsf2.o)
                              ./Core/Src/main.o (__aeabi_fcmplt)
d:/stm32cubeide_1.12.0/stm32cubeide/plugins/com.st.stm32cube.ide.mcu.externaltools.gnu-tools-for-stm32.10.3-2021.10.win32_1.0.200.202301161003/tools/bin/../lib/gcc/arm-none-eabi/10.3.1/thumb/v7-m/nofp\libgcc.a(_arm_fixsfsi.o)
                              ./Core/Src/main.o (__aeabi_f2iz)
d:/stm32cubeide_1.12.0/stm32cubeide/plugins/com.st.stm32cube.ide.mcu.externaltools.gnu-tools-for-stm32.10.3-2021.10.win32_1.0.200.202301161003/tools/bin/../lib/gcc/arm-none-eabi/10.3.1/thumb/v7-m/nofp\libgcc.a(_arm_fixunssfsi.o)
                              ./Core/Src/main.o (__aeabi_f2uiz)
d:/stm32cubeide_1.12.0/stm32cubeide/plugins/com.st.stm32cube.ide.mcu.externaltools.gnu-tools-for-stm32.10.3-2021.10.win32_1.0.200.202301161003/tools/bin/../lib/gcc/arm-none-eabi/10.3.1/thumb/v7-m/nofp\libgcc.a(_aeabi_uldivmod.o)
                              ./Drivers/STM32L1xx_HAL_Driver/stm32l1xx_hal_rcc.o (__aeabi_uldivmod)
d:/stm32cubeide_1.12.0/stm32cubeide/plugins/com.st.stm32cube.ide.mcu.externaltools.gnu-tools-for-stm32.10.3-2021.10.win32_1.0.200.202301161003/tools/bin/../lib/gcc/arm-none-eabi/10.3.1/thumb/v7-m/nofp\libgcc.a(_udivmoddi4.o)
                              d:/stm32cubeide_1.12.0/stm32cubeide/plugins/com.st.stm32cube.ide.mcu.externaltools.gnu-tools-for-stm32.10.3-2021.10.win32_1.0.200.202301161003/tools/bin/../lib/gcc/arm-none-eabi/10.3.1/thumb/v7-m/nofp\libgcc.a(_aeabi_uldivmod.o) (__udivmoddi4)
d:/stm32cubeide_1.12.0/stm32cubeide/plugins/com.st.stm32cube.ide.mcu.externaltools.gnu-tools-for-stm32.10.3-2021.10.win32_1.0.200.202301161003/tools/bin/../lib/gcc/arm-none-eabi/10.3.1/thumb/v7-m/nofp\libgcc.a(_dvmd_tls.o)
[...]
Memory Configuration

Name             Origin             Length             Attributes
RAM              0x0000000020000000 0x0000000000014000 xrw
FLASH            0x0000000008000000 0x0000000000080000 xr
*default*        0x0000000000000000 0xffffffffffffffff

Linker script and memory map

LOAD d:/stm32cubeide_1.12.0/stm32cubeide/plugins/com.st.stm32cube.ide.mcu.externaltools.gnu-tools-for-stm32.10.3-2021.10.win32_1.0.200.202301161003/tools/bin/../lib/gcc/arm-none-eabi/10.3.1/thumb/v7-m/nofp/crti.o
LOAD d:/stm32cubeide_1.12.0/stm32cubeide/plugins/com.st.stm32cube.ide.mcu.externaltools.gnu-tools-for-stm32.10.3-2021.10.win32_1.0.200.202301161003/tools/bin/../lib/gcc/arm-none-eabi/10.3.1/thumb/v7-m/nofp/crtbegin.o
LOAD d:/stm32cubeide_1.12.0/stm32cubeide/plugins/com.st.stm32cube.ide.mcu.externaltools.gnu-tools-for-stm32.10.3-2021.10.win32_1.0.200.202301161003/tools/bin/../lib/gcc/arm-none-eabi/10.3.1/../../../../arm-none-eabi/lib/thumb/v7-m/nofp/crt0.o
LOAD ./Core/Src/gpio.o
LOAD ./Core/Src/main.o
LOAD ./Core/Src/nRF24.o
LOAD ./Core/Src/spi.o
LOAD ./Core/Src/stm32l1xx_hal_msp.o
LOAD ./Core/Src/stm32l1xx_it.o
LOAD ./Core/Src/syscalls.o
LOAD ./Core/Src/sysmem.o
LOAD ./Core/Src/system_stm32l1xx.o
LOAD ./Core/Src/tim.o
LOAD ./Core/Src/usart.o
LOAD ./Core/Startup/startup_stm32l152retx.o
LOAD ./Drivers/STM32L1xx_HAL_Driver/stm32l1xx_hal.o
LOAD ./Drivers/STM32L1xx_HAL_Driver/stm32l1xx_hal_cortex.o
LOAD ./Drivers/STM32L1xx_HAL_Driver/stm32l1xx_hal_dma.o
LOAD ./Drivers/STM32L1xx_HAL_Driver/stm32l1xx_hal_exti.o
LOAD ./Drivers/STM32L1xx_HAL_Driver/stm32l1xx_hal_flash.o
LOAD ./Drivers/STM32L1xx_HAL_Driver/stm32l1xx_hal_flash_ex.o
LOAD ./Drivers/STM32L1xx_HAL_Driver/stm32l1xx_hal_flash_ramfunc.o
LOAD ./Drivers/STM32L1xx_HAL_Driver/stm32l1xx_hal_gpio.o
LOAD ./Drivers/STM32L1xx_HAL_Driver/stm32l1xx_hal_pwr.o
LOAD ./Drivers/STM32L1xx_HAL_Driver/stm32l1xx_hal_pwr_ex.o
LOAD ./Drivers/STM32L1xx_HAL_Driver/stm32l1xx_hal_rcc.o
LOAD ./Drivers/STM32L1xx_HAL_Driver/stm32l1xx_hal_rcc_ex.o
LOAD ./Drivers/STM32L1xx_HAL_Driver/stm32l1xx_hal_spi.o
LOAD ./Drivers/STM32L1xx_HAL_Driver/stm32l1xx_hal_tim.o
LOAD ./Drivers/STM32L1xx_HAL_Driver/stm32l1xx_hal_tim_ex.o
LOAD ./Drivers/STM32L1xx_HAL_Driver/stm32l1xx_hal_uart.o
START GROUP
LOAD d:/stm32cubeide_1.12.0/stm32cubeide/plugins/com.st.stm32cube.ide.mcu.externaltools.gnu-tools-for-stm32.10.3-2021.10.win32_1.0.200.202301161003/tools/bin/../lib/gcc/arm-none-eabi/10.3.1/../../../../arm-none-eabi/lib/thumb/v7-m/nofp\libc_nano.a
LOAD d:/stm32cubeide_1.12.0/stm32cubeide/plugins/com.st.stm32cube.ide.mcu.externaltools.gnu-tools-for-stm32.10.3-2021.10.win32_1.0.200.202301161003/tools/bin/../lib/gcc/arm-none-eabi/10.3.1/../../../../arm-none-eabi/lib/thumb/v7-m/nofp\libm.a
END GROUP
START GROUP
LOAD d:/stm32cubeide_1.12.0/stm32cubeide/plugins/com.st.stm32cube.ide.mcu.externaltools.gnu-tools-for-stm32.10.3-2021.10.win32_1.0.200.202301161003/tools/bin/../lib/gcc/arm-none-eabi/10.3.1/thumb/v7-m/nofp\libgcc.a
LOAD d:/stm32cubeide_1.12.0/stm32cubeide/plugins/com.st.stm32cube.ide.mcu.externaltools.gnu-tools-for-stm32.10.3-2021.10.win32_1.0.200.202301161003/tools/bin/../lib/gcc/arm-none-eabi/10.3.1/../../../../arm-none-eabi/lib/thumb/v7-m/nofp\libc_nano.a
END GROUP
START GROUP
LOAD d:/stm32cubeide_1.12.0/stm32cubeide/plugins/com.st.stm32cube.ide.mcu.externaltools.gnu-tools-for-stm32.10.3-2021.10.win32_1.0.200.202301161003/tools/bin/../lib/gcc/arm-none-eabi/10.3.1/thumb/v7-m/nofp\libgcc.a
LOAD d:/stm32cubeide_1.12.0/stm32cubeide/plugins/com.st.stm32cube.ide.mcu.externaltools.gnu-tools-for-stm32.10.3-2021.10.win32_1.0.200.202301161003/tools/bin/../lib/gcc/arm-none-eabi/10.3.1/../../../../arm-none-eabi/lib/thumb/v7-m/nofp\libc_nano.a
LOAD d:/stm32cubeide_1.12.0/stm32cubeide/plugins/com.st.stm32cube.ide.mcu.externaltools.gnu-tools-for-stm32.10.3-2021.10.win32_1.0.200.202301161003/tools/bin/../lib/gcc/arm-none-eabi/10.3.1/../../../../arm-none-eabi/lib/thumb/v7-m/nofp\libnosys.a
END GROUP
START GROUP
LOAD d:/stm32cubeide_1.12.0/stm32cubeide/plugins/com.st.stm32cube.ide.mcu.externaltools.gnu-tools-for-stm32.10.3-2021.10.win32_1.0.200.202301161003/tools/bin/../lib/gcc/arm-none-eabi/10.3.1/thumb/v7-m/nofp\libgcc.a
LOAD d:/stm32cubeide_1.12.0/stm32cubeide/plugins/com.st.stm32cube.ide.mcu.externaltools.gnu-tools-for-stm32.10.3-2021.10.win32_1.0.200.202301161003/tools/bin/../lib/gcc/arm-none-eabi/10.3.1/../../../../arm-none-eabi/lib/thumb/v7-m/nofp\libc_nano.a
LOAD d:/stm32cubeide_1.12.0/stm32cubeide/plugins/com.st.stm32cube.ide.mcu.externaltools.gnu-tools-for-stm32.10.3-2021.10.win32_1.0.200.202301161003/tools/bin/../lib/gcc/arm-none-eabi/10.3.1/../../../../arm-none-eabi/lib/thumb/v7-m/nofp\libnosys.a
END GROUP
LOAD d:/stm32cubeide_1.12.0/stm32cubeide/plugins/com.st.stm32cube.ide.mcu.externaltools.gnu-tools-for-stm32.10.3-2021.10.win32_1.0.200.202301161003/tools/bin/../lib/gcc/arm-none-eabi/10.3.1/thumb/v7-m/nofp/crtend.o
LOAD d:/stm32cubeide_1.12.0/stm32cubeide/plugins/com.st.stm32cube.ide.mcu.externaltools.gnu-tools-for-stm32.10.3-2021.10.win32_1.0.200.202301161003/tools/bin/../lib/gcc/arm-none-eabi/10.3.1/thumb/v7-m/nofp/crtn.o
                0x0000000020014000                _estack = (ORIGIN (RAM) + LENGTH (RAM))
                0x0000000000000200                _Min_Heap_Size = 0x200
                0x0000000000000400                _Min_Stack_Size = 0x400

.isr_vector     0x0000000008000000      0x13c
                0x0000000008000000                . = ALIGN (0x4)
 *(.isr_vector)
 .isr_vector    0x0000000008000000      0x13c ./Core/Startup/startup_stm32l152retx.o
                0x0000000008000000                g_pfnVectors
                0x000000000800013c                . = ALIGN (0x4)

.text           0x000000000800013c     0x4eb8
                0x000000000800013c                . = ALIGN (0x4)
 *(.text)
 .text          0x000000000800013c       0x40 d:/stm32cubeide_1.12.0/stm32cubeide/plugins/com.st.stm32cube.ide.mcu.externaltools.gnu-tools-for-stm32.10.3-2021.10.win32_1.0.200.202301161003/tools/bin/../lib/gcc/arm-none-eabi/10.3.1/thumb/v7-m/nofp/crtbegin.o
 .text          0x000000000800017c      0x21c d:/stm32cubeide_1.12.0/stm32cubeide/plugins/com.st.stm32cube.ide.mcu.externaltools.gnu-tools-for-stm32.10.3-2021.10.win32_1.0.200.202301161003/tools/bin/../lib/gcc/arm-none-eabi/10.3.1/thumb/v7-m/nofp\libgcc.a(_arm_addsubsf3.o)
                0x000000000800017c                __aeabi_frsub
                0x0000000008000184                __subsf3
                0x0000000008000184                __aeabi_fsub
                0x0000000008000188                __aeabi_fadd
                0x0000000008000188                __addsf3
                0x00000000080002e8                __aeabi_ui2f
                0x00000000080002e8                __floatunsisf
                0x00000000080002f0                __aeabi_i2f
                0x00000000080002f0                __floatsisf
                0x000000000800030c                __aeabi_ul2f
                0x000000000800030c                __floatundisf
                0x000000000800031c                __aeabi_l2f
                0x000000000800031c                __floatdisf
 .text          0x0000000008000398       0xec d:/stm32cubeide_1.12.0/stm32cubeide/plugins/com.st.stm32cube.ide.mcu.externaltools.gnu-tools-for-stm32.10.3-2021.10.win32_1.0.200.202301161003/tools/bin/../lib/gcc/arm-none-eabi/10.3.1/thumb/v7-m/nofp\libgcc.a(_arm_cmpsf2.o)
                0x0000000008000398                __gesf2
                0x0000000008000398                __gtsf2
                0x00000000080003a0                __lesf2
                0x00000000080003a0                __ltsf2
                0x00000000080003a8                __nesf2
                0x00000000080003a8                __eqsf2
                0x00000000080003a8                __cmpsf2
                0x0000000008000408                __aeabi_cfrcmple
                0x0000000008000410                __aeabi_cfcmpeq
                0x0000000008000410                __aeabi_cfcmple
                0x0000000008000420                __aeabi_fcmpeq
                0x0000000008000434                __aeabi_fcmplt
                0x0000000008000448                __aeabi_fcmple
                0x000000000800045c                __aeabi_fcmpge
                0x0000000008000470                __aeabi_fcmpgt
 .text          0x0000000008000484       0x4c d:/stm32cubeide_1.12.0/stm32cubeide/plugins/com.st.stm32cube.ide.mcu.externaltools.gnu-tools-for-stm32.10.3-2021.10.win32_1.0.200.202301161003/tools/bin/../lib/gcc/arm-none-eabi/10.3.1/thumb/v7-m/nofp\libgcc.a(_arm_fixsfsi.o)
                0x0000000008000484                __aeabi_f2iz
                0x0000000008000484                __fixsfsi
 .text          0x00000000080004d0       0x30 d:/stm32cubeide_1.12.0/stm32cubeide/plugins/com.st.stm32cube.ide.mcu.externaltools.gnu-tools-for-stm32.10.3-2021.10.win32_1.0.200.202301161003/tools/bin/../lib/gcc/arm-none-eabi/10.3.1/thumb/v7-m/nofp\libgcc.a(_aeabi_uldivmod.o)
                0x00000000080004d0                __aeabi_uldivmod
 .text          0x0000000008000500      0x2d4 d:/stm32cubeide_1.12.0/stm32cubeide/plugins/com.st.stm32cube.ide.mcu.externaltools.gnu-tools-for-stm32.10.3-2021.10.win32_1.0.200.202301161003/tools/bin/../lib/gcc/arm-none-eabi/10.3.1/thumb/v7-m/nofp\libgcc.a(_udivmoddi4.o)
                0x0000000008000500                __udivmoddi4
 .text          0x00000000080007d4        0x4 d:/stm32cubeide_1.12.0/stm32cubeide/plugins/com.st.stm32cube.ide.mcu.externaltools.gnu-tools-for-stm32.10.3-2021.10.win32_1.0.200.202301161003/tools/bin/../lib/gcc/arm-none-eabi/10.3.1/thumb/v7-m/nofp\libgcc.a(_dvmd_tls.o)
                0x00000000080007d4                __aeabi_idiv0
                0x00000000080007d4                __aeabi_ldiv0
 *(.text*)
 .text.MX_GPIO_Init
                0x00000000080007d8      0x16c ./Core/Src/gpio.o
                0x00000000080007d8                MX_GPIO_Init
 .text.main     0x0000000008000944      0x518 ./Core/Src/main.o
                0x0000000008000944                main
 .text.SystemClock_Config
                0x0000000008000e5c       0x9c ./Core/Src/main.o
                0x0000000008000e5c                SystemClock_Config
 .text.map      0x0000000008000ef8       0x4a ./Core/Src/main.o
                0x0000000008000ef8                map
 *fill*         0x0000000008000f42        0x2 
 .text.PWMval   0x0000000008000f44       0xa4 ./Core/Src/main.o
                0x0000000008000f44                PWMval
 .text.stoppodst
                0x0000000008000fe8       0x28 ./Core/Src/main.o
                0x0000000008000fe8                stoppodst
 .text.stopczlon1
                0x0000000008001010       0x30 ./Core/Src/main.o
                0x0000000008001010                stopczlon1
 .text.czlon2L  0x0000000008001040       0x28 ./Core/Src/main.o
                0x0000000008001040                czlon2L
 .text.stopczlon2
                0x0000000008001068       0x30 ./Core/Src/main.o
                0x0000000008001068                stopczlon2
 .text.stopczlon3
                0x0000000008001098       0x2c ./Core/Src/main.o
                0x0000000008001098                stopczlon3
 .text.stopczlon4
                0x00000000080010c4       0x30 ./Core/Src/main.o
                0x00000000080010c4                stopczlon4
 .text.stopczlon5
                0x00000000080010f4       0x30 ./Core/Src/main.o
                0x00000000080010f4                stopczlon5
 .text.LmotorF  0x0000000008001124       0x24 ./Core/Src/main.o
                0x0000000008001124                LmotorF
 .text.LmotorB  0x0000000008001148       0x24 ./Core/Src/main.o
                0x0000000008001148                LmotorB
 .text.RmotorF  0x000000000800116c       0x28 ./Core/Src/main.o
                0x000000000800116c                RmotorF
 .text.RmotorB  0x0000000008001194       0x28 ./Core/Src/main.o
                0x0000000008001194                RmotorB
 .text.servox0  0x00000000080011bc       0x1c ./Core/Src/main.o
                0x00000000080011bc                servox0
 .text.servoy0  0x00000000080011d8       0x1c ./Core/Src/main.o
                0x00000000080011d8                servoy0
 .text.Error_Handler
                0x00000000080011f4        0xa ./Core/Src/main.o
                0x00000000080011f4                Error_Handler
 *fill*         0x00000000080011fe        0x2 
 .text.nRF24_SendSpi
                0x0000000008001200       0x2c ./Core/Src/nRF24.o
 .text.nRF24_ReadSpi
                0x000000000800122c       0x2c ./Core/Src/nRF24.o
 .text.nRF24_ReadRegister
                0x0000000008001258       0x48 ./Core/Src/nRF24.o
 .text.nRF24_ReadRegisters
                0x00000000080012a0       0x48 ./Core/Src/nRF24.o
 .text.nRF24_WriteRegister
                0x00000000080012e8       0x4c ./Core/Src/nRF24.o
 .text.nRF24_WriteRegisters
                0x0000000008001334       0x50 ./Core/Src/nRF24.o
 .text.nRF24_ReadConfig
                0x0000000008001384       0x10 ./Core/Src/nRF24.o
                0x0000000008001384                nRF24_ReadConfig
 .text.nRF24_WriteConfig
                0x0000000008001394       0x1c ./Core/Src/nRF24.o
                0x0000000008001394                nRF24_WriteConfig
 .text.nRF24_WriteStatus
                0x00000000080013b0       0x1c ./Core/Src/nRF24.o
                0x00000000080013b0                nRF24_WriteStatus
 .text.nRF24_RX_Mode
                0x00000000080013cc       0x5c ./Core/Src/nRF24.o
                0x00000000080013cc                nRF24_RX_Mode
 .text.nRF24_SetPALevel
                0x0000000008001428       0x3e ./Core/Src/nRF24.o
                0x0000000008001428                nRF24_SetPALevel
 .text.nRF24_SetDataRate
                0x0000000008001466       0x4c ./Core/Src/nRF24.o
                0x0000000008001466                nRF24_SetDataRate
 *fill*         0x00000000080014b2        0x2 
 .text.nRF24_FlushRX
                0x00000000080014b4       0x34 ./Core/Src/nRF24.o
                0x00000000080014b4                nRF24_FlushRX
 .text.nRF24_FlushTX
                0x00000000080014e8       0x34 ./Core/Src/nRF24.o
                0x00000000080014e8                nRF24_FlushTX
 .text.nRF24_EnableCRC
                0x000000000800151c       0x3a ./Core/Src/nRF24.o
                0x000000000800151c                nRF24_EnableCRC
 .text.nRF24_SetCRCLength
                0x0000000008001556       0x3a ./Core/Src/nRF24.o
                0x0000000008001556                nRF24_SetCRCLength
 .text.nRF24_SetRetries
                0x0000000008001590       0x36 ./Core/Src/nRF24.o
                0x0000000008001590                nRF24_SetRetries
 .text.nRF24_SetRFChannel
                0x00000000080015c6       0x22 ./Core/Src/nRF24.o
                0x00000000080015c6                nRF24_SetRFChannel
 .text.nRF24_SetPayloadSize
                0x00000000080015e8       0x38 ./Core/Src/nRF24.o
                0x00000000080015e8                nRF24_SetPayloadSize
 .text.nRF24_EnablePipe
                0x0000000008001620       0x6a ./Core/Src/nRF24.o
                0x0000000008001620                nRF24_EnablePipe
 .text.nRF24_AutoACK
                0x000000000800168a       0x6a ./Core/Src/nRF24.o
                0x000000000800168a                nRF24_AutoACK
 .text.nRF24_SetAddressWidth
                0x00000000080016f4       0x3a ./Core/Src/nRF24.o
                0x00000000080016f4                nRF24_SetAddressWidth
 .text.nRF24_SetRXAddress
                0x000000000800172e       0x72 ./Core/Src/nRF24.o
                0x000000000800172e                nRF24_SetRXAddress
 .text.nRF24_SetTXAddress
                0x00000000080017a0       0x8c ./Core/Src/nRF24.o
                0x00000000080017a0                nRF24_SetTXAddress
 .text.nRF24_Init
                0x000000000800182c       0x8c ./Core/Src/nRF24.o
                0x000000000800182c                nRF24_Init
 .text.MX_SPI2_Init
                0x00000000080018b8       0x6c ./Core/Src/spi.o
                0x00000000080018b8                MX_SPI2_Init
 .text.HAL_SPI_MspInit
                0x0000000008001924       0x88 ./Core/Src/spi.o
                0x0000000008001924                HAL_SPI_MspInit
 .text.HAL_MspInit
                0x00000000080019ac       0x60 ./Core/Src/stm32l1xx_hal_msp.o
                0x00000000080019ac                HAL_MspInit
 .text.NMI_Handler
                0x0000000008001a0c        0x6 ./Core/Src/stm32l1xx_it.o
                0x0000000008001a0c                NMI_Handler
 .text.HardFault_Handler
                0x0000000008001a12        0x6 ./Core/Src/stm32l1xx_it.o
                0x0000000008001a12                HardFault_Handler
 .text.MemManage_Handler
                0x0000000008001a18        0x6 ./Core/Src/stm32l1xx_it.o
                0x0000000008001a18                MemManage_Handler
 .text.BusFault_Handler
                0x0000000008001a1e        0x6 ./Core/Src/stm32l1xx_it.o
                0x0000000008001a1e                BusFault_Handler
 .text.UsageFault_Handler
                0x0000000008001a24        0x6 ./Core/Src/stm32l1xx_it.o
                0x0000000008001a24                UsageFault_Handler
 .text.SVC_Handler
                0x0000000008001a2a        0xc ./Core/Src/stm32l1xx_it.o
                0x0000000008001a2a                SVC_Handler
 .text.DebugMon_Handler
                0x0000000008001a36        0xc ./Core/Src/stm32l1xx_it.o
                0x0000000008001a36                DebugMon_Handler
 .text.PendSV_Handler
                0x0000000008001a42        0xc ./Core/Src/stm32l1xx_it.o
                0x0000000008001a42                PendSV_Handler
 .text.SysTick_Handler
                0x0000000008001a4e        0xc ./Core/Src/stm32l1xx_it.o
                0x0000000008001a4e                SysTick_Handler
 .text.SystemInit
                0x0000000008001a5a        0xc ./Core/Src/system_stm32l1xx.o
                0x0000000008001a5a                SystemInit
 *fill*         0x0000000008001a66        0x2 
 .text.MX_TIM2_Init
                0x0000000008001a68       0xfc ./Core/Src/tim.o
                0x0000000008001a68                MX_TIM2_Init
 .text.MX_TIM3_Init
                0x0000000008001b64      0x114 ./Core/Src/tim.o
                0x0000000008001b64                MX_TIM3_Init
 .text.MX_TIM4_Init
                0x0000000008001c78      0x128 ./Core/Src/tim.o
                0x0000000008001c78                MX_TIM4_Init
 .text.MX_TIM5_Init
                0x0000000008001da0       0xe8 ./Core/Src/tim.o
                0x0000000008001da0                MX_TIM5_Init
 .text.HAL_TIM_Base_MspInit
                0x0000000008001e88       0xb0 ./Core/Src/tim.o
                0x0000000008001e88                HAL_TIM_Base_MspInit
 .text.HAL_TIM_MspPostInit
                0x0000000008001f38      0x1bc ./Core/Src/tim.o
                0x0000000008001f38                HAL_TIM_MspPostInit
 .text.MX_USART2_UART_Init
                0x00000000080020f4       0x54 ./Core/Src/usart.o
                0x00000000080020f4                MX_USART2_UART_Init
 .text.HAL_UART_MspInit
                0x0000000008002148       0x88 ./Core/Src/usart.o
                0x0000000008002148                HAL_UART_MspInit
 .text.Reset_Handler
                0x00000000080021d0       0x48 ./Core/Startup/startup_stm32l152retx.o
                0x00000000080021d0                Reset_Handler
 .text.Default_Handler
                0x0000000008002218        0x2 ./Core/Startup/startup_stm32l152retx.o
                0x0000000008002218                RTC_Alarm_IRQHandler
                0x0000000008002218                EXTI2_IRQHandler
                0x0000000008002218                COMP_ACQ_IRQHandler
                0x0000000008002218                TIM10_IRQHandler
                0x0000000008002218                USB_HP_IRQHandler
                0x0000000008002218                TIM6_IRQHandler
                0x0000000008002218                PVD_IRQHandler
                0x0000000008002218                EXTI3_IRQHandler
                0x0000000008002218                EXTI0_IRQHandler
                0x0000000008002218                I2C2_EV_IRQHandler
                0x0000000008002218                SPI1_IRQHandler
                0x0000000008002218                USB_FS_WKUP_IRQHandler
                0x0000000008002218                DMA2_Channel2_IRQHandler
                0x0000000008002218                DMA1_Channel4_IRQHandler
                0x0000000008002218                ADC1_IRQHandler
                0x0000000008002218                USART3_IRQHandler
                0x0000000008002218                DMA1_Channel7_IRQHandler
                0x0000000008002218                LCD_IRQHandler
                0x0000000008002218                UART5_IRQHandler
                0x0000000008002218                TIM4_IRQHandler
                0x0000000008002218                DMA2_Channel1_IRQHandler
                0x0000000008002218                I2C1_EV_IRQHandler
                0x0000000008002218                DMA1_Channel6_IRQHandler
                0x0000000008002218                UART4_IRQHandler
                0x0000000008002218                DMA2_Channel4_IRQHandler
                0x0000000008002218                TIM3_IRQHandler
                0x0000000008002218                RCC_IRQHandler
                0x0000000008002218                DMA1_Channel1_IRQHandler
                0x0000000008002218                Default_Handler
                0x0000000008002218                EXTI15_10_IRQHandler
                0x0000000008002218                TIM7_IRQHandler
                0x0000000008002218                TIM5_IRQHandler
                0x0000000008002218                EXTI9_5_IRQHandler
                0x0000000008002218                TIM9_IRQHandler
                0x0000000008002218                TAMPER_STAMP_IRQHandler
                0x0000000008002218                RTC_WKUP_IRQHandler
                0x0000000008002218                SPI2_IRQHandler
                0x0000000008002218                DMA2_Channel5_IRQHandler
                0x0000000008002218                DMA1_Channel5_IRQHandler
                0x0000000008002218                USB_LP_IRQHandler
                0x0000000008002218                EXTI4_IRQHandler
                0x0000000008002218                DMA1_Channel3_IRQHandler
                0x0000000008002218                COMP_IRQHandler
                0x0000000008002218                WWDG_IRQHandler
                0x0000000008002218                TIM2_IRQHandler
                0x0000000008002218                DAC_IRQHandler
                0x0000000008002218                EXTI1_IRQHandler
                0x0000000008002218                TIM11_IRQHandler
                0x0000000008002218                USART2_IRQHandler
                0x0000000008002218                I2C2_ER_IRQHandler
                0x0000000008002218                DMA1_Channel2_IRQHandler
                0x0000000008002218                FLASH_IRQHandler
                0x0000000008002218                USART1_IRQHandler
                0x0000000008002218                SPI3_IRQHandler
                0x0000000008002218                I2C1_ER_IRQHandler
                0x0000000008002218                DMA2_Channel3_IRQHandler
 .text.HAL_Init
                0x000000000800221a       0x30 ./Drivers/STM32L1xx_HAL_Driver/stm32l1xx_hal.o
                0x000000000800221a                HAL_Init
 *fill*         0x000000000800224a        0x2 
 .text.HAL_InitTick
                0x000000000800224c       0x74 ./Drivers/STM32L1xx_HAL_Driver/stm32l1xx_hal.o
                0x000000000800224c                HAL_InitTick
 .text.HAL_IncTick
                0x00000000080022c0       0x24 ./Drivers/STM32L1xx_HAL_Driver/stm32l1xx_hal.o
                0x00000000080022c0                HAL_IncTick
 .text.HAL_GetTick
                0x00000000080022e4       0x14 ./Drivers/STM32L1xx_HAL_Driver/stm32l1xx_hal.o
                0x00000000080022e4                HAL_GetTick
 .text.HAL_Delay
                0x00000000080022f8       0x44 ./Drivers/STM32L1xx_HAL_Driver/stm32l1xx_hal.o
                0x00000000080022f8                HAL_Delay
 .text.__NVIC_SetPriorityGrouping
                0x000000000800233c       0x48 ./Drivers/STM32L1xx_HAL_Driver/stm32l1xx_hal_cortex.o
 .text.__NVIC_GetPriorityGrouping
                0x0000000008002384       0x1c ./Drivers/STM32L1xx_HAL_Driver/stm32l1xx_hal_cortex.o
 .text.__NVIC_SetPriority
                0x00000000080023a0       0x54 ./Drivers/STM32L1xx_HAL_Driver/stm32l1xx_hal_cortex.o
 .text.NVIC_EncodePriority
                0x00000000080023f4       0x64 ./Drivers/STM32L1xx_HAL_Driver/stm32l1xx_hal_cortex.o
 .text.SysTick_Config
                0x0000000008002458       0x44 ./Drivers/STM32L1xx_HAL_Driver/stm32l1xx_hal_cortex.o
 .text.HAL_NVIC_SetPriorityGrouping
                0x000000000800249c       0x16 ./Drivers/STM32L1xx_HAL_Driver/stm32l1xx_hal_cortex.o
                0x000000000800249c                HAL_NVIC_SetPriorityGrouping
 .text.HAL_NVIC_SetPriority
                0x00000000080024b2       0x38 ./Drivers/STM32L1xx_HAL_Driver/stm32l1xx_hal_cortex.o
                0x00000000080024b2                HAL_NVIC_SetPriority
 .text.HAL_SYSTICK_Config
                0x00000000080024ea       0x18 ./Drivers/STM32L1xx_HAL_Driver/stm32l1xx_hal_cortex.o
                0x00000000080024ea                HAL_SYSTICK_Config
 *fill*         0x0000000008002502        0x2 
 .text.HAL_GPIO_Init
                0x0000000008002504      0x320 ./Drivers/STM32L1xx_HAL_Driver/stm32l1xx_hal_gpio.o
                0x0000000008002504                HAL_GPIO_Init
 .text.HAL_GPIO_WritePin
                0x0000000008002824       0x30 ./Drivers/STM32L1xx_HAL_Driver/stm32l1xx_hal_gpio.o
                0x0000000008002824                HAL_GPIO_WritePin
 .text.HAL_RCC_OscConfig
                0x0000000008002854      0x660 ./Drivers/STM32L1xx_HAL_Driver/stm32l1xx_hal_rcc.o
                0x0000000008002854                HAL_RCC_OscConfig
 .text.HAL_RCC_ClockConfig
                0x0000000008002eb4      0x268 ./Drivers/STM32L1xx_HAL_Driver/stm32l1xx_hal_rcc.o
                0x0000000008002eb4                HAL_RCC_ClockConfig
 .text.HAL_RCC_GetSysClockFreq
                0x000000000800311c      0x200 ./Drivers/STM32L1xx_HAL_Driver/stm32l1xx_hal_rcc.o
                0x000000000800311c                HAL_RCC_GetSysClockFreq
 .text.HAL_RCC_GetHCLKFreq
                0x000000000800331c       0x14 ./Drivers/STM32L1xx_HAL_Driver/stm32l1xx_hal_rcc.o
                0x000000000800331c                HAL_RCC_GetHCLKFreq
 .text.HAL_RCC_GetPCLK1Freq
                0x0000000008003330       0x28 ./Drivers/STM32L1xx_HAL_Driver/stm32l1xx_hal_rcc.o
                0x0000000008003330                HAL_RCC_GetPCLK1Freq
 .text.HAL_RCC_GetPCLK2Freq
                0x0000000008003358       0x28 ./Drivers/STM32L1xx_HAL_Driver/stm32l1xx_hal_rcc.o
                0x0000000008003358                HAL_RCC_GetPCLK2Freq
 .text.RCC_SetFlashLatencyFromMSIRange
                0x0000000008003380       0xc0 ./Drivers/STM32L1xx_HAL_Driver/stm32l1xx_hal_rcc.o
 .text.HAL_SPI_Init
                0x0000000008003440      0x112 ./Drivers/STM32L1xx_HAL_Driver/stm32l1xx_hal_spi.o
                0x0000000008003440                HAL_SPI_Init
 .text.HAL_SPI_Transmit
                0x0000000008003552      0x286 ./Drivers/STM32L1xx_HAL_Driver/stm32l1xx_hal_spi.o
                0x0000000008003552                HAL_SPI_Transmit
 .text.HAL_SPI_Receive
                0x00000000080037d8      0x230 ./Drivers/STM32L1xx_HAL_Driver/stm32l1xx_hal_spi.o
                0x00000000080037d8                HAL_SPI_Receive
 .text.HAL_SPI_TransmitReceive
                0x0000000008003a08      0x360 ./Drivers/STM32L1xx_HAL_Driver/stm32l1xx_hal_spi.o
                0x0000000008003a08                HAL_SPI_TransmitReceive
 .text.SPI_WaitFlagStateUntilTimeout
                0x0000000008003d68      0x110 ./Drivers/STM32L1xx_HAL_Driver/stm32l1xx_hal_spi.o
 .text.SPI_EndRxTransaction
                0x0000000008003e78       0xca ./Drivers/STM32L1xx_HAL_Driver/stm32l1xx_hal_spi.o
 *fill*         0x0000000008003f42        0x2 
 .text.SPI_EndRxTxTransaction
                0x0000000008003f44       0x84 ./Drivers/STM32L1xx_HAL_Driver/stm32l1xx_hal_spi.o
 .text.HAL_TIM_Base_Init
                0x0000000008003fc8       0x7e ./Drivers/STM32L1xx_HAL_Driver/stm32l1xx_hal_tim.o
                0x0000000008003fc8                HAL_TIM_Base_Init
 .text.HAL_TIM_PWM_Init
                0x0000000008004046       0x7e ./Drivers/STM32L1xx_HAL_Driver/stm32l1xx_hal_tim.o
                0x0000000008004046                HAL_TIM_PWM_Init
 .text.HAL_TIM_PWM_MspInit
                0x00000000080040c4       0x12 ./Drivers/STM32L1xx_HAL_Driver/stm32l1xx_hal_tim.o
                0x00000000080040c4                HAL_TIM_PWM_MspInit
 *fill*         0x00000000080040d6        0x2 
 .text.HAL_TIM_PWM_Start
                0x00000000080040d8      0x12c ./Drivers/STM32L1xx_HAL_Driver/stm32l1xx_hal_tim.o
                0x00000000080040d8                HAL_TIM_PWM_Start
 .text.HAL_TIM_PWM_ConfigChannel
                0x0000000008004204      0x184 ./Drivers/STM32L1xx_HAL_Driver/stm32l1xx_hal_tim.o
                0x0000000008004204                HAL_TIM_PWM_ConfigChannel
 .text.HAL_TIM_ConfigClockSource
                0x0000000008004388      0x18e ./Drivers/STM32L1xx_HAL_Driver/stm32l1xx_hal_tim.o
                0x0000000008004388                HAL_TIM_ConfigClockSource
 *fill*         0x0000000008004516        0x2 
 .text.TIM_Base_SetConfig
                0x0000000008004518       0xe0 ./Drivers/STM32L1xx_HAL_Driver/stm32l1xx_hal_tim.o
 .text.TIM_OC1_SetConfig
                0x00000000080045f8       0x78 ./Drivers/STM32L1xx_HAL_Driver/stm32l1xx_hal_tim.o
 .text.TIM_OC2_SetConfig
                0x0000000008004670       0x7c ./Drivers/STM32L1xx_HAL_Driver/stm32l1xx_hal_tim.o
 .text.TIM_OC3_SetConfig
                0x00000000080046ec       0x7a ./Drivers/STM32L1xx_HAL_Driver/stm32l1xx_hal_tim.o
 .text.TIM_OC4_SetConfig
                0x0000000008004766       0x7c ./Drivers/STM32L1xx_HAL_Driver/stm32l1xx_hal_tim.o
 .text.TIM_TI1_ConfigInputStage
                0x00000000080047e2       0x5c ./Drivers/STM32L1xx_HAL_Driver/stm32l1xx_hal_tim.o
 .text.TIM_TI2_ConfigInputStage
                0x000000000800483e       0x5e ./Drivers/STM32L1xx_HAL_Driver/stm32l1xx_hal_tim.o
 .text.TIM_ITRx_SetConfig
                0x000000000800489c       0x34 ./Drivers/STM32L1xx_HAL_Driver/stm32l1xx_hal_tim.o
 .text.TIM_ETR_SetConfig
                0x00000000080048d0       0x3e ./Drivers/STM32L1xx_HAL_Driver/stm32l1xx_hal_tim.o
 .text.TIM_CCxChannelCmd
                0x000000000800490e       0x48 ./Drivers/STM32L1xx_HAL_Driver/stm32l1xx_hal_tim.o
 *fill*         0x0000000008004956        0x2 
 .text.HAL_TIMEx_MasterConfigSynchronization
                0x0000000008004958       0xbc ./Drivers/STM32L1xx_HAL_Driver/stm32l1xx_hal_tim_ex.o
                0x0000000008004958                HAL_TIMEx_MasterConfigSynchronization
 .text.HAL_UART_Init
                0x0000000008004a14       0xa0 ./Drivers/STM32L1xx_HAL_Driver/stm32l1xx_hal_uart.o
                0x0000000008004a14                HAL_UART_Init
 .text.HAL_UART_Transmit
                0x0000000008004ab4      0x106 ./Drivers/STM32L1xx_HAL_Driver/stm32l1xx_hal_uart.o
                0x0000000008004ab4                HAL_UART_Transmit
 .text.HAL_UART_Receive
                0x0000000008004bba      0x124 ./Drivers/STM32L1xx_HAL_Driver/stm32l1xx_hal_uart.o
                0x0000000008004bba                HAL_UART_Receive
 .text.UART_WaitOnFlagUntilTimeout
                0x0000000008004cde       0xdc ./Drivers/STM32L1xx_HAL_Driver/stm32l1xx_hal_uart.o
 *fill*         0x0000000008004dba        0x2 
 .text.UART_SetConfig
                0x0000000008004dbc      0x1c8 ./Drivers/STM32L1xx_HAL_Driver/stm32l1xx_hal_uart.o
 .text.__libc_init_array
                0x0000000008004f84       0x48 d:/stm32cubeide_1.12.0/stm32cubeide/plugins/com.st.stm32cube.ide.mcu.externaltools.gnu-tools-for-stm32.10.3-2021.10.win32_1.0.200.202301161003/tools/bin/../lib/gcc/arm-none-eabi/10.3.1/../../../../arm-none-eabi/lib/thumb/v7-m/nofp\libc_nano.a(lib_a-init.o)
                0x0000000008004f84                __libc_init_array
 .text.memset   0x0000000008004fcc       0x10 d:/stm32cubeide_1.12.0/stm32cubeide/plugins/com.st.stm32cube.ide.mcu.externaltools.gnu-tools-for-stm32.10.3-2021.10.win32_1.0.200.202301161003/tools/bin/../lib/gcc/arm-none-eabi/10.3.1/../../../../arm-none-eabi/lib/thumb/v7-m/nofp\libc_nano.a(lib_a-memset.o)
                0x0000000008004fcc                memset
 *(.glue_7)
 .glue_7        0x0000000008004fdc        0x0 linker stubs
 *(.glue_7t)
 .glue_7t       0x0000000008004fdc        0x0 linker stubs
 *(.eh_frame)
 .eh_frame      0x0000000008004fdc        0x0 d:/stm32cubeide_1.12.0/stm32cubeide/plugins/com.st.stm32cube.ide.mcu.externaltools.gnu-tools-for-stm32.10.3-2021.10.win32_1.0.200.202301161003/tools/bin/../lib/gcc/arm-none-eabi/10.3.1/thumb/v7-m/nofp/crtbegin.o
 *(.init)
 .init          0x0000000008004fdc        0x4 d:/stm32cubeide_1.12.0/stm32cubeide/plugins/com.st.stm32cube.ide.mcu.externaltools.gnu-tools-for-stm32.10.3-2021.10.win32_1.0.200.202301161003/tools/bin/../lib/gcc/arm-none-eabi/10.3.1/thumb/v7-m/nofp/crti.o
                0x0000000008004fdc                _init
 .init          0x0000000008004fe0        0x8 d:/stm32cubeide_1.12.0/stm32cubeide/plugins/com.st.stm32cube.ide.mcu.externaltools.gnu-tools-for-stm32.10.3-2021.10.win32_1.0.200.202301161003/tools/bin/../lib/gcc/arm-none-eabi/10.3.1/thumb/v7-m/nofp/crtn.o
 *(.fini)
 .fini          0x0000000008004fe8        0x4 d:/stm32cubeide_1.12.0/stm32cubeide/plugins/com.st.stm32cube.ide.mcu.externaltools.gnu-tools-for-stm32.10.3-2021.10.win32_1.0.200.202301161003/tools/bin/../lib/gcc/arm-none-eabi/10.3.1/thumb/v7-m/nofp/crti.o
                0x0000000008004fe8                _fini
 .fini          0x0000000008004fec        0x8 d:/stm32cubeide_1.12.0/stm32cubeide/plugins/com.st.stm32cube.ide.mcu.externaltools.gnu-tools-for-stm32.10.3-2021.10.win32_1.0.200.202301161003/tools/bin/../lib/gcc/arm-none-eabi/10.3.1/thumb/v7-m/nofp/crtn.o
                0x0000000008004ff4                . = ALIGN (0x4)
                0x0000000008004ff4                _etext = .

.vfp11_veneer   0x0000000008004ff4        0x0
 .vfp11_veneer  0x0000000008004ff4        0x0 linker stubs

.v4_bx          0x0000000008004ff4        0x0
 .v4_bx         0x0000000008004ff4        0x0 linker stubs

.iplt           0x0000000008004ff4        0x0
 .iplt          0x0000000008004ff4        0x0 d:/stm32cubeide_1.12.0/stm32cubeide/plugins/com.st.stm32cube.ide.mcu.externaltools.gnu-tools-for-stm32.10.3-2021.10.win32_1.0.200.202301161003/tools/bin/../lib/gcc/arm-none-eabi/10.3.1/thumb/v7-m/nofp/crtbegin.o

.rodata         0x0000000008004ff4       0x2c
                0x0000000008004ff4                . = ALIGN (0x4)
 *(.rodata)
 .rodata        0x0000000008004ff4        0x8 ./Core/Src/main.o
 *(.rodata*)
 .rodata.PLLMulTable
                0x0000000008004ffc        0x9 ./Core/Src/system_stm32l1xx.o
                0x0000000008004ffc                PLLMulTable
 *fill*         0x0000000008005005        0x3 
 .rodata.AHBPrescTable
                0x0000000008005008       0x10 ./Core/Src/system_stm32l1xx.o
                0x0000000008005008                AHBPrescTable
 .rodata.APBPrescTable
                0x0000000008005018        0x8 ./Core/Src/system_stm32l1xx.o
                0x0000000008005018                APBPrescTable
                0x0000000008005020                . = ALIGN (0x4)

.ARM.extab      0x0000000008005020        0x0
                0x0000000008005020                . = ALIGN (0x4)
 *(.ARM.extab* .gnu.linkonce.armextab.*)
                0x0000000008005020                . = ALIGN (0x4)

.ARM            0x0000000008005020        0x8
                0x0000000008005020                . = ALIGN (0x4)
                0x0000000008005020                __exidx_start = .
 *(.ARM.exidx*)
 .ARM.exidx     0x0000000008005020        0x8 d:/stm32cubeide_1.12.0/stm32cubeide/plugins/com.st.stm32cube.ide.mcu.externaltools.gnu-tools-for-stm32.10.3-2021.10.win32_1.0.200.202301161003/tools/bin/../lib/gcc/arm-none-eabi/10.3.1/thumb/v7-m/nofp\libgcc.a(_udivmoddi4.o)
                0x0000000008005028                __exidx_end = .
                0x0000000008005028                . = ALIGN (0x4)

.rel.dyn        0x0000000008005028        0x0
 .rel.iplt      0x0000000008005028        0x0 d:/stm32cubeide_1.12.0/stm32cubeide/plugins/com.st.stm32cube.ide.mcu.externaltools.gnu-tools-for-stm32.10.3-2021.10.win32_1.0.200.202301161003/tools/bin/../lib/gcc/arm-none-eabi/10.3.1/thumb/v7-m/nofp/crtbegin.o

.preinit_array  0x0000000008005028        0x0
                0x0000000008005028                . = ALIGN (0x4)
                0x0000000008005028                PROVIDE (__preinit_array_start = .)
 *(.preinit_array*)
                0x0000000008005028                PROVIDE (__preinit_array_end = .)
                0x0000000008005028                . = ALIGN (0x4)

.init_array     0x0000000008005028        0x4
                0x0000000008005028                . = ALIGN (0x4)
                0x0000000008005028                PROVIDE (__init_array_start = .)
 *(SORT_BY_NAME(.init_array.*))
 *(.init_array*)
 .init_array    0x0000000008005028        0x4 d:/stm32cubeide_1.12.0/stm32cubeide/plugins/com.st.stm32cube.ide.mcu.externaltools.gnu-tools-for-stm32.10.3-2021.10.win32_1.0.200.202301161003/tools/bin/../lib/gcc/arm-none-eabi/10.3.1/thumb/v7-m/nofp/crtbegin.o
                0x000000000800502c                PROVIDE (__init_array_end = .)
                0x000000000800502c                . = ALIGN (0x4)

.fini_array     0x000000000800502c        0x4
                0x000000000800502c                . = ALIGN (0x4)
                [!provide]                        PROVIDE (__fini_array_start = .)
 *(SORT_BY_NAME(.fini_array.*))
 *(.fini_array*)
 .fini_array    0x000000000800502c        0x4 d:/stm32cubeide_1.12.0/stm32cubeide/plugins/com.st.stm32cube.ide.mcu.externaltools.gnu-tools-for-stm32.10.3-2021.10.win32_1.0.200.202301161003/tools/bin/../lib/gcc/arm-none-eabi/10.3.1/thumb/v7-m/nofp/crtbegin.o
                [!provide]                        PROVIDE (__fini_array_end = .)
                0x0000000008005030                . = ALIGN (0x4)
                0x0000000008005030                _sidata = LOADADDR (.data)

.data           0x0000000020000000       0x14 load address 0x0000000008005030
                0x0000000020000000                . = ALIGN (0x4)
                0x0000000020000000                _sdata = .
 *(.data)
 *(.data*)
 .data.autoY    0x0000000020000000        0x3 ./Core/Src/main.o
                0x0000000020000000                autoY
 *fill*         0x0000000020000003        0x1 
 .data.step     0x0000000020000004        0x4 ./Core/Src/main.o
                0x0000000020000004                step
 .data.SystemCoreClock
                0x0000000020000008        0x4 ./Core/Src/system_stm32l1xx.o
                0x0000000020000008                SystemCoreClock
 .data.uwTickPrio
                0x000000002000000c        0x4 ./Drivers/STM32L1xx_HAL_Driver/stm32l1xx_hal.o
                0x000000002000000c                uwTickPrio
 .data.uwTickFreq
                0x0000000020000010        0x4 ./Drivers/STM32L1xx_HAL_Driver/stm32l1xx_hal.o
                0x0000000020000010                uwTickFreq
 *(.RamFunc)
 *(.RamFunc*)
                0x0000000020000014                . = ALIGN (0x4)
                0x0000000020000014                _edata = .

.igot.plt       0x0000000020000014        0x0 load address 0x0000000008005044
 .igot.plt      0x0000000020000014        0x0 d:/stm32cubeide_1.12.0/stm32cubeide/plugins/com.st.stm32cube.ide.mcu.externaltools.gnu-tools-for-stm32.10.3-2021.10.win32_1.0.200.202301161003/tools/bin/../lib/gcc/arm-none-eabi/10.3.1/thumb/v7-m/nofp/crtbegin.o
                0x0000000020000014                . = ALIGN (0x4)

.bss            0x0000000020000014      0x1f4 load address 0x0000000008005044
                0x0000000020000014                _sbss = .
                0x0000000020000014                __bss_start__ = _sbss
 *(.bss)
 .bss           0x0000000020000014       0x1c d:/stm32cubeide_1.12.0/stm32cubeide/plugins/com.st.stm32cube.ide.mcu.externaltools.gnu-tools-for-stm32.10.3-2021.10.win32_1.0.200.202301161003/tools/bin/../lib/gcc/arm-none-eabi/10.3.1/thumb/v7-m/nofp/crtbegin.o
 *(.bss*)
 .bss.jetsondata4
                0x0000000020000030        0x5 ./Core/Src/main.o
                0x0000000020000030                jetsondata4
 .bss.LEDR      0x0000000020000035        0x1 ./Core/Src/main.o
                0x0000000020000035                LEDR
 .bss.LEDG      0x0000000020000036        0x1 ./Core/Src/main.o
                0x0000000020000036                LEDG
 .bss.LEDY      0x0000000020000037        0x1 ./Core/Src/main.o
                0x0000000020000037                LEDY
 .bss.otw       0x0000000020000038        0x1 ./Core/Src/main.o
                0x0000000020000038                otw
 *fill*         0x0000000020000039        0x3 
 .bss.pwm1      0x000000002000003c        0x4 ./Core/Src/main.o
                0x000000002000003c                pwm1
 .bss.pwm2      0x0000000020000040        0x4 ./Core/Src/main.o
                0x0000000020000040                pwm2
 .bss.pwmRight  0x0000000020000044        0x4 ./Core/Src/main.o
                0x0000000020000044                pwmRight
 .bss.pwmLeft   0x0000000020000048        0x4 ./Core/Src/main.o
                0x0000000020000048                pwmLeft
 .bss.time      0x000000002000004c        0x4 ./Core/Src/main.o
                0x000000002000004c                time
 .bss.timereset
                0x0000000020000050        0x4 ./Core/Src/main.o
                0x0000000020000050                timereset
 .bss.timeauto  0x0000000020000054        0x4 ./Core/Src/main.o
                0x0000000020000054                timeauto
 .bss.timeauto2
                0x0000000020000058        0x4 ./Core/Src/main.o
                0x0000000020000058                timeauto2
 .bss.hspi_nrf  0x000000002000005c        0x4 ./Core/Src/nRF24.o
 .bss.addr_p0_backup
                0x0000000020000060        0x3 ./Core/Src/nRF24.o
 *fill*         0x0000000020000063        0x1 
 .bss.hspi2     0x0000000020000064       0x58 ./Core/Src/spi.o
                0x0000000020000064                hspi2
 .bss.htim2     0x00000000200000bc       0x40 ./Core/Src/tim.o
                0x00000000200000bc                htim2
 .bss.htim3     0x00000000200000fc       0x40 ./Core/Src/tim.o
                0x00000000200000fc                htim3
 .bss.htim4     0x000000002000013c       0x40 ./Core/Src/tim.o
                0x000000002000013c                htim4
 .bss.htim5     0x000000002000017c       0x40 ./Core/Src/tim.o
                0x000000002000017c                htim5
 .bss.huart2    0x00000000200001bc       0x48 ./Core/Src/usart.o
                0x00000000200001bc                huart2
 .bss.uwTick    0x0000000020000204        0x4 ./Drivers/STM32L1xx_HAL_Driver/stm32l1xx_hal.o
                0x0000000020000204                uwTick
 *(COMMON)
                0x0000000020000208                . = ALIGN (0x4)
                0x0000000020000208                _ebss = .
                0x0000000020000208                __bss_end__ = _ebss

._user_heap_stack
                0x0000000020000208      0x600 load address 0x0000000008005044
                0x0000000020000208                . = ALIGN (0x8)
                [!provide]                        PROVIDE (end = .)
                0x0000000020000208                PROVIDE (_end = .)
                0x0000000020000408                . = (. + _Min_Heap_Size)
 *fill*         0x0000000020000208      0x200 
                0x0000000020000808                . = (. + _Min_Stack_Size)
 *fill*         0x0000000020000408      0x400 
                0x0000000020000808                . = ALIGN (0x8)

/DISCARD/
 libc.a(*)
 libm.a(*)
 libgcc.a(*)

.ARM.attributes
                0x0000000000000000       0x29
 *(.ARM.attributes)
 .ARM.attributes
                0x0000000000000000       0x1d d:/stm32cubeide_1.12.0/stm32cubeide/plugins/com.st.stm32cube.ide.mcu.externaltools.gnu-tools-for-stm32.10.3-2021.10.win32_1.0.200.202301161003/tools/bin/../lib/gcc/arm-none-eabi/10.3.1/thumb/v7-m/nofp/crti.o
 .ARM.attributes
                0x000000000000001d       0x2d d:/stm32cubeide_1.12.0/stm32cubeide/plugins/com.st.stm32cube.ide.mcu.externaltools.gnu-tools-for-stm32.10.3-2021.10.win32_1.0.200.202301161003/tools/bin/../lib/gcc/arm-none-eabi/10.3.1/thumb/v7-m/nofp/crtbegin.o
 .ARM.attributes
                0x000000000000004a       0x2d ./Core/Src/gpio.o
 .ARM.attributes
                0x0000000000000077       0x2d ./Core/Src/main.o
 .ARM.attributes
                0x00000000000000a4       0x2d ./Core/Src/nRF24.o
 .ARM.attributes
                0x00000000000000d1       0x2d ./Core/Src/spi.o
 .ARM.attributes
                0x00000000000000fe       0x2d ./Core/Src/stm32l1xx_hal_msp.o
 .ARM.attributes
                0x000000000000012b       0x2d ./Core/Src/stm32l1xx_it.o
 .ARM.attributes
                0x0000000000000158       0x2d ./Core/Src/system_stm32l1xx.o
 .ARM.attributes
                0x0000000000000185       0x2d ./Core/Src/tim.o
 .ARM.attributes
                0x00000000000001b2       0x2d ./Core/Src/usart.o
 .ARM.attributes
                0x00000000000001df       0x21 ./Core/Startup/startup_stm32l152retx.o
 .ARM.attributes
                0x0000000000000200       0x2d ./Drivers/STM32L1xx_HAL_Driver/stm32l1xx_hal.o
 .ARM.attributes
                0x000000000000022d       0x2d ./Drivers/STM32L1xx_HAL_Driver/stm32l1xx_hal_cortex.o
 .ARM.attributes
                0x000000000000025a       0x2d ./Drivers/STM32L1xx_HAL_Driver/stm32l1xx_hal_gpio.o
 .ARM.attributes
                0x0000000000000287       0x2d ./Drivers/STM32L1xx_HAL_Driver/stm32l1xx_hal_rcc.o
 .ARM.attributes
                0x00000000000002b4       0x2d ./Drivers/STM32L1xx_HAL_Driver/stm32l1xx_hal_spi.o
 .ARM.attributes
                0x00000000000002e1       0x2d ./Drivers/STM32L1xx_HAL_Driver/stm32l1xx_hal_tim.o
 .ARM.attributes
                0x000000000000030e       0x2d ./Drivers/STM32L1xx_HAL_Driver/stm32l1xx_hal_tim_ex.o
 .ARM.attributes
                0x000000000000033b       0x2d ./Drivers/STM32L1xx_HAL_Driver/stm32l1xx_hal_uart.o
 .ARM.attributes
                0x0000000000000368       0x2d d:/stm32cubeide_1.12.0/stm32cubeide/plugins/com.st.stm32cube.ide.mcu.externaltools.gnu-tools-for-stm32.10.3-2021.10.win32_1.0.200.202301161003/tools/bin/../lib/gcc/arm-none-eabi/10.3.1/../../../../arm-none-eabi/lib/thumb/v7-m/nofp\libc_nano.a(lib_a-init.o)
 .ARM.attributes
                0x0000000000000395       0x2d d:/stm32cubeide_1.12.0/stm32cubeide/plugins/com.st.stm32cube.ide.mcu.externaltools.gnu-tools-for-stm32.10.3-2021.10.win32_1.0.200.202301161003/tools/bin/../lib/gcc/arm-none-eabi/10.3.1/../../../../arm-none-eabi/lib/thumb/v7-m/nofp\libc_nano.a(lib_a-memset.o)
 .ARM.attributes
                0x00000000000003c2       0x1d d:/stm32cubeide_1.12.0/stm32cubeide/plugins/com.st.stm32cube.ide.mcu.externaltools.gnu-tools-for-stm32.10.3-2021.10.win32_1.0.200.202301161003/tools/bin/../lib/gcc/arm-none-eabi/10.3.1/thumb/v7-m/nofp\libgcc.a(_arm_addsubsf3.o)
 .ARM.attributes
                0x00000000000003df       0x1d d:/stm32cubeide_1.12.0/stm32cubeide/plugins/com.st.stm32cube.ide.mcu.externaltools.gnu-tools-for-stm32.10.3-2021.10.win32_1.0.200.202301161003/tools/bin/../lib/gcc/arm-none-eabi/10.3.1/thumb/v7-m/nofp\libgcc.a(_arm_cmpsf2.o)
 .ARM.attributes
                0x00000000000003fc       0x1d d:/stm32cubeide_1.12.0/stm32cubeide/plugins/com.st.stm32cube.ide.mcu.externaltools.gnu-tools-for-stm32.10.3-2021.10.win32_1.0.200.202301161003/tools/bin/../lib/gcc/arm-none-eabi/10.3.1/thumb/v7-m/nofp\libgcc.a(_arm_fixsfsi.o)
 .ARM.attributes
                0x0000000000000419       0x1d d:/stm32cubeide_1.12.0/stm32cubeide/plugins/com.st.stm32cube.ide.mcu.externaltools.gnu-tools-for-stm32.10.3-2021.10.win32_1.0.200.202301161003/tools/bin/../lib/gcc/arm-none-eabi/10.3.1/thumb/v7-m/nofp\libgcc.a(_aeabi_uldivmod.o)
 .ARM.attributes
                0x0000000000000436       0x2d d:/stm32cubeide_1.12.0/stm32cubeide/plugins/com.st.stm32cube.ide.mcu.externaltools.gnu-tools-for-stm32.10.3-2021.10.win32_1.0.200.202301161003/tools/bin/../lib/gcc/arm-none-eabi/10.3.1/thumb/v7-m/nofp\libgcc.a(_udivmoddi4.o)
 .ARM.attributes
                0x0000000000000463       0x1d d:/stm32cubeide_1.12.0/stm32cubeide/plugins/com.st.stm32cube.ide.mcu.externaltools.gnu-tools-for-stm32.10.3-2021.10.win32_1.0.200.202301161003/tools/bin/../lib/gcc/arm-none-eabi/10.3.1/thumb/v7-m/nofp\libgcc.a(_dvmd_tls.o)
 .ARM.attributes
                0x0000000000000480       0x1d d:/stm32cubeide_1.12.0/stm32cubeide/plugins/com.st.stm32cube.ide.mcu.externaltools.gnu-tools-for-stm32.10.3-2021.10.win32_1.0.200.202301161003/tools/bin/../lib/gcc/arm-none-eabi/10.3.1/thumb/v7-m/nofp/crtn.o
OUTPUT(nowyManipulator.elf elf32-littlearm)
LOAD linker stubs
LOAD d:/stm32cubeide_1.12.0/stm32cubeide/plugins/com.st.stm32cube.ide.mcu.externaltools.gnu-tools-for-stm32.10.3-2021.10.win32_1.0.200.202301161003/tools/bin/../lib/gcc/arm-none-eabi/10.3.1/../../../../arm-none-eabi/lib/thumb/v7-m/nofp\libc.a
LOAD d:/stm32cubeide_1.12.0/stm32cubeide/plugins/com.st.stm32cube.ide.mcu.externaltools.gnu-tools-for-stm32.10.3-2021.10.win32_1.0.200.202301161003/tools/bin/../lib/gcc/arm-none-eabi/10.3.1/../../../../arm-none-eabi/lib/thumb/v7-m/nofp\libm.a
LOAD d:/stm32cubeide_1.12.0/stm32cubeide/plugins/com.st.stm32cube.ide.mcu.externaltools.gnu-tools-for-stm32.10.3-2021.10.win32_1.0.200.202301161003/tools/bin/../lib/gcc/arm-none-eabi/10.3.1/thumb/v7-m/nofp\libgcc.a

.debug_info     0x0000000000000000     0xecb0
 .debug_info    0x0000000000000000      0x3ae ./Core/Src/gpio.o
 .debug_info    0x00000000000003ae     0x18d4 ./Core/Src/main.o
 .debug_info    0x0000000000001c82      0xd74 ./Core/Src/nRF24.o
 .debug_info    0x00000000000029f6      0x8c2 ./Core/Src/spi.o
 .debug_info    0x00000000000032b8      0x1e8 ./Core/Src/stm32l1xx_hal_msp.o
 .debug_info    0x00000000000034a0      0x122 ./Core/Src/stm32l1xx_it.o
 .debug_info    0x00000000000035c2      0x2a7 ./Core/Src/system_stm32l1xx.o
 .debug_info    0x0000000000003869      0xcf7 ./Core/Src/tim.o
 .debug_info    0x0000000000004560      0x895 ./Core/Src/usart.o
 .debug_info    0x0000000000004df5       0x22 ./Core/Startup/startup_stm32l152retx.o
 .debug_info    0x0000000000004e17      0x726 ./Drivers/STM32L1xx_HAL_Driver/stm32l1xx_hal.o
 .debug_info    0x000000000000553d      0xd85 ./Drivers/STM32L1xx_HAL_Driver/stm32l1xx_hal_cortex.o
 .debug_info    0x00000000000062c2      0x635 ./Drivers/STM32L1xx_HAL_Driver/stm32l1xx_hal_gpio.o
 .debug_info    0x00000000000068f7      0x9e6 ./Drivers/STM32L1xx_HAL_Driver/stm32l1xx_hal_rcc.o
 .debug_info    0x00000000000072dd     0x1710 ./Drivers/STM32L1xx_HAL_Driver/stm32l1xx_hal_spi.o
 .debug_info    0x00000000000089ed     0x2a22 ./Drivers/STM32L1xx_HAL_Driver/stm32l1xx_hal_tim.o
 .debug_info    0x000000000000b40f      0x6f0 ./Drivers/STM32L1xx_HAL_Driver/stm32l1xx_hal_tim_ex.o
 .debug_info    0x000000000000baff     0x31b1 ./Drivers/STM32L1xx_HAL_Driver/stm32l1xx_hal_uart.o

.debug_abbrev   0x0000000000000000     0x2255
 .debug_abbrev  0x0000000000000000      0x146 ./Core/Src/gpio.o
 .debug_abbrev  0x0000000000000146      0x2fe ./Core/Src/main.o
 .debug_abbrev  0x0000000000000444      0x288 ./Core/Src/nRF24.o
 .debug_abbrev  0x00000000000006cc      0x1e0 ./Core/Src/spi.o
 .debug_abbrev  0x00000000000008ac       0xde ./Core/Src/stm32l1xx_hal_msp.o
 .debug_abbrev  0x000000000000098a       0x74 ./Core/Src/stm32l1xx_it.o
 .debug_abbrev  0x00000000000009fe      0x116 ./Core/Src/system_stm32l1xx.o
 .debug_abbrev  0x0000000000000b14      0x25a ./Core/Src/tim.o
 .debug_abbrev  0x0000000000000d6e      0x1e7 ./Core/Src/usart.o
 .debug_abbrev  0x0000000000000f55       0x12 ./Core/Startup/startup_stm32l152retx.o
 .debug_abbrev  0x0000000000000f67      0x26c ./Drivers/STM32L1xx_HAL_Driver/stm32l1xx_hal.o
 .debug_abbrev  0x00000000000011d3      0x316 ./Drivers/STM32L1xx_HAL_Driver/stm32l1xx_hal_cortex.o
 .debug_abbrev  0x00000000000014e9      0x1c4 ./Drivers/STM32L1xx_HAL_Driver/stm32l1xx_hal_gpio.o
 .debug_abbrev  0x00000000000016ad      0x2b0 ./Drivers/STM32L1xx_HAL_Driver/stm32l1xx_hal_rcc.o
 .debug_abbrev  0x000000000000195d      0x26e ./Drivers/STM32L1xx_HAL_Driver/stm32l1xx_hal_spi.o
 .debug_abbrev  0x0000000000001bcb      0x24f ./Drivers/STM32L1xx_HAL_Driver/stm32l1xx_hal_tim.o
 .debug_abbrev  0x0000000000001e1a      0x15c ./Drivers/STM32L1xx_HAL_Driver/stm32l1xx_hal_tim_ex.o
 .debug_abbrev  0x0000000000001f76      0x2df ./Drivers/STM32L1xx_HAL_Driver/stm32l1xx_hal_uart.o

.debug_aranges  0x0000000000000000      0xec0
 .debug_aranges
                0x0000000000000000       0x20 ./Core/Src/gpio.o
 .debug_aranges
                0x0000000000000020      0x160 ./Core/Src/main.o
 .debug_aranges
                0x0000000000000180      0x110 ./Core/Src/nRF24.o
 .debug_aranges
                0x0000000000000290       0x30 ./Core/Src/spi.o
 .debug_aranges
                0x00000000000002c0       0x20 ./Core/Src/stm32l1xx_hal_msp.o
 .debug_aranges
                0x00000000000002e0       0x60 ./Core/Src/stm32l1xx_it.o
 .debug_aranges
                0x0000000000000340       0x28 ./Core/Src/system_stm32l1xx.o
 .debug_aranges
                0x0000000000000368       0x50 ./Core/Src/tim.o
 .debug_aranges
                0x00000000000003b8       0x30 ./Core/Src/usart.o
 .debug_aranges
                0x00000000000003e8       0x28 ./Core/Startup/startup_stm32l152retx.o
 .debug_aranges
                0x0000000000000410       0xe0 ./Drivers/STM32L1xx_HAL_Driver/stm32l1xx_hal.o
 .debug_aranges
                0x00000000000004f0      0x118 ./Drivers/STM32L1xx_HAL_Driver/stm32l1xx_hal_cortex.o
 .debug_aranges
                0x0000000000000608       0x58 ./Drivers/STM32L1xx_HAL_Driver/stm32l1xx_hal_gpio.o
 .debug_aranges
                0x0000000000000660       0x90 ./Drivers/STM32L1xx_HAL_Driver/stm32l1xx_hal_rcc.o
 .debug_aranges
                0x00000000000006f0      0x1d0 ./Drivers/STM32L1xx_HAL_Driver/stm32l1xx_hal_spi.o
 .debug_aranges
                0x00000000000008c0      0x3d0 ./Drivers/STM32L1xx_HAL_Driver/stm32l1xx_hal_tim.o
 .debug_aranges
                0x0000000000000c90       0x28 ./Drivers/STM32L1xx_HAL_Driver/stm32l1xx_hal_tim_ex.o
 .debug_aranges
                0x0000000000000cb8      0x208 ./Drivers/STM32L1xx_HAL_Driver/stm32l1xx_hal_uart.o

.debug_ranges   0x0000000000000000      0xdd8
 .debug_ranges  0x0000000000000000       0x10 ./Core/Src/gpio.o
 .debug_ranges  0x0000000000000010      0x150 ./Core/Src/main.o
 .debug_ranges  0x0000000000000160      0x100 ./Core/Src/nRF24.o
 .debug_ranges  0x0000000000000260       0x20 ./Core/Src/spi.o
 .debug_ranges  0x0000000000000280       0x10 ./Core/Src/stm32l1xx_hal_msp.o
 .debug_ranges  0x0000000000000290       0x50 ./Core/Src/stm32l1xx_it.o
 .debug_ranges  0x00000000000002e0       0x18 ./Core/Src/system_stm32l1xx.o
 .debug_ranges  0x00000000000002f8       0x40 ./Core/Src/tim.o
 .debug_ranges  0x0000000000000338       0x20 ./Core/Src/usart.o
 .debug_ranges  0x0000000000000358       0x20 ./Core/Startup/startup_stm32l152retx.o
 .debug_ranges  0x0000000000000378       0xd0 ./Drivers/STM32L1xx_HAL_Driver/stm32l1xx_hal.o
 .debug_ranges  0x0000000000000448      0x108 ./Drivers/STM32L1xx_HAL_Driver/stm32l1xx_hal_cortex.o
 .debug_ranges  0x0000000000000550       0x48 ./Drivers/STM32L1xx_HAL_Driver/stm32l1xx_hal_gpio.o
 .debug_ranges  0x0000000000000598       0x80 ./Drivers/STM32L1xx_HAL_Driver/stm32l1xx_hal_rcc.o
 .debug_ranges  0x0000000000000618      0x1c0 ./Drivers/STM32L1xx_HAL_Driver/stm32l1xx_hal_spi.o
 .debug_ranges  0x00000000000007d8      0x3c0 ./Drivers/STM32L1xx_HAL_Driver/stm32l1xx_hal_tim.o
 .debug_ranges  0x0000000000000b98       0x18 ./Drivers/STM32L1xx_HAL_Driver/stm32l1xx_hal_tim_ex.o
 .debug_ranges  0x0000000000000bb0      0x228 ./Drivers/STM32L1xx_HAL_Driver/stm32l1xx_hal_uart.o

.debug_macro    0x0000000000000000    0x16d37
 .debug_macro   0x0000000000000000      0x1d2 ./Core/Src/gpio.o
 .debug_macro   0x00000000000001d2      0xa6c ./Core/Src/gpio.o
 .debug_macro   0x0000000000000c3e      0x115 ./Core/Src/gpio.o
 .debug_macro   0x0000000000000d53       0x2e ./Core/Src/gpio.o
 .debug_macro   0x0000000000000d81       0x22 ./Core/Src/gpio.o
 .debug_macro   0x0000000000000da3       0x22 ./Core/Src/gpio.o
 .debug_macro   0x0000000000000dc5       0x8e ./Core/Src/gpio.o
 .debug_macro   0x0000000000000e53       0x51 ./Core/Src/gpio.o
 .debug_macro   0x0000000000000ea4      0x103 ./Core/Src/gpio.o
 .debug_macro   0x0000000000000fa7       0x6a ./Core/Src/gpio.o
 .debug_macro   0x0000000000001011      0x1df ./Core/Src/gpio.o
 .debug_macro   0x00000000000011f0       0x1c ./Core/Src/gpio.o
 .debug_macro   0x000000000000120c       0x22 ./Core/Src/gpio.o
 .debug_macro   0x000000000000122e       0xbd ./Core/Src/gpio.o
 .debug_macro   0x00000000000012eb      0xe49 ./Core/Src/gpio.o
 .debug_macro   0x0000000000002134      0x11f ./Core/Src/gpio.o
 .debug_macro   0x0000000000002253     0xb56a ./Core/Src/gpio.o
 .debug_macro   0x000000000000d7bd       0x6d ./Core/Src/gpio.o
 .debug_macro   0x000000000000d82a     0x34cc ./Core/Src/gpio.o
 .debug_macro   0x0000000000010cf6      0x174 ./Core/Src/gpio.o
 .debug_macro   0x0000000000010e6a       0x5b ./Core/Src/gpio.o
 .debug_macro   0x0000000000010ec5      0xe37 ./Core/Src/gpio.o
 .debug_macro   0x0000000000011cfc      0x35b ./Core/Src/gpio.o
 .debug_macro   0x0000000000012057      0x1b8 ./Core/Src/gpio.o
 .debug_macro   0x000000000001220f       0xc5 ./Core/Src/gpio.o
 .debug_macro   0x00000000000122d4      0x21e ./Core/Src/gpio.o
 .debug_macro   0x00000000000124f2      0x236 ./Core/Src/gpio.o
 .debug_macro   0x0000000000012728      0x115 ./Core/Src/gpio.o
 .debug_macro   0x000000000001283d      0x567 ./Core/Src/gpio.o
 .debug_macro   0x0000000000012da4      0x1e9 ./Core/Src/gpio.o
 .debug_macro   0x0000000000012f8d       0x22 ./Core/Src/gpio.o
 .debug_macro   0x0000000000012faf      0x225 ./Core/Src/gpio.o
 .debug_macro   0x00000000000131d4      0x788 ./Core/Src/gpio.o
 .debug_macro   0x000000000001395c       0xac ./Core/Src/gpio.o
 .debug_macro   0x0000000000013a08      0x2aa ./Core/Src/gpio.o
 .debug_macro   0x0000000000013cb2      0x170 ./Core/Src/gpio.o
 .debug_macro   0x0000000000013e22      0x492 ./Core/Src/gpio.o
 .debug_macro   0x00000000000142b4      0x1d4 ./Core/Src/gpio.o
 .debug_macro   0x0000000000014488      0x2e8 ./Core/Src/main.o
 .debug_macro   0x0000000000014770      0x220 ./Core/Src/main.o
 .debug_macro   0x0000000000014990       0x52 ./Core/Src/main.o
 .debug_macro   0x00000000000149e2       0x18 ./Core/Src/main.o
 .debug_macro   0x00000000000149fa       0x3c ./Core/Src/main.o
 .debug_macro   0x0000000000014a36       0x34 ./Core/Src/main.o
 .debug_macro   0x0000000000014a6a       0x16 ./Core/Src/main.o
 .debug_macro   0x0000000000014a80       0x43 ./Core/Src/main.o
 .debug_macro   0x0000000000014ac3       0x34 ./Core/Src/main.o
 .debug_macro   0x0000000000014af7       0x10 ./Core/Src/main.o
 .debug_macro   0x0000000000014b07       0x58 ./Core/Src/main.o
 .debug_macro   0x0000000000014b5f       0x71 ./Core/Src/main.o
 .debug_macro   0x0000000000014bd0       0x1c ./Core/Src/main.o
 .debug_macro   0x0000000000014bec      0x12a ./Core/Src/main.o
 .debug_macro   0x0000000000014d16      0x341 ./Core/Src/main.o
 .debug_macro   0x0000000000015057       0x10 ./Core/Src/main.o
 .debug_macro   0x0000000000015067       0x35 ./Core/Src/main.o
 .debug_macro   0x000000000001509c       0x20 ./Core/Src/main.o
 .debug_macro   0x00000000000150bc      0x19b ./Core/Src/main.o
 .debug_macro   0x0000000000015257      0x201 ./Core/Src/nRF24.o
 .debug_macro   0x0000000000015458      0x1d2 ./Core/Src/spi.o
 .debug_macro   0x000000000001562a      0x1c8 ./Core/Src/stm32l1xx_hal_msp.o
 .debug_macro   0x00000000000157f2      0x1d2 ./Core/Src/stm32l1xx_it.o
 .debug_macro   0x00000000000159c4      0x1b9 ./Core/Src/system_stm32l1xx.o
 .debug_macro   0x0000000000015b7d      0x1d2 ./Core/Src/tim.o
 .debug_macro   0x0000000000015d4f      0x1d2 ./Core/Src/usart.o
 .debug_macro   0x0000000000015f21      0x1dd ./Drivers/STM32L1xx_HAL_Driver/stm32l1xx_hal.o
 .debug_macro   0x00000000000160fe      0x1b9 ./Drivers/STM32L1xx_HAL_Driver/stm32l1xx_hal_cortex.o
 .debug_macro   0x00000000000162b7      0x1c0 ./Drivers/STM32L1xx_HAL_Driver/stm32l1xx_hal_gpio.o
 .debug_macro   0x0000000000016477      0x1cb ./Drivers/STM32L1xx_HAL_Driver/stm32l1xx_hal_rcc.o
 .debug_macro   0x0000000000016642      0x1c8 ./Drivers/STM32L1xx_HAL_Driver/stm32l1xx_hal_spi.o
 .debug_macro   0x000000000001680a      0x1ba ./Drivers/STM32L1xx_HAL_Driver/stm32l1xx_hal_tim.o
 .debug_macro   0x00000000000169c4      0x1b9 ./Drivers/STM32L1xx_HAL_Driver/stm32l1xx_hal_tim_ex.o
 .debug_macro   0x0000000000016b7d      0x1ba ./Drivers/STM32L1xx_HAL_Driver/stm32l1xx_hal_uart.o

.debug_line     0x0000000000000000    0x10b19
 .debug_line    0x0000000000000000      0x7dd ./Core/Src/gpio.o
 .debug_line    0x00000000000007dd     0x10f5 ./Core/Src/main.o
 .debug_line    0x00000000000018d2      0xc45 ./Core/Src/nRF24.o
 .debug_line    0x0000000000002517      0x80a ./Core/Src/spi.o
 .debug_line    0x0000000000002d21      0x79a ./Core/Src/stm32l1xx_hal_msp.o
 .debug_line    0x00000000000034bb      0x85b ./Core/Src/stm32l1xx_it.o
 .debug_line    0x0000000000003d16      0x839 ./Core/Src/system_stm32l1xx.o
 .debug_line    0x000000000000454f      0xac7 ./Core/Src/tim.o
 .debug_line    0x0000000000005016      0x802 ./Core/Src/usart.o
 .debug_line    0x0000000000005818       0x87 ./Core/Startup/startup_stm32l152retx.o
 .debug_line    0x000000000000589f      0xa95 ./Drivers/STM32L1xx_HAL_Driver/stm32l1xx_hal.o
 .debug_line    0x0000000000006334      0xd62 ./Drivers/STM32L1xx_HAL_Driver/stm32l1xx_hal_cortex.o
 .debug_line    0x0000000000007096      0xb0d ./Drivers/STM32L1xx_HAL_Driver/stm32l1xx_hal_gpio.o
 .debug_line    0x0000000000007ba3      0xf9e ./Drivers/STM32L1xx_HAL_Driver/stm32l1xx_hal_rcc.o
 .debug_line    0x0000000000008b41     0x1d3e ./Drivers/STM32L1xx_HAL_Driver/stm32l1xx_hal_spi.o
 .debug_line    0x000000000000a87f     0x302f ./Drivers/STM32L1xx_HAL_Driver/stm32l1xx_hal_tim.o
 .debug_line    0x000000000000d8ae      0x8a4 ./Drivers/STM32L1xx_HAL_Driver/stm32l1xx_hal_tim_ex.o
 .debug_line    0x000000000000e152     0x29c7 ./Drivers/STM32L1xx_HAL_Driver/stm32l1xx_hal_uart.o

.debug_str      0x0000000000000000    0x8e52d
 .debug_str     0x0000000000000000    0x869e5 ./Core/Src/gpio.o
                                      0x86c69 (size before relaxing)
 .debug_str     0x00000000000869e5     0x4a56 ./Core/Src/main.o
                                      0x8b6f9 (size before relaxing)
 .debug_str     0x000000000008b43b      0x3c2 ./Core/Src/nRF24.o
                                      0x87a81 (size before relaxing)
 .debug_str     0x000000000008b7fd       0x5b ./Core/Src/spi.o
                                      0x87080 (size before relaxing)
 .debug_str     0x000000000008b858       0x49 ./Core/Src/stm32l1xx_hal_msp.o
                                      0x86bbb (size before relaxing)
 .debug_str     0x000000000008b8a1       0xc9 ./Core/Src/stm32l1xx_it.o
                                      0x86bbb (size before relaxing)
 .debug_str     0x000000000008b96a       0x99 ./Core/Src/system_stm32l1xx.o
                                      0x86501 (size before relaxing)
 .debug_str     0x000000000008ba03      0x1c5 ./Core/Src/tim.o
                                      0x87321 (size before relaxing)
 .debug_str     0x000000000008bbc8       0x51 ./Core/Src/usart.o
                                      0x870b1 (size before relaxing)
 .debug_str     0x000000000008bc19       0x7e ./Core/Startup/startup_stm32l152retx.o
 .debug_str     0x000000000008bc97      0x693 ./Drivers/STM32L1xx_HAL_Driver/stm32l1xx_hal.o
                                      0x86c5f (size before relaxing)
 .debug_str     0x000000000008c32a      0x413 ./Drivers/STM32L1xx_HAL_Driver/stm32l1xx_hal_cortex.o
                                      0x86d39 (size before relaxing)
 .debug_str     0x000000000008c73d      0x154 ./Drivers/STM32L1xx_HAL_Driver/stm32l1xx_hal_gpio.o
                                      0x866cd (size before relaxing)
 .debug_str     0x000000000008c891      0x2ba ./Drivers/STM32L1xx_HAL_Driver/stm32l1xx_hal_rcc.o
                                      0x869f6 (size before relaxing)
 .debug_str     0x000000000008cb4b      0x5b5 ./Drivers/STM32L1xx_HAL_Driver/stm32l1xx_hal_spi.o
                                      0x86e62 (size before relaxing)
 .debug_str     0x000000000008d100      0xd6f ./Drivers/STM32L1xx_HAL_Driver/stm32l1xx_hal_tim.o
                                      0x8782d (size before relaxing)
 .debug_str     0x000000000008de6f       0x90 ./Drivers/STM32L1xx_HAL_Driver/stm32l1xx_hal_tim_ex.o
                                      0x869e2 (size before relaxing)
 .debug_str     0x000000000008deff      0x62e ./Drivers/STM32L1xx_HAL_Driver/stm32l1xx_hal_uart.o
                                      0x86f9f (size before relaxing)

.comment        0x0000000000000000       0x50
 .comment       0x0000000000000000       0x50 ./Core/Src/gpio.o
                                         0x51 (size before relaxing)
 .comment       0x0000000000000050       0x51 ./Core/Src/main.o
 .comment       0x0000000000000050       0x51 ./Core/Src/nRF24.o
 .comment       0x0000000000000050       0x51 ./Core/Src/spi.o
 .comment       0x0000000000000050       0x51 ./Core/Src/stm32l1xx_hal_msp.o
 .comment       0x0000000000000050       0x51 ./Core/Src/stm32l1xx_it.o
 .comment       0x0000000000000050       0x51 ./Core/Src/system_stm32l1xx.o
 .comment       0x0000000000000050       0x51 ./Core/Src/tim.o
 .comment       0x0000000000000050       0x51 ./Core/Src/usart.o
 .comment       0x0000000000000050       0x51 ./Drivers/STM32L1xx_HAL_Driver/stm32l1xx_hal.o
 .comment       0x0000000000000050       0x51 ./Drivers/STM32L1xx_HAL_Driver/stm32l1xx_hal_cortex.o
 .comment       0x0000000000000050       0x51 ./Drivers/STM32L1xx_HAL_Driver/stm32l1xx_hal_gpio.o
 .comment       0x0000000000000050       0x51 ./Drivers/STM32L1xx_HAL_Driver/stm32l1xx_hal_rcc.o
 .comment       0x0000000000000050       0x51 ./Drivers/STM32L1xx_HAL_Driver/stm32l1xx_hal_spi.o
 .comment       0x0000000000000050       0x51 ./Drivers/STM32L1xx_HAL_Driver/stm32l1xx_hal_tim.o
 .comment       0x0000000000000050       0x51 ./Drivers/STM32L1xx_HAL_Driver/stm32l1xx_hal_tim_ex.o
 .comment       0x0000000000000050       0x51 ./Drivers/STM32L1xx_HAL_Driver/stm32l1xx_hal_uart.o

.debug_frame    0x0000000000000000     0x3d9c
 .debug_frame   0x0000000000000000       0x34 ./Core/Src/gpio.o
 .debug_frame   0x0000000000000034      0x4dc ./Core/Src/main.o
 .debug_frame   0x0000000000000510      0x45c ./Core/Src/nRF24.o
 .debug_frame   0x000000000000096c       0x74 ./Core/Src/spi.o
 .debug_frame   0x00000000000009e0       0x34 ./Core/Src/stm32l1xx_hal_msp.o
 .debug_frame   0x0000000000000a14      0x104 ./Core/Src/stm32l1xx_it.o
 .debug_frame   0x0000000000000b18       0x58 ./Core/Src/system_stm32l1xx.o
 .debug_frame   0x0000000000000b70      0x114 ./Core/Src/tim.o
 .debug_frame   0x0000000000000c84       0x74 ./Core/Src/usart.o
 .debug_frame   0x0000000000000cf8      0x33c ./Drivers/STM32L1xx_HAL_Driver/stm32l1xx_hal.o
 .debug_frame   0x0000000000001034      0x498 ./Drivers/STM32L1xx_HAL_Driver/stm32l1xx_hal_cortex.o
 .debug_frame   0x00000000000014cc      0x14c ./Drivers/STM32L1xx_HAL_Driver/stm32l1xx_hal_gpio.o
 .debug_frame   0x0000000000001618      0x224 ./Drivers/STM32L1xx_HAL_Driver/stm32l1xx_hal_rcc.o
 .debug_frame   0x000000000000183c      0x824 ./Drivers/STM32L1xx_HAL_Driver/stm32l1xx_hal_spi.o
 .debug_frame   0x0000000000002060     0x11b4 ./Drivers/STM32L1xx_HAL_Driver/stm32l1xx_hal_tim.o
 .debug_frame   0x0000000000003214       0x60 ./Drivers/STM32L1xx_HAL_Driver/stm32l1xx_hal_tim_ex.o
 .debug_frame   0x0000000000003274      0x944 ./Drivers/STM32L1xx_HAL_Driver/stm32l1xx_hal_uart.o
 .debug_frame   0x0000000000003bb8       0x2c d:/stm32cubeide_1.12.0/stm32cubeide/plugins/com.st.stm32cube.ide.mcu.externaltools.gnu-tools-for-stm32.10.3-2021.10.win32_1.0.200.202301161003/tools/bin/../lib/gcc/arm-none-eabi/10.3.1/../../../../arm-none-eabi/lib/thumb/v7-m/nofp\libc_nano.a(lib_a-init.o)
 .debug_frame   0x0000000000003be4       0x20 d:/stm32cubeide_1.12.0/stm32cubeide/plugins/com.st.stm32cube.ide.mcu.externaltools.gnu-tools-for-stm32.10.3-2021.10.win32_1.0.200.202301161003/tools/bin/../lib/gcc/arm-none-eabi/10.3.1/../../../../arm-none-eabi/lib/thumb/v7-m/nofp\libc_nano.a(lib_a-memset.o)
 .debug_frame   0x0000000000003c04       0x4c d:/stm32cubeide_1.12.0/stm32cubeide/plugins/com.st.stm32cube.ide.mcu.externaltools.gnu-tools-for-stm32.10.3-2021.10.win32_1.0.200.202301161003/tools/bin/../lib/gcc/arm-none-eabi/10.3.1/thumb/v7-m/nofp\libgcc.a(_arm_addsubsf3.o)
 .debug_frame   0x0000000000003c50       0xc8 d:/stm32cubeide_1.12.0/stm32cubeide/plugins/com.st.stm32cube.ide.mcu.externaltools.gnu-tools-for-stm32.10.3-2021.10.win32_1.0.200.202301161003/tools/bin/../lib/gcc/arm-none-eabi/10.3.1/thumb/v7-m/nofp\libgcc.a(_arm_cmpsf2.o)
 .debug_frame   0x0000000000003d18       0x24 d:/stm32cubeide_1.12.0/stm32cubeide/plugins/com.st.stm32cube.ide.mcu.externaltools.gnu-tools-for-stm32.10.3-2021.10.win32_1.0.200.202301161003/tools/bin/../lib/gcc/arm-none-eabi/10.3.1/thumb/v7-m/nofp\libgcc.a(_arm_fixsfsi.o)
 .debug_frame   0x0000000000003d3c       0x2c d:/stm32cubeide_1.12.0/stm32cubeide/plugins/com.st.stm32cube.ide.mcu.externaltools.gnu-tools-for-stm32.10.3-2021.10.win32_1.0.200.202301161003/tools/bin/../lib/gcc/arm-none-eabi/10.3.1/thumb/v7-m/nofp\libgcc.a(_aeabi_uldivmod.o)
 .debug_frame   0x0000000000003d68       0x34 d:/stm32cubeide_1.12.0/stm32cubeide/plugins/com.st.stm32cube.ide.mcu.externaltools.gnu-tools-for-stm32.10.3-2021.10.win32_1.0.200.202301161003/tools/bin/../lib/gcc/arm-none-eabi/10.3.1/thumb/v7-m/nofp\libgcc.a(_udivmoddi4.o)
