../Core/Src/main.c:73:5:main	24	static
../Core/Src/main.c:196:6:SystemClock_Config	80	static
../Core/Src/main.c:236:10:map	16	static
../Core/Src/main.c:241:6:PWMval	16	static
../Core/Src/main.c:272:6:stopMotorControl	16	static
../Core/Src/main.c:312:6:motorControl	24	static
../Core/Src/main.c:332:6:rightside	32	static
../Core/Src/main.c:339:6:leftside	32	static
../Core/Src/main.c:346:6:motor0control	24	static
../Core/Src/main.c:347:6:motor1control	24	static
../Core/Src/main.c:348:6:motor2control	24	static
../Core/Src/main.c:349:6:motor3control	24	static
../Core/Src/main.c:350:6:motor4control	24	static
../Core/Src/main.c:351:6:motor5control	24	static
../Core/Src/main.c:353:6:stoppodst	8	static
../Core/Src/main.c:354:6:stopczlon1	8	static
../Core/Src/main.c:355:6:stopczlon2	8	static
../Core/Src/main.c:356:6:stopczlon3	8	static
../Core/Src/main.c:357:6:stopczlon4	8	static
../Core/Src/main.c:358:6:stopczlon5	8	static
../Core/Src/main.c:359:6:stopLmotorF	8	static
../Core/Src/main.c:360:6:stopRmotorF	8	static
../Core/Src/main.c:391:6:Error_Handler	4	static,ignoring_inline_asm
