../Core/Src/nRF24.c:24:13:nRF24_SendSpi	16	static
../Core/Src/nRF24.c:29:13:nRF24_ReadSpi	16	static
../Core/Src/nRF24.c:36:16:nRF24_ReadRegister	24	static
../Core/Src/nRF24.c:50:13:nRF24_ReadRegisters	16	static
../Core/Src/nRF24.c:62:13:nRF24_WriteRegister	24	static
../Core/Src/nRF24.c:76:13:nRF24_WriteRegisters	16	static
../Core/Src/nRF24.c:88:9:nRF24_ReadConfig	8	static
../Core/Src/nRF24.c:93:6:nRF24_WriteConfig	16	static
../Core/Src/nRF24.c:98:9:nRF24_ReadStatus	8	static
../Core/Src/nRF24.c:103:6:nRF24_WriteStatus	16	static
../Core/Src/nRF24.c:108:6:nRF24_RX_Mode	16	static
../Core/Src/nRF24.c:129:6:nRF24_TX_Mode	16	static
../Core/Src/nRF24.c:153:6:nRF24_SetPALevel	24	static
../Core/Src/nRF24.c:161:6:nRF24_SetDataRate	24	static
../Core/Src/nRF24.c:174:6:nRF24_FlushRX	16	static
../Core/Src/nRF24.c:183:6:nRF24_FlushTX	16	static
../Core/Src/nRF24.c:192:6:nRF24_EnableCRC	24	static
../Core/Src/nRF24.c:203:6:nRF24_SetCRCLength	24	static
../Core/Src/nRF24.c:213:6:nRF24_SetRetries	16	static
../Core/Src/nRF24.c:219:6:nRF24_SetRFChannel	16	static
../Core/Src/nRF24.c:224:6:nRF24_SetPayloadSize	16	static
../Core/Src/nRF24.c:231:6:nRF24_EnablePipe	24	static
../Core/Src/nRF24.c:243:6:nRF24_AutoACK	24	static
../Core/Src/nRF24.c:255:6:nRF24_SetAddressWidth	16	static
../Core/Src/nRF24.c:264:6:nRF24_SetRXAddress	24	static
../Core/Src/nRF24.c:281:6:nRF24_SetTXAddress	24	static
../Core/Src/nRF24.c:300:6:nRF24_WriteTXPayload	16	static
../Core/Src/nRF24.c:305:6:nRF24_WaitTX	16	static
../Core/Src/nRF24.c:322:6:nRF24_ReadRXPaylaod	16	static
../Core/Src/nRF24.c:331:9:nRF24_RXAvailible	16	static
../Core/Src/nRF24.c:346:6:nRF24_Init	16	static
