../Core/Src/main.c:94:5:main	8	static
../Core/Src/main.c:304:6:SystemClock_Config	80	static
../Core/Src/main.c:345:10:map	16	static
../Core/Src/main.c:349:6:PWMval	16	static
../Core/Src/main.c:379:6:podstR	8	static
../Core/Src/main.c:385:6:podstL	8	static
../Core/Src/main.c:391:6:stoppodst	8	static
../Core/Src/main.c:398:6:czlon1R	8	static
../Core/Src/main.c:403:6:czlon1L	8	static
../Core/Src/main.c:408:6:stopczlon1	8	static
../Core/Src/main.c:415:6:czlon2R	8	static
../Core/Src/main.c:420:6:czlon2L	8	static
../Core/Src/main.c:425:6:stopczlon2	8	static
../Core/Src/main.c:432:6:czlon3R	8	static
../Core/Src/main.c:437:6:czlon3L	8	static
../Core/Src/main.c:442:6:stopczlon3	8	static
../Core/Src/main.c:449:6:czlon4R	8	static
../Core/Src/main.c:454:6:czlon4L	8	static
../Core/Src/main.c:459:6:stopczlon4	8	static
../Core/Src/main.c:466:6:czlon5R	8	static
../Core/Src/main.c:471:6:czlon5L	8	static
../Core/Src/main.c:476:6:stopczlon5	8	static
../Core/Src/main.c:483:6:LmotorF	8	static
../Core/Src/main.c:488:6:LmotorB	8	static
../Core/Src/main.c:493:6:stopLmotorF	8	static
../Core/Src/main.c:499:6:RmotorF	8	static
../Core/Src/main.c:504:6:RmotorB	8	static
../Core/Src/main.c:509:6:stopRmotorF	8	static
../Core/Src/main.c:517:6:rightside	16	static
../Core/Src/main.c:549:6:leftside	16	static
../Core/Src/main.c:586:6:motor0control	8	static
../Core/Src/main.c:605:6:motor1control	8	static
../Core/Src/main.c:624:6:motor2control	8	static
../Core/Src/main.c:643:6:motor3control	8	static
../Core/Src/main.c:662:6:motor4control	8	static
../Core/Src/main.c:681:6:motor5control	8	static
../Core/Src/main.c:729:6:Error_Handler	4	static,ignoring_inline_asm
