../Core/Src/main.c:94:5:main	8	static
../Core/Src/main.c:266:6:SystemClock_Config	80	static
../Core/Src/main.c:307:10:map	16	static
../Core/Src/main.c:311:6:PWMval	16	static
../Core/Src/main.c:341:6:podstR	8	static
../Core/Src/main.c:347:6:podstL	8	static
../Core/Src/main.c:353:6:stoppodst	8	static
../Core/Src/main.c:360:6:czlon1R	8	static
../Core/Src/main.c:365:6:czlon1L	8	static
../Core/Src/main.c:370:6:stopczlon1	8	static
../Core/Src/main.c:377:6:czlon2R	8	static
../Core/Src/main.c:382:6:czlon2L	8	static
../Core/Src/main.c:387:6:stopczlon2	8	static
../Core/Src/main.c:394:6:czlon3R	8	static
../Core/Src/main.c:399:6:czlon3L	8	static
../Core/Src/main.c:404:6:stopczlon3	8	static
../Core/Src/main.c:411:6:czlon4R	8	static
../Core/Src/main.c:416:6:czlon4L	8	static
../Core/Src/main.c:421:6:stopczlon4	8	static
../Core/Src/main.c:428:6:czlon5R	8	static
../Core/Src/main.c:433:6:czlon5L	8	static
../Core/Src/main.c:438:6:stopczlon5	8	static
../Core/Src/main.c:445:6:LmotorF	8	static
../Core/Src/main.c:450:6:LmotorB	8	static
../Core/Src/main.c:455:6:stopLmotorF	8	static
../Core/Src/main.c:461:6:RmotorF	8	static
../Core/Src/main.c:466:6:RmotorB	8	static
../Core/Src/main.c:471:6:stopRmotorF	8	static
../Core/Src/main.c:479:6:rightside	16	static
../Core/Src/main.c:511:6:leftside	16	static
../Core/Src/main.c:548:6:motor0control	8	static
../Core/Src/main.c:567:6:motor1control	8	static
../Core/Src/main.c:586:6:motor2control	8	static
../Core/Src/main.c:605:6:motor3control	8	static
../Core/Src/main.c:624:6:motor4control	8	static
../Core/Src/main.c:643:6:motor5control	8	static
../Core/Src/main.c:691:6:Error_Handler	4	static,ignoring_inline_asm
