01:25:40 **** Incremental Build of configuration Debug for project Echo ****
make -j12 all 
arm-none-eabi-gcc "../Core/Src/main.c" -mcpu=cortex-m3 -std=gnu11 -g3 -DDEBUG -DUSE_HAL_DRIVER -DSTM32L152xE -c -I../Core/Inc -I../Drivers/STM32L1xx_HAL_Driver/Inc -I../Drivers/STM32L1xx_HAL_Driver/Inc/Legacy -I../Drivers/CMSIS/Device/ST/STM32L1xx/Include -I../Drivers/CMSIS/Include -O0 -ffunction-sections -fdata-sections -Wall -fstack-usage -fcyclomatic-complexity -MMD -MP -MF"Core/Src/main.d" -MT"Core/Src/main.o" --specs=nano.specs -mfloat-abi=soft -mthumb -o "Core/Src/main.o"
arm-none-eabi-gcc -o "Echo.elf" @"objects.list"   -mcpu=cortex-m3 -T"C:\Users\marci\STM32CubeIDE\workspace_1.12.0\Echo\STM32L152RETX_FLASH.ld" --specs=nosys.specs -Wl,-Map="Echo.map" -Wl,--gc-sections -static --specs=nano.specs -mfloat-abi=soft -mthumb -Wl,--start-group -lc -lm -Wl,--end-group
Finished building target: Echo.elf
 
arm-none-eabi-size   Echo.elf 
arm-none-eabi-objdump -h -S  Echo.elf  > "Echo.list"
   text	   data	    bss	    dec	    hex	filename
   8272	     20	   1644	   9936	   26d0	Echo.elf
Finished building: default.size.stdout
 
Finished building: Echo.list
 

01:25:41 Build Finished. 0 errors, 0 warnings. (took 1s.322ms)

