00:29:08 **** Incremental Build of configuration Debug for project Enkoder ****
make -j12 all 
arm-none-eabi-gcc "../Core/Src/main.c" -mcpu=cortex-m3 -std=gnu11 -g3 -DDEBUG -DUSE_HAL_DRIVER -DSTM32L152xE -c -I../Core/Inc -I../Drivers/STM32L1xx_HAL_Driver/Inc -I../Drivers/STM32L1xx_HAL_Driver/Inc/Legacy -I../Drivers/CMSIS/Device/ST/STM32L1xx/Include -I../Drivers/CMSIS/Include -O0 -ffunction-sections -fdata-sections -Wall -fstack-usage -fcyclomatic-complexity -MMD -MP -MF"Core/Src/main.d" -MT"Core/Src/main.o" --specs=nano.specs -mfloat-abi=soft -mthumb -o "Core/Src/main.o"
arm-none-eabi-gcc -o "Enkoder.elf" @"objects.list"   -mcpu=cortex-m3 -T"D:\GitHub\Manipulator-\STM32\Enkoder\STM32L152RETX_FLASH.ld" --specs=nosys.specs -Wl,-Map="Enkoder.map" -Wl,--gc-sections -static --specs=nano.specs -mfloat-abi=soft -mthumb -Wl,--start-group -lc -lm -Wl,--end-group
Finished building target: Enkoder.elf
 
arm-none-eabi-size   Enkoder.elf 
arm-none-eabi-objdump -h -S  Enkoder.elf  > "Enkoder.list"
   text	   data	    bss	    dec	    hex	filename
   8028	     24	   1664	   9716	   25f4	Enkoder.elf
Finished building: default.size.stdout
 
Finished building: Enkoder.list
 

00:29:09 Build Finished. 0 errors, 0 warnings. (took 740ms)

