18:21:15 **** Incremental Build of configuration Debug for project nadajnik2 ****
make -j12 all 
arm-none-eabi-gcc "../Core/Src/main.c" -mcpu=cortex-m3 -std=gnu11 -g3 -DDEBUG -DUSE_HAL_DRIVER -DSTM32F103x6 -c -I../Core/Inc -I../Drivers/STM32F1xx_HAL_Driver/Inc -I../Drivers/STM32F1xx_HAL_Driver/Inc/Legacy -I../Drivers/CMSIS/Device/ST/STM32F1xx/Include -I../Drivers/CMSIS/Include -I../USB_DEVICE/App -I../USB_DEVICE/Target -I../Middlewares/ST/STM32_USB_Device_Library/Core/Inc -I../Middlewares/ST/STM32_USB_Device_Library/Class/CDC/Inc -O0 -ffunction-sections -fdata-sections -Wall -fstack-usage -fcyclomatic-complexity -MMD -MP -MF"Core/Src/main.d" -MT"Core/Src/main.o" --specs=nano.specs -mfloat-abi=soft -mthumb -o "Core/Src/main.o"
arm-none-eabi-gcc -o "nadajnik2.elf" @"objects.list"   -mcpu=cortex-m3 -T"C:\Users\marci\STM32CubeIDE\workspace_1.12.0\nadajnik2\STM32F103C6TX_FLASH.ld" --specs=nosys.specs -Wl,-Map="nadajnik2.map" -Wl,--gc-sections -static --specs=nano.specs -mfloat-abi=soft -mthumb -Wl,--start-group -lc -lm -Wl,--end-group
Finished building target: nadajnik2.elf
 
arm-none-eabi-size   nadajnik2.elf 
arm-none-eabi-objdump -h -S  nadajnik2.elf  > "nadajnik2.list"
   text	   data	    bss	    dec	    hex	filename
  30740	    388	   6228	  37356	   91ec	nadajnik2.elf
Finished building: default.size.stdout
 
Finished building: nadajnik2.list
 

18:21:17 Build Finished. 0 errors, 0 warnings. (took 1s.587ms)

