18:28:47 **** Incremental Build of configuration Debug for project nadajnikmaniV2 ****
make -j12 all 
arm-none-eabi-gcc "../Core/Src/main.c" -mcpu=cortex-m3 -std=gnu11 -g3 -DDEBUG -DUSE_HAL_DRIVER -DSTM32L152xE -c -I../Core/Inc -IC:/Users/marci/STM32Cube/Repository/STM32Cube_FW_L1_V1.10.4/Drivers/STM32L1xx_HAL_Driver/Inc -IC:/Users/marci/STM32Cube/Repository/STM32Cube_FW_L1_V1.10.4/Drivers/STM32L1xx_HAL_Driver/Inc/Legacy -IC:/Users/marci/STM32Cube/Repository/STM32Cube_FW_L1_V1.10.4/Drivers/CMSIS/Device/ST/STM32L1xx/Include -IC:/Users/marci/STM32Cube/Repository/STM32Cube_FW_L1_V1.10.4/Drivers/CMSIS/Include -O0 -ffunction-sections -fdata-sections -Wall -fstack-usage -fcyclomatic-complexity -MMD -MP -MF"Core/Src/main.d" -MT"Core/Src/main.o" --specs=nano.specs -mfloat-abi=soft -mthumb -o "Core/Src/main.o"
../Core/Src/main.c: In function 'main':
../Core/Src/main.c:101:24: warning: pointer targets in passing argument 2 of 'nRF24_SetRXAddress' differ in signedness [-Wpointer-sign]
  101 |   nRF24_SetRXAddress(0,"Nad");
      |                        ^~~~~
      |                        |
      |                        char *
In file included from ../Core/Src/main.c:29:
../Core/Inc/nRF24.h:36:48: note: expected 'uint8_t *' {aka 'unsigned char *'} but argument is of type 'char *'
   36 | void nRF24_SetRXAddress(uint8_t pipe, uint8_t* address); // Remember to define RX address before TX
      |                                       ~~~~~~~~~^~~~~~~
../Core/Src/main.c:102:22: warning: pointer targets in passing argument 1 of 'nRF24_SetTXAddress' differ in signedness [-Wpointer-sign]
  102 |   nRF24_SetTXAddress("Odb");
      |                      ^~~~~
      |                      |
      |                      char *
In file included from ../Core/Src/main.c:29:
../Core/Inc/nRF24.h:37:34: note: expected 'uint8_t *' {aka 'unsigned char *'} but argument is of type 'char *'
   37 | void nRF24_SetTXAddress(uint8_t* address);
      |                         ~~~~~~~~~^~~~~~~
arm-none-eabi-gcc -o "nadajnikmaniV2.elf" @"objects.list"   -mcpu=cortex-m3 -T"C:\Users\marci\STM32CubeIDE\workspace_1.12.0\nadajnikmaniV2\STM32L152RETX_FLASH.ld" --specs=nosys.specs -Wl,-Map="nadajnikmaniV2.map" -Wl,--gc-sections -static --specs=nano.specs -mfloat-abi=soft -mthumb -Wl,--start-group -lc -lm -Wl,--end-group
Finished building target: nadajnikmaniV2.elf
 
arm-none-eabi-size   nadajnikmaniV2.elf 
arm-none-eabi-objdump -h -S  nadajnikmaniV2.elf  > "nadajnikmaniV2.list"
   text	   data	    bss	    dec	    hex	filename
  16856	     20	   1892	  18768	   4950	nadajnikmaniV2.elf
Finished building: default.size.stdout
 
Finished building: nadajnikmaniV2.list
 

18:28:48 Build Finished. 0 errors, 2 warnings. (took 802ms)

