19:28:35 **** Incremental Build of configuration Debug for project nrfstm ****
make -j12 all 
arm-none-eabi-gcc "../Core/Src/main.c" -mcpu=cortex-m3 -std=gnu11 -g3 -DDEBUG -DUSE_HAL_DRIVER -DSTM32F103x6 -c -I../Core/Inc -I../Drivers/STM32F1xx_HAL_Driver/Inc/Legacy -I../Drivers/STM32F1xx_HAL_Driver/Inc -I../Drivers/CMSIS/Device/ST/STM32F1xx/Include -I../Drivers/CMSIS/Include -O0 -ffunction-sections -fdata-sections -Wall -fstack-usage -fcyclomatic-complexity -MMD -MP -MF"Core/Src/main.d" -MT"Core/Src/main.o" --specs=nano.specs -mfloat-abi=soft -mthumb -o "Core/Src/main.o"
arm-none-eabi-gcc -o "nrfstm.elf" @"objects.list"   -mcpu=cortex-m3 -T"C:\Users\marci\STM32CubeIDE\workspace_1.12.0\nrfstm\STM32F103C6TX_FLASH.ld" --specs=nosys.specs -Wl,-Map="nrfstm.map" -Wl,--gc-sections -static --specs=nano.specs -mfloat-abi=soft -mthumb -Wl,--start-group -lc -lm -Wl,--end-group
Finished building target: nrfstm.elf
 
arm-none-eabi-size   nrfstm.elf 
arm-none-eabi-objdump -h -S  nrfstm.elf  > "nrfstm.list"
   text	   data	    bss	    dec	    hex	filename
   9556	     36	   1732	  11324	   2c3c	nrfstm.elf
Finished building: default.size.stdout
 
Finished building: nrfstm.list
 

19:28:35 Build Finished. 0 errors, 0 warnings. (took 756ms)

