19:57:03 **** Incremental Build of configuration Debug for project odbiornik ****
make -j12 all 
arm-none-eabi-gcc "../Core/Src/main.c" -mcpu=cortex-m3 -std=gnu11 -g3 -DDEBUG -DUSE_HAL_DRIVER -DSTM32L152xE -c -I../Core/Inc -I../Drivers/STM32L1xx_HAL_Driver/Inc -I../Drivers/STM32L1xx_HAL_Driver/Inc/Legacy -I../Drivers/CMSIS/Device/ST/STM32L1xx/Include -I../Drivers/CMSIS/Include -O0 -ffunction-sections -fdata-sections -Wall -fstack-usage -fcyclomatic-complexity -MMD -MP -MF"Core/Src/main.d" -MT"Core/Src/main.o" --specs=nano.specs -mfloat-abi=soft -mthumb -o "Core/Src/main.o"
arm-none-eabi-gcc -o "odbiornik.elf" @"objects.list"   -mcpu=cortex-m3 -T"C:\Users\marci\STM32CubeIDE\workspace_1.12.0\odbiornik\STM32L152RETX_FLASH.ld" --specs=nosys.specs -Wl,-Map="odbiornik.map" -Wl,--gc-sections -static --specs=nano.specs -mfloat-abi=soft -mthumb -Wl,--start-group -lc -lm -Wl,--end-group
Finished building target: odbiornik.elf
 
arm-none-eabi-size   odbiornik.elf 
arm-none-eabi-objdump -h -S  odbiornik.elf  > "odbiornik.list"
   text	   data	    bss	    dec	    hex	filename
  15276	     20	   1812	  17108	   42d4	odbiornik.elf
Finished building: default.size.stdout
 
Finished building: odbiornik.list
 

19:57:04 Build Finished. 0 errors, 0 warnings. (took 1s.163ms)

