20:06:21 **** Incremental Build of configuration Debug for project odbiornikmani ****
make -j12 all 
arm-none-eabi-gcc "../Core/Src/main.c" -mcpu=cortex-m3 -std=gnu11 -g3 -DDEBUG -DUSE_HAL_DRIVER -DSTM32F103x6 -c -I../Core/Inc -I../Drivers/STM32F1xx_HAL_Driver/Inc -I../Drivers/STM32F1xx_HAL_Driver/Inc/Legacy -I../Drivers/CMSIS/Device/ST/STM32F1xx/Include -I../Drivers/CMSIS/Include -O0 -ffunction-sections -fdata-sections -Wall -fstack-usage -fcyclomatic-complexity -MMD -MP -MF"Core/Src/main.d" -MT"Core/Src/main.o" --specs=nano.specs -mfloat-abi=soft -mthumb -o "Core/Src/main.o"
../Core/Src/main.c: In function 'main':
../Core/Src/main.c:111:25: warning: pointer targets in passing argument 2 of 'nRF24_SetRXAddress' differ in signedness [-Wpointer-sign]
  111 |   nRF24_SetRXAddress(0, "Odb");
      |                         ^~~~~
      |                         |
      |                         char *
In file included from ../Core/Src/main.c:28:
../Core/Inc/nRF24.h:36:48: note: expected 'uint8_t *' {aka 'unsigned char *'} but argument is of type 'char *'
   36 | void nRF24_SetRXAddress(uint8_t pipe, uint8_t* address); // Remember to define RX address before TX
      |                                       ~~~~~~~~~^~~~~~~
../Core/Src/main.c:112:22: warning: pointer targets in passing argument 1 of 'nRF24_SetTXAddress' differ in signedness [-Wpointer-sign]
  112 |   nRF24_SetTXAddress("Nad");
      |                      ^~~~~
      |                      |
      |                      char *
In file included from ../Core/Src/main.c:28:
../Core/Inc/nRF24.h:37:34: note: expected 'uint8_t *' {aka 'unsigned char *'} but argument is of type 'char *'
   37 | void nRF24_SetTXAddress(uint8_t* address);
      |                         ~~~~~~~~~^~~~~~~
../Core/Src/main.c:148:27: warning: pointer targets in passing argument 2 of 'nRF24_SetRXAddress' differ in signedness [-Wpointer-sign]
  148 |     nRF24_SetRXAddress(0, "Odb");
      |                           ^~~~~
      |                           |
      |                           char *
In file included from ../Core/Src/main.c:28:
../Core/Inc/nRF24.h:36:48: note: expected 'uint8_t *' {aka 'unsigned char *'} but argument is of type 'char *'
   36 | void nRF24_SetRXAddress(uint8_t pipe, uint8_t* address); // Remember to define RX address before TX
      |                                       ~~~~~~~~~^~~~~~~
../Core/Src/main.c:149:24: warning: pointer targets in passing argument 1 of 'nRF24_SetTXAddress' differ in signedness [-Wpointer-sign]
  149 |     nRF24_SetTXAddress("Nad");
      |                        ^~~~~
      |                        |
      |                        char *
In file included from ../Core/Src/main.c:28:
../Core/Inc/nRF24.h:37:34: note: expected 'uint8_t *' {aka 'unsigned char *'} but argument is of type 'char *'
   37 | void nRF24_SetTXAddress(uint8_t* address);
      |                         ~~~~~~~~~^~~~~~~
arm-none-eabi-gcc -o "odbiornikmani.elf" @"objects.list"   -mcpu=cortex-m3 -T"C:\Users\marci\STM32CubeIDE\workspace_1.12.0\odbiornikmani\STM32F103C6TX_FLASH.ld" --specs=nosys.specs -Wl,-Map="odbiornikmani.map" -Wl,--gc-sections -static --specs=nano.specs -mfloat-abi=soft -mthumb -Wl,--start-group -lc -lm -Wl,--end-group
Finished building target: odbiornikmani.elf
 
arm-none-eabi-size   odbiornikmani.elf 
arm-none-eabi-objdump -h -S  odbiornikmani.elf  > "odbiornikmani.list"
   text	   data	    bss	    dec	    hex	filename
  13364	     20	   1756	  15140	   3b24	odbiornikmani.elf
Finished building: default.size.stdout
 
Finished building: odbiornikmani.list
 

20:06:22 Build Finished. 0 errors, 4 warnings. (took 1s.209ms)

