../Core/Src/main.c:121:5:main	16	static
../Core/Src/main.c:416:6:SystemClock_Config	80	static
../Core/Src/main.c:457:10:map	16	static
../Core/Src/main.c:461:6:PWMval	16	static
../Core/Src/main.c:491:6:podstR	8	static
../Core/Src/main.c:497:6:podstL	8	static
../Core/Src/main.c:503:6:stoppodst	8	static
../Core/Src/main.c:510:6:czlon1R	8	static
../Core/Src/main.c:515:6:czlon1L	8	static
../Core/Src/main.c:520:6:stopczlon1	8	static
../Core/Src/main.c:527:6:czlon2R	8	static
../Core/Src/main.c:532:6:czlon2L	8	static
../Core/Src/main.c:537:6:stopczlon2	8	static
../Core/Src/main.c:544:6:czlon3R	8	static
../Core/Src/main.c:549:6:czlon3L	8	static
../Core/Src/main.c:554:6:stopczlon3	8	static
../Core/Src/main.c:561:6:czlon4R	8	static
../Core/Src/main.c:566:6:czlon4L	8	static
../Core/Src/main.c:571:6:stopczlon4	8	static
../Core/Src/main.c:578:6:czlon5R	8	static
../Core/Src/main.c:583:6:czlon5L	8	static
../Core/Src/main.c:588:6:stopczlon5	8	static
../Core/Src/main.c:595:6:LmotorF	8	static
../Core/Src/main.c:600:6:LmotorB	8	static
../Core/Src/main.c:606:6:RmotorF	8	static
../Core/Src/main.c:611:6:RmotorB	8	static
../Core/Src/main.c:619:6:stopjazdaR	8	static
../Core/Src/main.c:641:6:stopjazdaL	8	static
../Core/Src/main.c:663:6:rightside	16	static
../Core/Src/main.c:694:6:leftside	16	static
../Core/Src/main.c:730:6:servox	24	static
../Core/Src/main.c:742:6:servoy	24	static
../Core/Src/main.c:756:6:motor0control	8	static
../Core/Src/main.c:774:6:motor1control	8	static
../Core/Src/main.c:792:6:motor2control	8	static
../Core/Src/main.c:810:6:motor3control	8	static
../Core/Src/main.c:828:6:motor4control	8	static
../Core/Src/main.c:846:6:motor5control	8	static
../Core/Src/main.c:893:6:Error_Handler	4	static,ignoring_inline_asm
