../Core/Src/main.c:123:5:main	16	static
../Core/Src/main.c:450:6:SystemClock_Config	80	static
../Core/Src/main.c:491:10:map	16	static
../Core/Src/main.c:495:6:PWMval	16	static
../Core/Src/main.c:525:6:podstR	8	static
../Core/Src/main.c:531:6:podstL	8	static
../Core/Src/main.c:537:6:stoppodst	8	static
../Core/Src/main.c:544:6:czlon1R	8	static
../Core/Src/main.c:549:6:czlon1L	8	static
../Core/Src/main.c:554:6:stopczlon1	8	static
../Core/Src/main.c:561:6:czlon2R	8	static
../Core/Src/main.c:566:6:czlon2L	8	static
../Core/Src/main.c:571:6:stopczlon2	8	static
../Core/Src/main.c:578:6:czlon3R	8	static
../Core/Src/main.c:583:6:czlon3L	8	static
../Core/Src/main.c:588:6:stopczlon3	8	static
../Core/Src/main.c:595:6:czlon4R	8	static
../Core/Src/main.c:600:6:czlon4L	8	static
../Core/Src/main.c:605:6:stopczlon4	8	static
../Core/Src/main.c:612:6:czlon5R	8	static
../Core/Src/main.c:617:6:czlon5L	8	static
../Core/Src/main.c:622:6:stopczlon5	8	static
../Core/Src/main.c:629:6:LmotorF	8	static
../Core/Src/main.c:634:6:LmotorB	8	static
../Core/Src/main.c:640:6:RmotorF	8	static
../Core/Src/main.c:645:6:RmotorB	8	static
../Core/Src/main.c:653:6:stopjazdaR	8	static
../Core/Src/main.c:675:6:stopjazdaL	8	static
../Core/Src/main.c:697:6:rightside	16	static
../Core/Src/main.c:728:6:leftside	16	static
../Core/Src/main.c:764:6:servox	24	static
../Core/Src/main.c:776:6:servoy	24	static
../Core/Src/main.c:790:6:motor0control	8	static
../Core/Src/main.c:808:6:motor1control	8	static
../Core/Src/main.c:826:6:motor2control	8	static
../Core/Src/main.c:844:6:motor3control	8	static
../Core/Src/main.c:862:6:motor4control	8	static
../Core/Src/main.c:880:6:motor5control	8	static
../Core/Src/main.c:927:6:Error_Handler	4	static,ignoring_inline_asm
