../Core/Src/main.c:114:5:main	8	static
../Core/Src/main.c:347:6:SystemClock_Config	80	static
../Core/Src/main.c:388:10:map	16	static
../Core/Src/main.c:392:6:PWMval	16	static
../Core/Src/main.c:422:6:podstR	8	static
../Core/Src/main.c:428:6:podstL	8	static
../Core/Src/main.c:434:6:stoppodst	8	static
../Core/Src/main.c:441:6:czlon1R	8	static
../Core/Src/main.c:446:6:czlon1L	8	static
../Core/Src/main.c:451:6:stopczlon1	8	static
../Core/Src/main.c:458:6:czlon2R	8	static
../Core/Src/main.c:463:6:czlon2L	8	static
../Core/Src/main.c:468:6:stopczlon2	8	static
../Core/Src/main.c:475:6:czlon3R	8	static
../Core/Src/main.c:480:6:czlon3L	8	static
../Core/Src/main.c:485:6:stopczlon3	8	static
../Core/Src/main.c:492:6:czlon4R	8	static
../Core/Src/main.c:497:6:czlon4L	8	static
../Core/Src/main.c:502:6:stopczlon4	8	static
../Core/Src/main.c:509:6:czlon5R	8	static
../Core/Src/main.c:514:6:czlon5L	8	static
../Core/Src/main.c:519:6:stopczlon5	8	static
../Core/Src/main.c:526:6:LmotorF	8	static
../Core/Src/main.c:531:6:LmotorB	8	static
../Core/Src/main.c:536:6:stopLmotorF	8	static
../Core/Src/main.c:542:6:RmotorF	8	static
../Core/Src/main.c:547:6:RmotorB	8	static
../Core/Src/main.c:552:6:stopRmotorF	8	static
../Core/Src/main.c:560:6:stopjazdaR	8	static
../Core/Src/main.c:582:6:stopjazdaL	8	static
../Core/Src/main.c:604:6:rightside	16	static
../Core/Src/main.c:635:6:leftside	16	static
../Core/Src/main.c:672:6:motor0control	8	static
../Core/Src/main.c:690:6:motor1control	8	static
../Core/Src/main.c:708:6:motor2control	8	static
../Core/Src/main.c:726:6:motor3control	8	static
../Core/Src/main.c:744:6:motor4control	8	static
../Core/Src/main.c:762:6:motor5control	8	static
../Core/Src/main.c:809:6:Error_Handler	4	static,ignoring_inline_asm
