../Core/Src/main.c:125:5:main	16	static
../Core/Src/main.c:570:6:SystemClock_Config	80	static
../Core/Src/main.c:611:10:map	16	static
../Core/Src/main.c:616:6:PWMval	16	static
../Core/Src/main.c:644:6:podstR	8	static
../Core/Src/main.c:649:6:podstL	8	static
../Core/Src/main.c:654:6:stoppodst	8	static
../Core/Src/main.c:660:6:czlon1R	8	static
../Core/Src/main.c:664:6:czlon1L	8	static
../Core/Src/main.c:668:6:stopczlon1	8	static
../Core/Src/main.c:674:6:czlon2R	8	static
../Core/Src/main.c:678:6:czlon2L	8	static
../Core/Src/main.c:682:6:stopczlon2	8	static
../Core/Src/main.c:688:6:czlon3R	8	static
../Core/Src/main.c:692:6:czlon3L	8	static
../Core/Src/main.c:696:6:stopczlon3	8	static
../Core/Src/main.c:702:6:czlon4R	8	static
../Core/Src/main.c:706:6:czlon4L	8	static
../Core/Src/main.c:710:6:stopczlon4	8	static
../Core/Src/main.c:716:6:czlon5R	8	static
../Core/Src/main.c:720:6:czlon5L	8	static
../Core/Src/main.c:724:6:stopczlon5	8	static
../Core/Src/main.c:730:6:LmotorF	8	static
../Core/Src/main.c:734:6:LmotorB	8	static
../Core/Src/main.c:739:6:RmotorF	8	static
../Core/Src/main.c:743:6:RmotorB	8	static
../Core/Src/main.c:748:6:stopjazdaR	8	static
../Core/Src/main.c:763:6:stopjazdaL	8	static
../Core/Src/main.c:778:6:rightside	16	static
../Core/Src/main.c:798:6:leftside	16	static
../Core/Src/main.c:821:6:servox	24	static
../Core/Src/main.c:834:6:servox0	4	static
../Core/Src/main.c:838:6:servoy	24	static
../Core/Src/main.c:844:6:servoy0	4	static
../Core/Src/main.c:849:6:motor0control	8	static
../Core/Src/main.c:861:6:motor1control	8	static
../Core/Src/main.c:873:6:motor2control	8	static
../Core/Src/main.c:885:6:motor3control	8	static
../Core/Src/main.c:897:6:motor4control	8	static
../Core/Src/main.c:909:6:motor5control	8	static
../Core/Src/main.c:949:6:Error_Handler	4	static,ignoring_inline_asm
