../Core/Src/main.c:119:5:main	16	static
../Core/Src/main.c:518:6:SystemClock_Config	80	static
../Core/Src/main.c:559:10:map	16	static
../Core/Src/main.c:564:6:PWMval	16	static
../Core/Src/main.c:592:6:podstR	8	static
../Core/Src/main.c:597:6:podstL	8	static
../Core/Src/main.c:602:6:stoppodst	8	static
../Core/Src/main.c:608:6:czlon1R	8	static
../Core/Src/main.c:612:6:czlon1L	8	static
../Core/Src/main.c:616:6:stopczlon1	8	static
../Core/Src/main.c:622:6:czlon2R	8	static
../Core/Src/main.c:626:6:czlon2L	8	static
../Core/Src/main.c:630:6:stopczlon2	8	static
../Core/Src/main.c:636:6:czlon3R	8	static
../Core/Src/main.c:640:6:czlon3L	8	static
../Core/Src/main.c:644:6:stopczlon3	8	static
../Core/Src/main.c:650:6:czlon4R	8	static
../Core/Src/main.c:654:6:czlon4L	8	static
../Core/Src/main.c:658:6:stopczlon4	8	static
../Core/Src/main.c:664:6:czlon5R	8	static
../Core/Src/main.c:668:6:czlon5L	8	static
../Core/Src/main.c:672:6:stopczlon5	8	static
../Core/Src/main.c:678:6:LmotorF	8	static
../Core/Src/main.c:682:6:LmotorB	8	static
../Core/Src/main.c:687:6:RmotorF	8	static
../Core/Src/main.c:691:6:RmotorB	8	static
../Core/Src/main.c:696:6:stopjazdaR	8	static
../Core/Src/main.c:711:6:stopjazdaL	8	static
../Core/Src/main.c:726:6:rightside	16	static
../Core/Src/main.c:746:6:leftside	16	static
../Core/Src/main.c:769:6:servox	24	static
../Core/Src/main.c:782:6:servox0	4	static
../Core/Src/main.c:786:6:servoy	24	static
../Core/Src/main.c:792:6:servoy0	4	static
../Core/Src/main.c:797:6:motor0control	8	static
../Core/Src/main.c:809:6:motor1control	8	static
../Core/Src/main.c:821:6:motor2control	8	static
../Core/Src/main.c:833:6:motor3control	8	static
../Core/Src/main.c:845:6:motor4control	8	static
../Core/Src/main.c:857:6:motor5control	8	static
../Core/Src/main.c:897:6:Error_Handler	4	static,ignoring_inline_asm
