../Core/Src/main.c:121:5:main	16	static
../Core/Src/main.c:413:6:SystemClock_Config	80	static
../Core/Src/main.c:454:10:map	16	static
../Core/Src/main.c:458:6:PWMval	16	static
../Core/Src/main.c:488:6:podstR	8	static
../Core/Src/main.c:494:6:podstL	8	static
../Core/Src/main.c:500:6:stoppodst	8	static
../Core/Src/main.c:507:6:czlon1R	8	static
../Core/Src/main.c:512:6:czlon1L	8	static
../Core/Src/main.c:517:6:stopczlon1	8	static
../Core/Src/main.c:524:6:czlon2R	8	static
../Core/Src/main.c:529:6:czlon2L	8	static
../Core/Src/main.c:534:6:stopczlon2	8	static
../Core/Src/main.c:541:6:czlon3R	8	static
../Core/Src/main.c:546:6:czlon3L	8	static
../Core/Src/main.c:551:6:stopczlon3	8	static
../Core/Src/main.c:558:6:czlon4R	8	static
../Core/Src/main.c:563:6:czlon4L	8	static
../Core/Src/main.c:568:6:stopczlon4	8	static
../Core/Src/main.c:575:6:czlon5R	8	static
../Core/Src/main.c:580:6:czlon5L	8	static
../Core/Src/main.c:585:6:stopczlon5	8	static
../Core/Src/main.c:592:6:LmotorF	8	static
../Core/Src/main.c:597:6:LmotorB	8	static
../Core/Src/main.c:603:6:RmotorF	8	static
../Core/Src/main.c:608:6:RmotorB	8	static
../Core/Src/main.c:616:6:stopjazdaR	8	static
../Core/Src/main.c:638:6:stopjazdaL	8	static
../Core/Src/main.c:660:6:rightside	16	static
../Core/Src/main.c:691:6:leftside	16	static
../Core/Src/main.c:726:6:servox	24	static
../Core/Src/main.c:738:6:servoy	24	static
../Core/Src/main.c:752:6:motor0control	8	static
../Core/Src/main.c:770:6:motor1control	8	static
../Core/Src/main.c:788:6:motor2control	8	static
../Core/Src/main.c:806:6:motor3control	8	static
../Core/Src/main.c:824:6:motor4control	8	static
../Core/Src/main.c:842:6:motor5control	8	static
../Core/Src/main.c:889:6:Error_Handler	4	static,ignoring_inline_asm
