../Core/Src/main.c:117:5:main	16	static
../Core/Src/main.c:427:6:SystemClock_Config	80	static
../Core/Src/main.c:468:10:map	16	static
../Core/Src/main.c:473:6:PWMval	16	static
../Core/Src/main.c:501:6:podstR	8	static
../Core/Src/main.c:506:6:podstL	8	static
../Core/Src/main.c:511:6:stoppodst	8	static
../Core/Src/main.c:517:6:czlon1R	8	static
../Core/Src/main.c:521:6:czlon1L	8	static
../Core/Src/main.c:525:6:stopczlon1	8	static
../Core/Src/main.c:531:6:czlon2R	8	static
../Core/Src/main.c:535:6:czlon2L	8	static
../Core/Src/main.c:539:6:stopczlon2	8	static
../Core/Src/main.c:545:6:czlon3R	8	static
../Core/Src/main.c:549:6:czlon3L	8	static
../Core/Src/main.c:553:6:stopczlon3	8	static
../Core/Src/main.c:559:6:czlon4R	8	static
../Core/Src/main.c:563:6:czlon4L	8	static
../Core/Src/main.c:567:6:stopczlon4	8	static
../Core/Src/main.c:573:6:czlon5R	8	static
../Core/Src/main.c:577:6:czlon5L	8	static
../Core/Src/main.c:581:6:stopczlon5	8	static
../Core/Src/main.c:587:6:LmotorF	8	static
../Core/Src/main.c:591:6:LmotorB	8	static
../Core/Src/main.c:596:6:RmotorF	8	static
../Core/Src/main.c:600:6:RmotorB	8	static
../Core/Src/main.c:605:6:stopjazdaR	8	static
../Core/Src/main.c:620:6:stopjazdaL	8	static
../Core/Src/main.c:635:6:rightside	16	static
../Core/Src/main.c:655:6:leftside	16	static
../Core/Src/main.c:678:6:servox	24	static
../Core/Src/main.c:688:6:servox0	4	static
../Core/Src/main.c:692:6:servoy	24	static
../Core/Src/main.c:698:6:servoy0	4	static
../Core/Src/main.c:703:6:motor0control	8	static
../Core/Src/main.c:715:6:motor1control	8	static
../Core/Src/main.c:727:6:motor2control	8	static
../Core/Src/main.c:739:6:motor3control	8	static
../Core/Src/main.c:751:6:motor4control	8	static
../Core/Src/main.c:763:6:motor5control	8	static
../Core/Src/main.c:803:6:Error_Handler	4	static,ignoring_inline_asm
