../Core/Src/main.c:114:5:main	8	static
../Core/Src/main.c:346:6:SystemClock_Config	80	static
../Core/Src/main.c:387:10:map	16	static
../Core/Src/main.c:391:6:PWMval	16	static
../Core/Src/main.c:421:6:podstR	8	static
../Core/Src/main.c:427:6:podstL	8	static
../Core/Src/main.c:433:6:stoppodst	8	static
../Core/Src/main.c:440:6:czlon1R	8	static
../Core/Src/main.c:445:6:czlon1L	8	static
../Core/Src/main.c:450:6:stopczlon1	8	static
../Core/Src/main.c:457:6:czlon2R	8	static
../Core/Src/main.c:462:6:czlon2L	8	static
../Core/Src/main.c:467:6:stopczlon2	8	static
../Core/Src/main.c:474:6:czlon3R	8	static
../Core/Src/main.c:479:6:czlon3L	8	static
../Core/Src/main.c:484:6:stopczlon3	8	static
../Core/Src/main.c:491:6:czlon4R	8	static
../Core/Src/main.c:496:6:czlon4L	8	static
../Core/Src/main.c:501:6:stopczlon4	8	static
../Core/Src/main.c:508:6:czlon5R	8	static
../Core/Src/main.c:513:6:czlon5L	8	static
../Core/Src/main.c:518:6:stopczlon5	8	static
../Core/Src/main.c:525:6:LmotorF	8	static
../Core/Src/main.c:530:6:LmotorB	8	static
../Core/Src/main.c:536:6:RmotorF	8	static
../Core/Src/main.c:541:6:RmotorB	8	static
../Core/Src/main.c:549:6:stopjazdaR	8	static
../Core/Src/main.c:571:6:stopjazdaL	8	static
../Core/Src/main.c:593:6:rightside	16	static
../Core/Src/main.c:624:6:leftside	16	static
../Core/Src/main.c:661:6:motor0control	8	static
../Core/Src/main.c:679:6:motor1control	8	static
../Core/Src/main.c:697:6:motor2control	8	static
../Core/Src/main.c:715:6:motor3control	8	static
../Core/Src/main.c:733:6:motor4control	8	static
../Core/Src/main.c:751:6:motor5control	8	static
../Core/Src/main.c:798:6:Error_Handler	4	static,ignoring_inline_asm
