../Core/Src/main.c:124:5:main	16	static
../Core/Src/main.c:451:6:SystemClock_Config	80	static
../Core/Src/main.c:492:10:map	16	static
../Core/Src/main.c:496:6:PWMval	16	static
../Core/Src/main.c:526:6:podstR	8	static
../Core/Src/main.c:532:6:podstL	8	static
../Core/Src/main.c:538:6:stoppodst	8	static
../Core/Src/main.c:545:6:czlon1R	8	static
../Core/Src/main.c:550:6:czlon1L	8	static
../Core/Src/main.c:555:6:stopczlon1	8	static
../Core/Src/main.c:562:6:czlon2R	8	static
../Core/Src/main.c:567:6:czlon2L	8	static
../Core/Src/main.c:572:6:stopczlon2	8	static
../Core/Src/main.c:579:6:czlon3R	8	static
../Core/Src/main.c:584:6:czlon3L	8	static
../Core/Src/main.c:589:6:stopczlon3	8	static
../Core/Src/main.c:596:6:czlon4R	8	static
../Core/Src/main.c:601:6:czlon4L	8	static
../Core/Src/main.c:606:6:stopczlon4	8	static
../Core/Src/main.c:613:6:czlon5R	8	static
../Core/Src/main.c:618:6:czlon5L	8	static
../Core/Src/main.c:623:6:stopczlon5	8	static
../Core/Src/main.c:630:6:LmotorF	8	static
../Core/Src/main.c:635:6:LmotorB	8	static
../Core/Src/main.c:641:6:RmotorF	8	static
../Core/Src/main.c:646:6:RmotorB	8	static
../Core/Src/main.c:654:6:stopjazdaR	8	static
../Core/Src/main.c:676:6:stopjazdaL	8	static
../Core/Src/main.c:698:6:rightside	16	static
../Core/Src/main.c:729:6:leftside	16	static
../Core/Src/main.c:765:6:servox	24	static
../Core/Src/main.c:777:6:servoy	24	static
../Core/Src/main.c:791:6:motor0control	8	static
../Core/Src/main.c:809:6:motor1control	8	static
../Core/Src/main.c:827:6:motor2control	8	static
../Core/Src/main.c:845:6:motor3control	8	static
../Core/Src/main.c:863:6:motor4control	8	static
../Core/Src/main.c:881:6:motor5control	8	static
../Core/Src/main.c:928:6:Error_Handler	4	static,ignoring_inline_asm
